Archive member included to satisfy reference by file (symbol)

/usr/lib/gcc/arm-none-eabi/9.2.1/thumb/v6-m/nofp/libgcc.a(_dvmd_tls.o)
                              CMakeFiles/BuzzerExample.dir/mnt/c/Users/champ/Documents/Programming/pico-sdk/src/rp2_common/pico_divider/divider.S.obj (__aeabi_idiv0)
/usr/lib/gcc/arm-none-eabi/9.2.1/../../../arm-none-eabi/lib/thumb/v6-m/nofp/libg.a(lib_a-atexit.o)
                              /usr/lib/gcc/arm-none-eabi/9.2.1/../../../arm-none-eabi/lib/thumb/v6-m/nofp/crt0.o (atexit)
/usr/lib/gcc/arm-none-eabi/9.2.1/../../../arm-none-eabi/lib/thumb/v6-m/nofp/libg.a(lib_a-calloc.o)
                              CMakeFiles/BuzzerExample.dir/mnt/c/Users/champ/Documents/Programming/pico-sdk/src/rp2_common/pico_malloc/pico_malloc.c.obj (calloc)
/usr/lib/gcc/arm-none-eabi/9.2.1/../../../arm-none-eabi/lib/thumb/v6-m/nofp/libg.a(lib_a-callocr.o)
                              /usr/lib/gcc/arm-none-eabi/9.2.1/../../../arm-none-eabi/lib/thumb/v6-m/nofp/libg.a(lib_a-calloc.o) (_calloc_r)
/usr/lib/gcc/arm-none-eabi/9.2.1/../../../arm-none-eabi/lib/thumb/v6-m/nofp/libg.a(lib_a-fini.o)
                              /usr/lib/gcc/arm-none-eabi/9.2.1/../../../arm-none-eabi/lib/thumb/v6-m/nofp/crt0.o (__libc_fini_array)
/usr/lib/gcc/arm-none-eabi/9.2.1/../../../arm-none-eabi/lib/thumb/v6-m/nofp/libg.a(lib_a-impure.o)
                              /usr/lib/gcc/arm-none-eabi/9.2.1/../../../arm-none-eabi/lib/thumb/v6-m/nofp/libg.a(lib_a-calloc.o) (_impure_ptr)
/usr/lib/gcc/arm-none-eabi/9.2.1/../../../arm-none-eabi/lib/thumb/v6-m/nofp/libg.a(lib_a-init.o)
                              /usr/lib/gcc/arm-none-eabi/9.2.1/../../../arm-none-eabi/lib/thumb/v6-m/nofp/crt0.o (__libc_init_array)
/usr/lib/gcc/arm-none-eabi/9.2.1/../../../arm-none-eabi/lib/thumb/v6-m/nofp/libg.a(lib_a-malloc.o)
                              CMakeFiles/BuzzerExample.dir/mnt/c/Users/champ/Documents/Programming/pico-sdk/src/rp2_common/pico_malloc/pico_malloc.c.obj (malloc)
/usr/lib/gcc/arm-none-eabi/9.2.1/../../../arm-none-eabi/lib/thumb/v6-m/nofp/libg.a(lib_a-mallocr.o)
                              /usr/lib/gcc/arm-none-eabi/9.2.1/../../../arm-none-eabi/lib/thumb/v6-m/nofp/libg.a(lib_a-callocr.o) (_malloc_r)
/usr/lib/gcc/arm-none-eabi/9.2.1/../../../arm-none-eabi/lib/thumb/v6-m/nofp/libg.a(lib_a-mlock.o)
                              /usr/lib/gcc/arm-none-eabi/9.2.1/../../../arm-none-eabi/lib/thumb/v6-m/nofp/libg.a(lib_a-mallocr.o) (__malloc_lock)
/usr/lib/gcc/arm-none-eabi/9.2.1/../../../arm-none-eabi/lib/thumb/v6-m/nofp/libg.a(lib_a-sbrkr.o)
                              /usr/lib/gcc/arm-none-eabi/9.2.1/../../../arm-none-eabi/lib/thumb/v6-m/nofp/libg.a(lib_a-mallocr.o) (_sbrk_r)
/usr/lib/gcc/arm-none-eabi/9.2.1/../../../arm-none-eabi/lib/thumb/v6-m/nofp/libg.a(lib_a-strlen-stub.o)
                              CMakeFiles/BuzzerExample.dir/mnt/c/Users/champ/Documents/Programming/pico-sdk/src/rp2_common/pico_stdio/stdio.c.obj (strlen)
/usr/lib/gcc/arm-none-eabi/9.2.1/../../../arm-none-eabi/lib/thumb/v6-m/nofp/libg.a(lib_a-__atexit.o)
                              /usr/lib/gcc/arm-none-eabi/9.2.1/../../../arm-none-eabi/lib/thumb/v6-m/nofp/libg.a(lib_a-atexit.o) (__register_exitproc)
/usr/lib/gcc/arm-none-eabi/9.2.1/../../../arm-none-eabi/lib/thumb/v6-m/nofp/libg.a(lib_a-freer.o)
                              /usr/lib/gcc/arm-none-eabi/9.2.1/../../../arm-none-eabi/lib/thumb/v6-m/nofp/libg.a(lib_a-malloc.o) (_free_r)
/usr/lib/gcc/arm-none-eabi/9.2.1/../../../arm-none-eabi/lib/thumb/v6-m/nofp/libg.a(lib_a-reent.o)
                              /usr/lib/gcc/arm-none-eabi/9.2.1/../../../arm-none-eabi/lib/thumb/v6-m/nofp/libg.a(lib_a-sbrkr.o) (errno)

Allocating common symbols
Common symbol       size              file

sf_table            0x100             CMakeFiles/BuzzerExample.dir/mnt/c/Users/champ/Documents/Programming/pico-sdk/src/rp2_common/pico_float/float_init_rom.c.obj
errno               0x4               /usr/lib/gcc/arm-none-eabi/9.2.1/../../../arm-none-eabi/lib/thumb/v6-m/nofp/libg.a(lib_a-reent.o)
sd_table            0x100             CMakeFiles/BuzzerExample.dir/mnt/c/Users/champ/Documents/Programming/pico-sdk/src/rp2_common/pico_double/double_init_rom.c.obj
uart_char_to_line_feed
                    0x4               CMakeFiles/BuzzerExample.dir/mnt/c/Users/champ/Documents/Programming/pico-sdk/src/rp2_common/hardware_uart/uart.c.obj

Discarded input sections

 .text          0x0000000000000000        0x0 /usr/lib/gcc/arm-none-eabi/9.2.1/thumb/v6-m/nofp/crti.o
 .data          0x0000000000000000        0x0 /usr/lib/gcc/arm-none-eabi/9.2.1/thumb/v6-m/nofp/crti.o
 .bss           0x0000000000000000        0x0 /usr/lib/gcc/arm-none-eabi/9.2.1/thumb/v6-m/nofp/crti.o
 .data          0x0000000000000000        0x4 /usr/lib/gcc/arm-none-eabi/9.2.1/thumb/v6-m/nofp/crtbegin.o
 .fini_array    0x0000000000000000        0x4 /usr/lib/gcc/arm-none-eabi/9.2.1/thumb/v6-m/nofp/crtbegin.o
[...]
Memory Configuration

Name             Origin             Length             Attributes
FLASH            0x0000000010000000 0x0000000000200000 xr
RAM              0x0000000020000000 0x0000000000040000 xrw
SCRATCH_X        0x0000000020040000 0x0000000000001000 xrw
SCRATCH_Y        0x0000000020041000 0x0000000000001000 xrw
*default*        0x0000000000000000 0xffffffffffffffff

Linker script and memory map

LOAD /usr/lib/gcc/arm-none-eabi/9.2.1/thumb/v6-m/nofp/crti.o
LOAD /usr/lib/gcc/arm-none-eabi/9.2.1/thumb/v6-m/nofp/crtbegin.o
LOAD /usr/lib/gcc/arm-none-eabi/9.2.1/../../../arm-none-eabi/lib/thumb/v6-m/nofp/crt0.o

.flash_begin    0x0000000010000000        0x0
                0x0000000010000000                __flash_binary_start = .

.boot2          0x0000000010000000      0x100
                0x0000000010000000                __boot2_start__ = .
 *(.boot2)
 .boot2         0x0000000010000000      0x100 /tmp/cc3NsA66.o
                0x0000000010000100                __boot2_end__ = .
                0x0000000000000001                ASSERT (((__boot2_end__ - __boot2_start__) == 0x100), ERROR: Pico second stage bootloader must be 256 bytes in size)

.text           0x0000000010000100     0x4418
                0x0000000010000100                __logical_binary_start = .
 *(.vectors)
 .vectors       0x0000000010000100       0xd4 CMakeFiles/BuzzerExample.dir/mnt/c/Users/champ/Documents/Programming/pico-sdk/src/rp2_common/pico_standard_link/crt0.S.obj
                0x0000000010000100                __vectors
                0x0000000010000100                __VECTOR_TABLE
                0x00000000100001c0                isr_invalid
                0x00000000100001c0                __default_isrs_start
                0x00000000100001c2                isr_nmi
                0x00000000100001c4                isr_hardfault
                0x00000000100001c6                isr_svcall
                0x00000000100001c8                isr_pendsv
                0x00000000100001ca                isr_systick
                0x00000000100001cc                isr_irq30
                0x00000000100001cc                __unhandled_user_irq
                0x00000000100001cc                isr_irq13
                0x00000000100001cc                isr_irq27
                0x00000000100001cc                isr_irq31
                0x00000000100001cc                isr_irq5
                0x00000000100001cc                isr_irq11
                0x00000000100001cc                isr_irq23
                0x00000000100001cc                isr_irq18
                0x00000000100001cc                isr_irq28
                0x00000000100001cc                isr_irq19
                0x00000000100001cc                isr_irq0
                0x00000000100001cc                isr_irq6
                0x00000000100001cc                isr_irq22
                0x00000000100001cc                isr_irq17
                0x00000000100001cc                isr_irq14
                0x00000000100001cc                isr_irq2
                0x00000000100001cc                isr_irq10
                0x00000000100001cc                isr_irq8
                0x00000000100001cc                isr_irq24
                0x00000000100001cc                isr_irq1
                0x00000000100001cc                isr_irq7
                0x00000000100001cc                isr_irq21
                0x00000000100001cc                isr_irq20
                0x00000000100001cc                isr_irq15
                0x00000000100001cc                isr_irq25
                0x00000000100001cc                isr_irq4
                0x00000000100001cc                isr_irq16
                0x00000000100001cc                isr_irq29
                0x00000000100001cc                isr_irq26
                0x00000000100001cc                __default_isrs_end
                0x00000000100001cc                isr_irq3
                0x00000000100001cc                isr_irq12
                0x00000000100001cc                isr_irq9
                0x00000000100001d2                unhandled_user_irq_num_in_r0
 *(.binary_info_header)
 .binary_info_header
                0x00000000100001d4       0x14 CMakeFiles/BuzzerExample.dir/mnt/c/Users/champ/Documents/Programming/pico-sdk/src/rp2_common/pico_standard_link/crt0.S.obj
                0x00000000100001e8                __binary_info_header_end = .
 *(.reset)
 .reset         0x00000000100001e8       0xa8 CMakeFiles/BuzzerExample.dir/mnt/c/Users/champ/Documents/Programming/pico-sdk/src/rp2_common/pico_standard_link/crt0.S.obj
                0x00000000100001e8                _entry_point
                0x0000000010000266                __get_current_exception
 .reset         0x0000000010000290       0x30 CMakeFiles/BuzzerExample.dir/mnt/c/Users/champ/Documents/Programming/pico-sdk/src/rp2_common/pico_standard_link/binary_info.c.obj
 *(.init)
 .init          0x00000000100002c0        0x4 /usr/lib/gcc/arm-none-eabi/9.2.1/thumb/v6-m/nofp/crti.o
                0x00000000100002c0                _init
 *(EXCLUDE_FILE(*libm.a: *libc.a:*lib_a-mem*.o *libgcc.a:) .text*)
 .text          0x00000000100002c4       0x98 /usr/lib/gcc/arm-none-eabi/9.2.1/thumb/v6-m/nofp/crtbegin.o
 .text.pwm_set_freq_duty
                0x000000001000035c       0xc4 CMakeFiles/BuzzerExample.dir/BuzzerExample.c.obj
                0x000000001000035c                pwm_set_freq_duty
 .text.main     0x0000000010000420       0xb4 CMakeFiles/BuzzerExample.dir/BuzzerExample.c.obj
                0x0000000010000420                main
 .text.gpio_set_function
                0x00000000100004d4       0x30 CMakeFiles/BuzzerExample.dir/mnt/c/Users/champ/Documents/Programming/pico-sdk/src/rp2_common/hardware_gpio/gpio.c.obj
                0x00000000100004d4                gpio_set_function
 .text.gpio_set_pulls
                0x0000000010000504       0x34 CMakeFiles/BuzzerExample.dir/mnt/c/Users/champ/Documents/Programming/pico-sdk/src/rp2_common/hardware_gpio/gpio.c.obj
                0x0000000010000504                gpio_set_pulls
 .text.gpio_init
                0x0000000010000538       0x16 CMakeFiles/BuzzerExample.dir/mnt/c/Users/champ/Documents/Programming/pico-sdk/src/rp2_common/hardware_gpio/gpio.c.obj
                0x0000000010000538                gpio_init
 *fill*         0x000000001000054e        0x2 
 .text.hw_claim_lock
                0x0000000010000550       0x18 CMakeFiles/BuzzerExample.dir/mnt/c/Users/champ/Documents/Programming/pico-sdk/src/rp2_common/hardware_claim/claim.c.obj
                0x0000000010000550                hw_claim_lock
 .text.hw_claim_unlock
                0x0000000010000568       0x14 CMakeFiles/BuzzerExample.dir/mnt/c/Users/champ/Documents/Programming/pico-sdk/src/rp2_common/hardware_claim/claim.c.obj
                0x0000000010000568                hw_claim_unlock
 .text.hw_claim_or_assert
                0x000000001000057c       0x32 CMakeFiles/BuzzerExample.dir/mnt/c/Users/champ/Documents/Programming/pico-sdk/src/rp2_common/hardware_claim/claim.c.obj
                0x000000001000057c                hw_claim_or_assert
 *fill*         0x00000000100005ae        0x2 
 .text.running_on_fpga
                0x00000000100005b0       0x14 CMakeFiles/BuzzerExample.dir/mnt/c/Users/champ/Documents/Programming/pico-sdk/src/rp2_common/pico_platform/platform.c.obj
                0x00000000100005b0                running_on_fpga
 .text.spin_locks_reset
                0x00000000100005c4       0x20 CMakeFiles/BuzzerExample.dir/mnt/c/Users/champ/Documents/Programming/pico-sdk/src/rp2_common/hardware_sync/sync.c.obj
                0x00000000100005c4                spin_locks_reset
 .text.next_striped_spin_lock_num
                0x00000000100005e4       0x1c CMakeFiles/BuzzerExample.dir/mnt/c/Users/champ/Documents/Programming/pico-sdk/src/rp2_common/hardware_sync/sync.c.obj
                0x00000000100005e4                next_striped_spin_lock_num
 .text.uart_set_baudrate
                0x0000000010000600       0x5c CMakeFiles/BuzzerExample.dir/mnt/c/Users/champ/Documents/Programming/pico-sdk/src/rp2_common/hardware_uart/uart.c.obj
                0x0000000010000600                uart_set_baudrate
 .text.uart_set_translate_crlf
                0x000000001000065c       0x28 CMakeFiles/BuzzerExample.dir/mnt/c/Users/champ/Documents/Programming/pico-sdk/src/rp2_common/hardware_uart/uart.c.obj
                0x000000001000065c                uart_set_translate_crlf
 .text.uart_init
                0x0000000010000684       0x80 CMakeFiles/BuzzerExample.dir/mnt/c/Users/champ/Documents/Programming/pico-sdk/src/rp2_common/hardware_uart/uart.c.obj
                0x0000000010000684                uart_init
 .text.alarm_pool_post_alloc_init
                0x0000000010000704       0x40 CMakeFiles/BuzzerExample.dir/mnt/c/Users/champ/Documents/Programming/pico-sdk/src/common/pico_time/time.c.obj
 .text.sleep_until_callback
                0x0000000010000744       0x30 CMakeFiles/BuzzerExample.dir/mnt/c/Users/champ/Documents/Programming/pico-sdk/src/common/pico_time/time.c.obj
 .text.timer_pool_entry_comparator
                0x0000000010000774       0x7c CMakeFiles/BuzzerExample.dir/mnt/c/Users/champ/Documents/Programming/pico-sdk/src/common/pico_time/time.c.obj
                0x0000000010000774                timer_pool_entry_comparator
 .text.ph_add_child_node
                0x00000000100007f0       0xa4 CMakeFiles/BuzzerExample.dir/mnt/c/Users/champ/Documents/Programming/pico-sdk/src/common/pico_time/time.c.obj
 .text.ph_merge_nodes
                0x0000000010000894       0x3e CMakeFiles/BuzzerExample.dir/mnt/c/Users/champ/Documents/Programming/pico-sdk/src/common/pico_time/time.c.obj
 *fill*         0x00000000100008d2        0x2 
 .text.add_alarm_under_lock
                0x00000000100008d4      0x174 CMakeFiles/BuzzerExample.dir/mnt/c/Users/champ/Documents/Programming/pico-sdk/src/common/pico_time/time.c.obj
 .text.alarm_pool_alarm_callback
                0x0000000010000a48      0x32c CMakeFiles/BuzzerExample.dir/mnt/c/Users/champ/Documents/Programming/pico-sdk/src/common/pico_time/time.c.obj
 .text.alarm_pool_init_default
                0x0000000010000d74       0x38 CMakeFiles/BuzzerExample.dir/mnt/c/Users/champ/Documents/Programming/pico-sdk/src/common/pico_time/time.c.obj
                0x0000000010000d74                alarm_pool_init_default
 .text.alarm_pool_get_default
                0x0000000010000dac       0x2c CMakeFiles/BuzzerExample.dir/mnt/c/Users/champ/Documents/Programming/pico-sdk/src/common/pico_time/time.c.obj
                0x0000000010000dac                alarm_pool_get_default
 .text.alarm_pool_add_alarm_at
                0x0000000010000dd8      0x170 CMakeFiles/BuzzerExample.dir/mnt/c/Users/champ/Documents/Programming/pico-sdk/src/common/pico_time/time.c.obj
                0x0000000010000dd8                alarm_pool_add_alarm_at
 .text.sleep_until
                0x0000000010000f48       0xfc CMakeFiles/BuzzerExample.dir/mnt/c/Users/champ/Documents/Programming/pico-sdk/src/common/pico_time/time.c.obj
                0x0000000010000f48                sleep_until
 .text.sleep_us
                0x0000000010001044       0x58 CMakeFiles/BuzzerExample.dir/mnt/c/Users/champ/Documents/Programming/pico-sdk/src/common/pico_time/time.c.obj
                0x0000000010001044                sleep_us
 .text.sleep_ms
                0x000000001000109c       0x14 CMakeFiles/BuzzerExample.dir/mnt/c/Users/champ/Documents/Programming/pico-sdk/src/common/pico_time/time.c.obj
                0x000000001000109c                sleep_ms
 .text.hardware_alarm_irq_handler
                0x00000000100010b0       0x8c CMakeFiles/BuzzerExample.dir/mnt/c/Users/champ/Documents/Programming/pico-sdk/src/rp2_common/hardware_timer/timer.c.obj
 .text.hardware_alarm_claim
                0x000000001000113c       0x18 CMakeFiles/BuzzerExample.dir/mnt/c/Users/champ/Documents/Programming/pico-sdk/src/rp2_common/hardware_timer/timer.c.obj
                0x000000001000113c                hardware_alarm_claim
 .text.time_us_64
                0x0000000010001154       0x18 CMakeFiles/BuzzerExample.dir/mnt/c/Users/champ/Documents/Programming/pico-sdk/src/rp2_common/hardware_timer/timer.c.obj
                0x0000000010001154                time_us_64
 .text.busy_wait_until
                0x000000001000116c       0x24 CMakeFiles/BuzzerExample.dir/mnt/c/Users/champ/Documents/Programming/pico-sdk/src/rp2_common/hardware_timer/timer.c.obj
                0x000000001000116c                busy_wait_until
 .text.hardware_alarm_set_callback
                0x0000000010001190       0x90 CMakeFiles/BuzzerExample.dir/mnt/c/Users/champ/Documents/Programming/pico-sdk/src/rp2_common/hardware_timer/timer.c.obj
                0x0000000010001190                hardware_alarm_set_callback
 .text.hardware_alarm_set_target
                0x0000000010001220       0xe8 CMakeFiles/BuzzerExample.dir/mnt/c/Users/champ/Documents/Programming/pico-sdk/src/rp2_common/hardware_timer/timer.c.obj
                0x0000000010001220                hardware_alarm_set_target
 .text.hardware_alarm_cancel
                0x0000000010001308       0x40 CMakeFiles/BuzzerExample.dir/mnt/c/Users/champ/Documents/Programming/pico-sdk/src/rp2_common/hardware_timer/timer.c.obj
                0x0000000010001308                hardware_alarm_cancel
 .text.lock_init
                0x0000000010001348       0x10 CMakeFiles/BuzzerExample.dir/mnt/c/Users/champ/Documents/Programming/pico-sdk/src/common/pico_sync/lock_core.c.obj
                0x0000000010001348                lock_init
 .text.mutex_init
                0x0000000010001358       0x1a CMakeFiles/BuzzerExample.dir/mnt/c/Users/champ/Documents/Programming/pico-sdk/src/common/pico_sync/mutex.c.obj
                0x0000000010001358                mutex_init
 .text.recursive_mutex_init
                0x0000000010001372       0x1e CMakeFiles/BuzzerExample.dir/mnt/c/Users/champ/Documents/Programming/pico-sdk/src/common/pico_sync/mutex.c.obj
                0x0000000010001372                recursive_mutex_init
 .text.ph_add_child_node
                0x0000000010001390       0xa4 CMakeFiles/BuzzerExample.dir/mnt/c/Users/champ/Documents/Programming/pico-sdk/src/common/pico_util/pheap.c.obj
 .text.ph_merge_nodes
                0x0000000010001434       0x3e CMakeFiles/BuzzerExample.dir/mnt/c/Users/champ/Documents/Programming/pico-sdk/src/common/pico_util/pheap.c.obj
 *fill*         0x0000000010001472        0x2 
 .text.ph_clear
                0x0000000010001474       0x70 CMakeFiles/BuzzerExample.dir/mnt/c/Users/champ/Documents/Programming/pico-sdk/src/common/pico_util/pheap.c.obj
                0x0000000010001474                ph_clear
 .text.ph_post_alloc_init
                0x00000000100014e4        0xe CMakeFiles/BuzzerExample.dir/mnt/c/Users/champ/Documents/Programming/pico-sdk/src/common/pico_util/pheap.c.obj
                0x00000000100014e4                ph_post_alloc_init
 *fill*         0x00000000100014f2        0x2 
 .text.ph_merge_two_pass
                0x00000000100014f4       0xa8 CMakeFiles/BuzzerExample.dir/mnt/c/Users/champ/Documents/Programming/pico-sdk/src/common/pico_util/pheap.c.obj
                0x00000000100014f4                ph_merge_two_pass
 .text.ph_remove_any_head
                0x000000001000159c      0x108 CMakeFiles/BuzzerExample.dir/mnt/c/Users/champ/Documents/Programming/pico-sdk/src/common/pico_util/pheap.c.obj
 .text.ph_remove_head
                0x00000000100016a4       0x14 CMakeFiles/BuzzerExample.dir/mnt/c/Users/champ/Documents/Programming/pico-sdk/src/common/pico_util/pheap.c.obj
                0x00000000100016a4                ph_remove_head
 .text.ph_remove_and_free_node
                0x00000000100016b8       0xf8 CMakeFiles/BuzzerExample.dir/mnt/c/Users/champ/Documents/Programming/pico-sdk/src/common/pico_util/pheap.c.obj
                0x00000000100016b8                ph_remove_and_free_node
 .text._exit    0x00000000100017b0        0x4 CMakeFiles/BuzzerExample.dir/mnt/c/Users/champ/Documents/Programming/pico-sdk/src/rp2_common/pico_runtime/runtime.c.obj
                0x00000000100017b0                _exit
 .text.exit     0x00000000100017b4        0x6 CMakeFiles/BuzzerExample.dir/mnt/c/Users/champ/Documents/Programming/pico-sdk/src/rp2_common/pico_runtime/runtime.c.obj
                0x00000000100017b4                exit
 *fill*         0x00000000100017ba        0x2 
 .text.__assert_func
                0x00000000100017bc       0x3c CMakeFiles/BuzzerExample.dir/mnt/c/Users/champ/Documents/Programming/pico-sdk/src/rp2_common/pico_runtime/runtime.c.obj
                0x00000000100017bc                __assert_func
 .text.runtime_init
                0x00000000100017f8       0xf8 CMakeFiles/BuzzerExample.dir/mnt/c/Users/champ/Documents/Programming/pico-sdk/src/rp2_common/pico_runtime/runtime.c.obj
                0x00000000100017f8                runtime_init
 .text.panic    0x00000000100018f0       0x30 CMakeFiles/BuzzerExample.dir/mnt/c/Users/champ/Documents/Programming/pico-sdk/src/rp2_common/pico_runtime/runtime.c.obj
                0x00000000100018f0                panic
 .text.clock_configure
                0x0000000010001920      0x104 CMakeFiles/BuzzerExample.dir/mnt/c/Users/champ/Documents/Programming/pico-sdk/src/rp2_common/hardware_clocks/clocks.c.obj
                0x0000000010001920                clock_configure
 .text.clocks_init
                0x0000000010001a24      0x100 CMakeFiles/BuzzerExample.dir/mnt/c/Users/champ/Documents/Programming/pico-sdk/src/rp2_common/hardware_clocks/clocks.c.obj
                0x0000000010001a24                clocks_init
 .text.clock_get_hz
                0x0000000010001b24        0xc CMakeFiles/BuzzerExample.dir/mnt/c/Users/champ/Documents/Programming/pico-sdk/src/rp2_common/hardware_clocks/clocks.c.obj
                0x0000000010001b24                clock_get_hz
 .text.set_raw_irq_handler_and_unlock
                0x0000000010001b30       0x28 CMakeFiles/BuzzerExample.dir/mnt/c/Users/champ/Documents/Programming/pico-sdk/src/rp2_common/hardware_irq/irq.c.obj
 .text.make_branch
                0x0000000010001b58       0x34 CMakeFiles/BuzzerExample.dir/mnt/c/Users/champ/Documents/Programming/pico-sdk/src/rp2_common/hardware_irq/irq.c.obj
 .text.insert_branch_and_link
                0x0000000010001b8c       0x40 CMakeFiles/BuzzerExample.dir/mnt/c/Users/champ/Documents/Programming/pico-sdk/src/rp2_common/hardware_irq/irq.c.obj
 .text.irq_is_enabled
                0x0000000010001bcc       0x18 CMakeFiles/BuzzerExample.dir/mnt/c/Users/champ/Documents/Programming/pico-sdk/src/rp2_common/hardware_irq/irq.c.obj
                0x0000000010001bcc                irq_is_enabled
 .text.irq_set_mask_enabled
                0x0000000010001be4       0x20 CMakeFiles/BuzzerExample.dir/mnt/c/Users/champ/Documents/Programming/pico-sdk/src/rp2_common/hardware_irq/irq.c.obj
                0x0000000010001be4                irq_set_mask_enabled
 .text.irq_set_enabled
                0x0000000010001c04        0xe CMakeFiles/BuzzerExample.dir/mnt/c/Users/champ/Documents/Programming/pico-sdk/src/rp2_common/hardware_irq/irq.c.obj
                0x0000000010001c04                irq_set_enabled
 *fill*         0x0000000010001c12        0x2 
 .text.irq_get_vtable_handler
                0x0000000010001c14       0x10 CMakeFiles/BuzzerExample.dir/mnt/c/Users/champ/Documents/Programming/pico-sdk/src/rp2_common/hardware_irq/irq.c.obj
                0x0000000010001c14                irq_get_vtable_handler
 .text.irq_set_exclusive_handler
                0x0000000010001c24       0x54 CMakeFiles/BuzzerExample.dir/mnt/c/Users/champ/Documents/Programming/pico-sdk/src/rp2_common/hardware_irq/irq.c.obj
                0x0000000010001c24                irq_set_exclusive_handler
 .text.irq_remove_handler
                0x0000000010001c78      0x1ac CMakeFiles/BuzzerExample.dir/mnt/c/Users/champ/Documents/Programming/pico-sdk/src/rp2_common/hardware_irq/irq.c.obj
                0x0000000010001c78                irq_remove_handler
 .text.irq_add_tail_to_free_list
                0x0000000010001e24       0xf0 CMakeFiles/BuzzerExample.dir/mnt/c/Users/champ/Documents/Programming/pico-sdk/src/rp2_common/hardware_irq/irq.c.obj
                0x0000000010001e24                irq_add_tail_to_free_list
 .text.irq_init_priorities
                0x0000000010001f14       0x1c CMakeFiles/BuzzerExample.dir/mnt/c/Users/champ/Documents/Programming/pico-sdk/src/rp2_common/hardware_irq/irq.c.obj
                0x0000000010001f14                irq_init_priorities
 .text.pll_init
                0x0000000010001f30      0x118 CMakeFiles/BuzzerExample.dir/mnt/c/Users/champ/Documents/Programming/pico-sdk/src/rp2_common/hardware_pll/pll.c.obj
                0x0000000010001f30                pll_init
 .text.watchdog_start_tick
                0x0000000010002048       0x10 CMakeFiles/BuzzerExample.dir/mnt/c/Users/champ/Documents/Programming/pico-sdk/src/rp2_common/hardware_watchdog/watchdog.c.obj
                0x0000000010002048                watchdog_start_tick
 .text.xosc_init
                0x0000000010002058       0x28 CMakeFiles/BuzzerExample.dir/mnt/c/Users/champ/Documents/Programming/pico-sdk/src/rp2_common/hardware_xosc/xosc.c.obj
                0x0000000010002058                xosc_init
 .text._out_null
                0x0000000010002080        0x2 CMakeFiles/BuzzerExample.dir/mnt/c/Users/champ/Documents/Programming/pico-sdk/src/rp2_common/pico_printf/printf.c.obj
 .text._out_fct
                0x0000000010002082        0xe CMakeFiles/BuzzerExample.dir/mnt/c/Users/champ/Documents/Programming/pico-sdk/src/rp2_common/pico_printf/printf.c.obj
 .text._atoi    0x0000000010002090       0x24 CMakeFiles/BuzzerExample.dir/mnt/c/Users/champ/Documents/Programming/pico-sdk/src/rp2_common/pico_printf/printf.c.obj
 .text._out_rev
                0x00000000100020b4       0xae CMakeFiles/BuzzerExample.dir/mnt/c/Users/champ/Documents/Programming/pico-sdk/src/rp2_common/pico_printf/printf.c.obj
 .text._ntoa_format
                0x0000000010002162      0x110 CMakeFiles/BuzzerExample.dir/mnt/c/Users/champ/Documents/Programming/pico-sdk/src/rp2_common/pico_printf/printf.c.obj
 .text._ntoa_long
                0x0000000010002272       0xbc CMakeFiles/BuzzerExample.dir/mnt/c/Users/champ/Documents/Programming/pico-sdk/src/rp2_common/pico_printf/printf.c.obj
 .text._ntoa_long_long
                0x000000001000232e       0xe2 CMakeFiles/BuzzerExample.dir/mnt/c/Users/champ/Documents/Programming/pico-sdk/src/rp2_common/pico_printf/printf.c.obj
 .text._etoa    0x0000000010002410      0x40c CMakeFiles/BuzzerExample.dir/mnt/c/Users/champ/Documents/Programming/pico-sdk/src/rp2_common/pico_printf/printf.c.obj
 .text._ftoa    0x000000001000281c      0x354 CMakeFiles/BuzzerExample.dir/mnt/c/Users/champ/Documents/Programming/pico-sdk/src/rp2_common/pico_printf/printf.c.obj
 .text._vsnprintf
                0x0000000010002b70      0x628 CMakeFiles/BuzzerExample.dir/mnt/c/Users/champ/Documents/Programming/pico-sdk/src/rp2_common/pico_printf/printf.c.obj
 .text.vfctprintf
                0x0000000010003198       0x20 CMakeFiles/BuzzerExample.dir/mnt/c/Users/champ/Documents/Programming/pico-sdk/src/rp2_common/pico_printf/printf.c.obj
                0x0000000010003198                vfctprintf
 .text          0x00000000100031b8       0x10 CMakeFiles/BuzzerExample.dir/mnt/c/Users/champ/Documents/Programming/pico-sdk/src/rp2_common/pico_bit_ops/bit_ops_aeabi.S.obj
 .text.rom_func_lookup
                0x00000000100031c8       0x10 CMakeFiles/BuzzerExample.dir/mnt/c/Users/champ/Documents/Programming/pico-sdk/src/rp2_common/pico_bootrom/bootrom.c.obj
                0x00000000100031c8                rom_func_lookup
 .text.rom_data_lookup
                0x00000000100031d8       0x10 CMakeFiles/BuzzerExample.dir/mnt/c/Users/champ/Documents/Programming/pico-sdk/src/rp2_common/pico_bootrom/bootrom.c.obj
                0x00000000100031d8                rom_data_lookup
 .text.rom_funcs_lookup
                0x00000000100031e8       0x36 CMakeFiles/BuzzerExample.dir/mnt/c/Users/champ/Documents/Programming/pico-sdk/src/rp2_common/pico_bootrom/bootrom.c.obj
                0x00000000100031e8                rom_funcs_lookup
 *fill*         0x000000001000321e        0x2 
 .text.__wrap___aeabi_idiv
                0x0000000010003220       0x50 CMakeFiles/BuzzerExample.dir/mnt/c/Users/champ/Documents/Programming/pico-sdk/src/rp2_common/pico_divider/divider.S.obj
                0x0000000010003220                __wrap___aeabi_idivmod
                0x0000000010003220                divmod_s32s32
                0x0000000010003220                div_s32s32
                0x0000000010003220                __wrap___aeabi_idiv
                0x0000000010003228                divmod_s32s32_unsafe
                0x0000000010003254                divmod_s32s32_savestate
 .text.__wrap___aeabi_uidiv
                0x0000000010003270       0x4c CMakeFiles/BuzzerExample.dir/mnt/c/Users/champ/Documents/Programming/pico-sdk/src/rp2_common/pico_divider/divider.S.obj
                0x0000000010003270                __wrap___aeabi_uidiv
                0x0000000010003270                __wrap___aeabi_uidivmod
                0x0000000010003270                div_u32u32
                0x0000000010003270                divmod_u32u32
                0x0000000010003278                divmod_u32u32_unsafe
                0x00000000100032a0                divmod_u32u32_savestate
 .text.__wrap___aeabi_ldiv
                0x00000000100032bc      0x434 CMakeFiles/BuzzerExample.dir/mnt/c/Users/champ/Documents/Programming/pico-sdk/src/rp2_common/pico_divider/divider.S.obj
                0x00000000100032bc                div_s64s64
                0x00000000100032bc                divmod_s64s64
                0x00000000100032bc                __wrap___aeabi_ldivmod
                0x00000000100032f4                div_u64u64
                0x00000000100032f4                divmod_u64u64
                0x00000000100032f4                __wrap___aeabi_uldivmod
                0x0000000010003304                divmod_u64u64_savestate
                0x000000001000332c                divmod_s64s64_unsafe
                0x00000000100033b4                divmod_u64u64_unsafe
 .text.__wrap___aeabi_darithmetic
                0x00000000100036f0       0x80 CMakeFiles/BuzzerExample.dir/mnt/c/Users/champ/Documents/Programming/pico-sdk/src/rp2_common/pico_double/double_aeabi.S.obj
                0x00000000100036f0                __wrap___aeabi_drsub
                0x00000000100036f6                __wrap___aeabi_dsub
                0x0000000010003708                __wrap___aeabi_dadd
                0x000000001000371a                __wrap___aeabi_ddiv
                0x0000000010003756                __wrap___aeabi_dmul
 .text.__wrap___aeabi_cdcmple
                0x0000000010003770       0x6c CMakeFiles/BuzzerExample.dir/mnt/c/Users/champ/Documents/Programming/pico-sdk/src/rp2_common/pico_double/double_aeabi.S.obj
                0x0000000010003770                __wrap___aeabi_cdrcmple
                0x0000000010003780                __wrap___aeabi_cdcmple
                0x0000000010003780                __wrap___aeabi_cdcmpeq
 .text.__wrap___aeabi_dcmplt
                0x00000000100037dc        0xc CMakeFiles/BuzzerExample.dir/mnt/c/Users/champ/Documents/Programming/pico-sdk/src/rp2_common/pico_double/double_aeabi.S.obj
                0x00000000100037dc                __wrap___aeabi_dcmplt
 .text.__wrap___aeabi_dcmple
                0x00000000100037e8       0x10 CMakeFiles/BuzzerExample.dir/mnt/c/Users/champ/Documents/Programming/pico-sdk/src/rp2_common/pico_double/double_aeabi.S.obj
                0x00000000100037e8                __wrap___aeabi_dcmple
 .text.__wrap___aeabi_dcmpge
                0x00000000100037f8       0x10 CMakeFiles/BuzzerExample.dir/mnt/c/Users/champ/Documents/Programming/pico-sdk/src/rp2_common/pico_double/double_aeabi.S.obj
                0x00000000100037f8                __wrap___aeabi_dcmpge
 .text.__wrap___aeabi_dcmpgt
                0x0000000010003808        0xa CMakeFiles/BuzzerExample.dir/mnt/c/Users/champ/Documents/Programming/pico-sdk/src/rp2_common/pico_double/double_aeabi.S.obj
                0x0000000010003808                __wrap___aeabi_dcmpgt
 .text.__wrap___aeabi_dcmpun
                0x0000000010003812       0x1c CMakeFiles/BuzzerExample.dir/mnt/c/Users/champ/Documents/Programming/pico-sdk/src/rp2_common/pico_double/double_aeabi.S.obj
                0x0000000010003812                __wrap___aeabi_dcmpun
 *fill*         0x000000001000382e        0x2 
 .text.__wrap___aeabi_i2d
                0x0000000010003830       0x38 CMakeFiles/BuzzerExample.dir/mnt/c/Users/champ/Documents/Programming/pico-sdk/src/rp2_common/pico_double/double_aeabi.S.obj
                0x0000000010003830                __wrap___aeabi_ui2d
                0x0000000010003838                __wrap___aeabi_i2d
 .text.__wrap___aeabi_d2iz
                0x0000000010003868       0x48 CMakeFiles/BuzzerExample.dir/mnt/c/Users/champ/Documents/Programming/pico-sdk/src/rp2_common/pico_double/double_aeabi.S.obj
                0x0000000010003868                __wrap___aeabi_d2iz
                0x0000000010003868                double2int_z
 .text.__wrap___aeabi_d2uiz
                0x00000000100038b0       0x18 CMakeFiles/BuzzerExample.dir/mnt/c/Users/champ/Documents/Programming/pico-sdk/src/rp2_common/pico_double/double_aeabi.S.obj
                0x00000000100038b0                double2uint
                0x00000000100038b0                __wrap___aeabi_d2uiz
 .text.__aeabi_double_init
                0x00000000100038c8       0xc8 CMakeFiles/BuzzerExample.dir/mnt/c/Users/champ/Documents/Programming/pico-sdk/src/rp2_common/pico_double/double_init_rom.c.obj
                0x00000000100038c8                __aeabi_double_init
 .text.double_table_shim_on_use_helper
                0x0000000010003990       0x34 CMakeFiles/BuzzerExample.dir/mnt/c/Users/champ/Documents/Programming/pico-sdk/src/rp2_common/pico_double/double_v1_rom_shim.S.obj
                0x0000000010003990                double_table_shim_on_use_helper
 .text.__wrap___aeabi_dsub
                0x00000000100039c4       0x10 CMakeFiles/BuzzerExample.dir/mnt/c/Users/champ/Documents/Programming/pico-sdk/src/rp2_common/pico_double/double_v1_rom_shim.S.obj
                0x00000000100039c4                drsub_shim
                0x00000000100039ca                dsub_shim
 .text.dadd_shim
                0x00000000100039d4      0x15c CMakeFiles/BuzzerExample.dir/mnt/c/Users/champ/Documents/Programming/pico-sdk/src/rp2_common/pico_double/double_v1_rom_shim.S.obj
                0x00000000100039d4                dadd_shim
 .text.dmul_shim
                0x0000000010003b30      0x15c CMakeFiles/BuzzerExample.dir/mnt/c/Users/champ/Documents/Programming/pico-sdk/src/rp2_common/pico_double/double_v1_rom_shim.S.obj
                0x0000000010003b30                dmul_shim
 .text.ddiv_shim
                0x0000000010003c8c      0x1b0 CMakeFiles/BuzzerExample.dir/mnt/c/Users/champ/Documents/Programming/pico-sdk/src/rp2_common/pico_double/double_v1_rom_shim.S.obj
                0x0000000010003c8c                ddiv_shim
 .text.double2uint_shim
                0x0000000010003e3c        0xe CMakeFiles/BuzzerExample.dir/mnt/c/Users/champ/Documents/Programming/pico-sdk/src/rp2_common/pico_double/double_v1_rom_shim.S.obj
                0x0000000010003e3c                double2uint_shim
                0x0000000010003e3e                double2ufix_shim
 *fill*         0x0000000010003e4a        0x2 
 .text.double2uint64_shim
                0x0000000010003e4c       0x70 CMakeFiles/BuzzerExample.dir/mnt/c/Users/champ/Documents/Programming/pico-sdk/src/rp2_common/pico_double/double_v1_rom_shim.S.obj
                0x0000000010003e4c                double2uint64_shim
                0x0000000010003e4e                double2ufix64_shim
                0x0000000010003e6e                d2fix_a
 .text.dunpacks
                0x0000000010003ebc       0x3c CMakeFiles/BuzzerExample.dir/mnt/c/Users/champ/Documents/Programming/pico-sdk/src/rp2_common/pico_double/double_v1_rom_shim.S.obj
                0x0000000010003ebc                dunpacks
 .text.__aeabi_lmul
                0x0000000010003ef8       0x32 CMakeFiles/BuzzerExample.dir/mnt/c/Users/champ/Documents/Programming/pico-sdk/src/rp2_common/pico_int64_ops/pico_int64_ops_aeabi.S.obj
                0x0000000010003ef8                __wrap___aeabi_lmul
 *fill*         0x0000000010003f2a        0x2 
 .text.__aeabi_float_init
                0x0000000010003f2c       0xfc CMakeFiles/BuzzerExample.dir/mnt/c/Users/champ/Documents/Programming/pico-sdk/src/rp2_common/pico_float/float_init_rom.c.obj
                0x0000000010003f2c                __aeabi_float_init
 .text.float_table_shim_on_use_helper
                0x0000000010004028       0x34 CMakeFiles/BuzzerExample.dir/mnt/c/Users/champ/Documents/Programming/pico-sdk/src/rp2_common/pico_float/float_v1_rom_shim.S.obj
                0x0000000010004028                float_table_shim_on_use_helper
 .text          0x000000001000405c       0x10 CMakeFiles/BuzzerExample.dir/mnt/c/Users/champ/Documents/Programming/pico-sdk/src/rp2_common/pico_mem_ops/mem_ops_aeabi.S.obj
                0x000000001000405c                __aeabi_mem_init
 .text.memset   0x000000001000406c        0xc CMakeFiles/BuzzerExample.dir/mnt/c/Users/champ/Documents/Programming/pico-sdk/src/rp2_common/pico_mem_ops/mem_ops_aeabi.S.obj
                0x000000001000406c                __wrap_memset
 .text.memcpy   0x0000000010004078        0xc CMakeFiles/BuzzerExample.dir/mnt/c/Users/champ/Documents/Programming/pico-sdk/src/rp2_common/pico_mem_ops/mem_ops_aeabi.S.obj
                0x0000000010004078                __wrap___aeabi_memcpy
                0x0000000010004078                __wrap_memcpy
 .text.stdio_out_chars_no_crlf
                0x0000000010004084        0xe CMakeFiles/BuzzerExample.dir/mnt/c/Users/champ/Documents/Programming/pico-sdk/src/rp2_common/pico_stdio/stdio.c.obj
 *fill*         0x0000000010004092        0x2 
 .text.stdio_out_chars_crlf
                0x0000000010004094       0x80 CMakeFiles/BuzzerExample.dir/mnt/c/Users/champ/Documents/Programming/pico-sdk/src/rp2_common/pico_stdio/stdio.c.obj
 .text.stdio_stack_buffer_flush
                0x0000000010004114       0x44 CMakeFiles/BuzzerExample.dir/mnt/c/Users/champ/Documents/Programming/pico-sdk/src/rp2_common/pico_stdio/stdio.c.obj
 .text.stdio_buffered_printer
                0x0000000010004158       0x20 CMakeFiles/BuzzerExample.dir/mnt/c/Users/champ/Documents/Programming/pico-sdk/src/rp2_common/pico_stdio/stdio.c.obj
 .text.stdout_serialize_begin
                0x0000000010004178       0x30 CMakeFiles/BuzzerExample.dir/mnt/c/Users/champ/Documents/Programming/pico-sdk/src/rp2_common/pico_stdio/stdio.c.obj
                0x0000000010004178                stdout_serialize_begin
 .text.stdout_serialize_end
                0x00000000100041a8       0x10 CMakeFiles/BuzzerExample.dir/mnt/c/Users/champ/Documents/Programming/pico-sdk/src/rp2_common/pico_stdio/stdio.c.obj
                0x00000000100041a8                stdout_serialize_end
 .text.stdio_put_string
                0x00000000100041b8       0x98 CMakeFiles/BuzzerExample.dir/mnt/c/Users/champ/Documents/Programming/pico-sdk/src/rp2_common/pico_stdio/stdio.c.obj
 .text.stdio_set_driver_enabled
                0x0000000010004250       0x38 CMakeFiles/BuzzerExample.dir/mnt/c/Users/champ/Documents/Programming/pico-sdk/src/rp2_common/pico_stdio/stdio.c.obj
                0x0000000010004250                stdio_set_driver_enabled
 .text.stdio_flush
                0x0000000010004288       0x20 CMakeFiles/BuzzerExample.dir/mnt/c/Users/champ/Documents/Programming/pico-sdk/src/rp2_common/pico_stdio/stdio.c.obj
                0x0000000010004288                stdio_flush
 .text.__wrap_puts
                0x00000000100042a8       0x1e CMakeFiles/BuzzerExample.dir/mnt/c/Users/champ/Documents/Programming/pico-sdk/src/rp2_common/pico_stdio/stdio.c.obj
                0x00000000100042a8                __wrap_puts
 *fill*         0x00000000100042c6        0x2 
 .text.__wrap_vprintf
                0x00000000100042c8       0x44 CMakeFiles/BuzzerExample.dir/mnt/c/Users/champ/Documents/Programming/pico-sdk/src/rp2_common/pico_stdio/stdio.c.obj
                0x00000000100042c8                __wrap_vprintf
 .text.__wrap_printf
                0x000000001000430c       0x18 CMakeFiles/BuzzerExample.dir/mnt/c/Users/champ/Documents/Programming/pico-sdk/src/rp2_common/pico_stdio/stdio.c.obj
                0x000000001000430c                __wrap_printf
 .text.stdio_init_all
                0x0000000010004324        0x8 CMakeFiles/BuzzerExample.dir/mnt/c/Users/champ/Documents/Programming/pico-sdk/src/rp2_common/pico_stdio/stdio.c.obj
                0x0000000010004324                stdio_init_all
 .text.stdio_uart_out_chars
                0x000000001000432c       0x74 CMakeFiles/BuzzerExample.dir/mnt/c/Users/champ/Documents/Programming/pico-sdk/src/rp2_common/pico_stdio_uart/stdio_uart.c.obj
 .text.stdio_uart_in_chars
                0x00000000100043a0       0x54 CMakeFiles/BuzzerExample.dir/mnt/c/Users/champ/Documents/Programming/pico-sdk/src/rp2_common/pico_stdio_uart/stdio_uart.c.obj
                0x00000000100043a0                stdio_uart_in_chars
 .text.stdio_uart_init_full
                0x00000000100043f4       0x3c CMakeFiles/BuzzerExample.dir/mnt/c/Users/champ/Documents/Programming/pico-sdk/src/rp2_common/pico_stdio_uart/stdio_uart.c.obj
                0x00000000100043f4                stdio_uart_init_full
 .text.stdio_uart_init
                0x0000000010004430       0x28 CMakeFiles/BuzzerExample.dir/mnt/c/Users/champ/Documents/Programming/pico-sdk/src/rp2_common/pico_stdio_uart/stdio_uart.c.obj
                0x0000000010004430                stdio_uart_init
 .text          0x0000000010004458       0x68 /usr/lib/gcc/arm-none-eabi/9.2.1/../../../arm-none-eabi/lib/thumb/v6-m/nofp/libg.a(lib_a-strlen-stub.o)
                0x0000000010004458                strlen
 *(.fini)
 .fini          0x00000000100044c0        0x4 /usr/lib/gcc/arm-none-eabi/9.2.1/thumb/v6-m/nofp/crti.o
                0x00000000100044c0                _fini
 *fill*         0x00000000100044c4        0x4 
 .fini.__stub   0x00000000100044c8       0x50 linker stubs
 *crtbegin.o(.ctors)
 *crtbegin?.o(.ctors)
 *(EXCLUDE_FILE(*crtend.o *crtend?.o) .ctors)
 *(SORT_BY_NAME(.ctors.*))
 *(.ctors)
 *crtbegin.o(.dtors)
 *crtbegin?.o(.dtors)
 *(EXCLUDE_FILE(*crtend.o *crtend?.o) .dtors)
 *(SORT_BY_NAME(.dtors.*))
 *(.dtors)
 *(.eh_frame*)
 .eh_frame      0x0000000010004518        0x0 /usr/lib/gcc/arm-none-eabi/9.2.1/thumb/v6-m/nofp/crtbegin.o
                0x0000000010004518                . = ALIGN (0x4)

.glue_7         0x0000000010004518        0x0
 .glue_7        0x0000000010004518        0x0 linker stubs

.glue_7t        0x0000000010004518        0x0
 .glue_7t       0x0000000010004518        0x0 linker stubs

.vfp11_veneer   0x0000000010004518        0x0
 .vfp11_veneer  0x0000000010004518        0x0 linker stubs

.v4_bx          0x0000000010004518        0x0
 .v4_bx         0x0000000010004518        0x0 linker stubs

.iplt           0x0000000010004518        0x0
 .iplt          0x0000000010004518        0x0 /usr/lib/gcc/arm-none-eabi/9.2.1/thumb/v6-m/nofp/crtbegin.o

.rodata         0x0000000010004518      0xf58
 *(EXCLUDE_FILE(*libm.a: *libc.a:*lib_a-mem*.o *libgcc.a:) .rodata*)
 .rodata.repeating_timer_callback.str1.4
                0x0000000010004518       0x62 CMakeFiles/BuzzerExample.dir/mnt/c/Users/champ/Documents/Programming/pico-sdk/src/common/pico_time/time.c.obj
 *fill*         0x000000001000457a        0x2 
 .rodata.alarm_pool_dump_key.str1.4
                0x000000001000457c       0x33 CMakeFiles/BuzzerExample.dir/mnt/c/Users/champ/Documents/Programming/pico-sdk/src/common/pico_time/time.c.obj
 *fill*         0x00000000100045af        0x1 
 .rodata.ph_add_child_node.str1.4
                0x00000000100045b0       0xae CMakeFiles/BuzzerExample.dir/mnt/c/Users/champ/Documents/Programming/pico-sdk/src/common/pico_time/time.c.obj
 *fill*         0x000000001000465e        0x2 
 .rodata.add_alarm_under_lock.str1.4
                0x0000000010004660       0x28 CMakeFiles/BuzzerExample.dir/mnt/c/Users/champ/Documents/Programming/pico-sdk/src/common/pico_time/time.c.obj
                                         0x2b (size before relaxing)
 .rodata.alarm_pool_alarm_callback.str1.4
                0x0000000010004688       0xfa CMakeFiles/BuzzerExample.dir/mnt/c/Users/champ/Documents/Programming/pico-sdk/src/common/pico_time/time.c.obj
 *fill*         0x0000000010004782        0x2 
 .rodata.alarm_pool_get_default.str1.4
                0x0000000010004784       0x21 CMakeFiles/BuzzerExample.dir/mnt/c/Users/champ/Documents/Programming/pico-sdk/src/common/pico_time/time.c.obj
 *fill*         0x00000000100047a5        0x3 
 .rodata.sleep_until.str1.4
                0x00000000100047a8       0x4d CMakeFiles/BuzzerExample.dir/mnt/c/Users/champ/Documents/Programming/pico-sdk/src/common/pico_time/time.c.obj
 *fill*         0x00000000100047f5        0x3 
 .rodata.__func__.5701
                0x00000000100047f8       0x15 CMakeFiles/BuzzerExample.dir/mnt/c/Users/champ/Documents/Programming/pico-sdk/src/common/pico_time/time.c.obj
 *fill*         0x000000001000480d        0x3 
 .rodata.__func__.6007
                0x0000000010004810        0xc CMakeFiles/BuzzerExample.dir/mnt/c/Users/champ/Documents/Programming/pico-sdk/src/common/pico_time/time.c.obj
 .rodata.__func__.6014
                0x000000001000481c       0x12 CMakeFiles/BuzzerExample.dir/mnt/c/Users/champ/Documents/Programming/pico-sdk/src/common/pico_time/time.c.obj
 *fill*         0x000000001000482e        0x2 
 .rodata.__func__.6030
                0x0000000010004830        0xf CMakeFiles/BuzzerExample.dir/mnt/c/Users/champ/Documents/Programming/pico-sdk/src/common/pico_time/time.c.obj
 *fill*         0x000000001000483f        0x1 
 .rodata.__func__.6052
                0x0000000010004840        0xd CMakeFiles/BuzzerExample.dir/mnt/c/Users/champ/Documents/Programming/pico-sdk/src/common/pico_time/time.c.obj
 *fill*         0x000000001000484d        0x3 
 .rodata.__func__.6276
                0x0000000010004850        0xa CMakeFiles/BuzzerExample.dir/mnt/c/Users/champ/Documents/Programming/pico-sdk/src/common/pico_time/time.c.obj
 *fill*         0x000000001000485a        0x2 
 .rodata.__func__.6281
                0x000000001000485c       0x12 CMakeFiles/BuzzerExample.dir/mnt/c/Users/champ/Documents/Programming/pico-sdk/src/common/pico_time/time.c.obj
 *fill*         0x000000001000486e        0x2 
 .rodata.__func__.6296
                0x0000000010004870       0x17 CMakeFiles/BuzzerExample.dir/mnt/c/Users/champ/Documents/Programming/pico-sdk/src/common/pico_time/time.c.obj
 *fill*         0x0000000010004887        0x1 
 .rodata.__func__.6307
                0x0000000010004888       0x15 CMakeFiles/BuzzerExample.dir/mnt/c/Users/champ/Documents/Programming/pico-sdk/src/common/pico_time/time.c.obj
 *fill*         0x000000001000489d        0x3 
 .rodata.__func__.6324
                0x00000000100048a0       0x1a CMakeFiles/BuzzerExample.dir/mnt/c/Users/champ/Documents/Programming/pico-sdk/src/common/pico_time/time.c.obj
 *fill*         0x00000000100048ba        0x2 
 .rodata.hardware_alarm_claim.str1.4
                0x00000000100048bc       0x22 CMakeFiles/BuzzerExample.dir/mnt/c/Users/champ/Documents/Programming/pico-sdk/src/rp2_common/hardware_timer/timer.c.obj
 *fill*         0x00000000100048de        0x2 
 .rodata.hardware_alarm_set_target.str1.4
                0x00000000100048e0       0x7c CMakeFiles/BuzzerExample.dir/mnt/c/Users/champ/Documents/Programming/pico-sdk/src/rp2_common/hardware_timer/timer.c.obj
 .rodata.__func__.4559
                0x000000001000495c       0x1a CMakeFiles/BuzzerExample.dir/mnt/c/Users/champ/Documents/Programming/pico-sdk/src/rp2_common/hardware_timer/timer.c.obj
 *fill*         0x0000000010004976        0x2 
 .rodata.str1.4
                0x0000000010004978       0xa1 CMakeFiles/BuzzerExample.dir/mnt/c/Users/champ/Documents/Programming/pico-sdk/src/common/pico_sync/mutex.c.obj
                                        0x119 (size before relaxing)
 *fill*         0x0000000010004a19        0x3 
 .rodata.__func__.4700
                0x0000000010004a1c        0xb CMakeFiles/BuzzerExample.dir/mnt/c/Users/champ/Documents/Programming/pico-sdk/src/common/pico_sync/mutex.c.obj
 .rodata.ph_add_child_node.str1.4
                0x0000000010004a27       0xae CMakeFiles/BuzzerExample.dir/mnt/c/Users/champ/Documents/Programming/pico-sdk/src/common/pico_util/pheap.c.obj
 *fill*         0x0000000010004a27        0x1 
 .rodata.ph_remove_any_head.str1.4
                0x0000000010004a28       0xa4 CMakeFiles/BuzzerExample.dir/mnt/c/Users/champ/Documents/Programming/pico-sdk/src/common/pico_util/pheap.c.obj
 .rodata.ph_remove_and_free_node.str1.4
                0x0000000010004acc       0x26 CMakeFiles/BuzzerExample.dir/mnt/c/Users/champ/Documents/Programming/pico-sdk/src/common/pico_util/pheap.c.obj
 *fill*         0x0000000010004af2        0x2 
 .rodata.__func__.5708
                0x0000000010004af4        0xc CMakeFiles/BuzzerExample.dir/mnt/c/Users/champ/Documents/Programming/pico-sdk/src/common/pico_util/pheap.c.obj
 .rodata.__func__.5715
                0x0000000010004b00       0x12 CMakeFiles/BuzzerExample.dir/mnt/c/Users/champ/Documents/Programming/pico-sdk/src/common/pico_util/pheap.c.obj
 *fill*         0x0000000010004b12        0x2 
 .rodata.__func__.5801
                0x0000000010004b14       0x13 CMakeFiles/BuzzerExample.dir/mnt/c/Users/champ/Documents/Programming/pico-sdk/src/common/pico_util/pheap.c.obj
 *fill*         0x0000000010004b27        0x1 
 .rodata.__func__.5819
                0x0000000010004b28       0x18 CMakeFiles/BuzzerExample.dir/mnt/c/Users/champ/Documents/Programming/pico-sdk/src/common/pico_util/pheap.c.obj
 .rodata.__assert_func.str1.4
                0x0000000010004b40       0x3f CMakeFiles/BuzzerExample.dir/mnt/c/Users/champ/Documents/Programming/pico-sdk/src/rp2_common/pico_runtime/runtime.c.obj
                                         0x43 (size before relaxing)
 *fill*         0x0000000010004b7f        0x1 
 .rodata.runtime_init.str1.4
                0x0000000010004b80       0x78 CMakeFiles/BuzzerExample.dir/mnt/c/Users/champ/Documents/Programming/pico-sdk/src/rp2_common/pico_runtime/runtime.c.obj
 .rodata.panic.str1.4
                0x0000000010004bf8       0x12 CMakeFiles/BuzzerExample.dir/mnt/c/Users/champ/Documents/Programming/pico-sdk/src/rp2_common/pico_runtime/runtime.c.obj
 *fill*         0x0000000010004c0a        0x2 
 .rodata.__func__.5816
                0x0000000010004c0c        0xd CMakeFiles/BuzzerExample.dir/mnt/c/Users/champ/Documents/Programming/pico-sdk/src/rp2_common/pico_runtime/runtime.c.obj
 *fill*         0x0000000010004c19        0x3 
 .rodata.clock_configure.str1.4
                0x0000000010004c1c       0x6e CMakeFiles/BuzzerExample.dir/mnt/c/Users/champ/Documents/Programming/pico-sdk/src/rp2_common/hardware_clocks/clocks.c.obj
 *fill*         0x0000000010004c8a        0x2 
 .rodata.__func__.4688
                0x0000000010004c8c       0x10 CMakeFiles/BuzzerExample.dir/mnt/c/Users/champ/Documents/Programming/pico-sdk/src/rp2_common/hardware_clocks/clocks.c.obj
 .rodata.make_branch.str1.4
                0x0000000010004c9c       0x64 CMakeFiles/BuzzerExample.dir/mnt/c/Users/champ/Documents/Programming/pico-sdk/src/rp2_common/hardware_irq/irq.c.obj
 .rodata.irq_set_exclusive_handler.str1.4
                0x0000000010004d00       0x36 CMakeFiles/BuzzerExample.dir/mnt/c/Users/champ/Documents/Programming/pico-sdk/src/rp2_common/hardware_irq/irq.c.obj
 *fill*         0x0000000010004d36        0x2 
 .rodata.irq_add_shared_handler.str1.4
                0x0000000010004d38       0xd9 CMakeFiles/BuzzerExample.dir/mnt/c/Users/champ/Documents/Programming/pico-sdk/src/rp2_common/hardware_irq/irq.c.obj
 *fill*         0x0000000010004e11        0x3 
 .rodata.irq_remove_handler.str1.4
                0x0000000010004e14       0x2a CMakeFiles/BuzzerExample.dir/mnt/c/Users/champ/Documents/Programming/pico-sdk/src/rp2_common/hardware_irq/irq.c.obj
 *fill*         0x0000000010004e3e        0x2 
 .rodata.irq_add_tail_to_free_list.str1.4
                0x0000000010004e40       0x32 CMakeFiles/BuzzerExample.dir/mnt/c/Users/champ/Documents/Programming/pico-sdk/src/rp2_common/hardware_irq/irq.c.obj
                                         0x3a (size before relaxing)
 *fill*         0x0000000010004e72        0x2 
 .rodata.__func__.4733
                0x0000000010004e74       0x1a CMakeFiles/BuzzerExample.dir/mnt/c/Users/champ/Documents/Programming/pico-sdk/src/rp2_common/hardware_irq/irq.c.obj
 *fill*         0x0000000010004e8e        0x2 
 .rodata.__func__.4747
                0x0000000010004e90        0xc CMakeFiles/BuzzerExample.dir/mnt/c/Users/champ/Documents/Programming/pico-sdk/src/rp2_common/hardware_irq/irq.c.obj
 .rodata.__func__.4755
                0x0000000010004e9c       0x17 CMakeFiles/BuzzerExample.dir/mnt/c/Users/champ/Documents/Programming/pico-sdk/src/rp2_common/hardware_irq/irq.c.obj
 *fill*         0x0000000010004eb3        0x1 
 .rodata.__func__.4759
                0x0000000010004eb4        0xf CMakeFiles/BuzzerExample.dir/mnt/c/Users/champ/Documents/Programming/pico-sdk/src/rp2_common/hardware_irq/irq.c.obj
 *fill*         0x0000000010004ec3        0x1 
 .rodata.__func__.4798
                0x0000000010004ec4       0x13 CMakeFiles/BuzzerExample.dir/mnt/c/Users/champ/Documents/Programming/pico-sdk/src/rp2_common/hardware_irq/irq.c.obj
 *fill*         0x0000000010004ed7        0x1 
 .rodata.__func__.4821
                0x0000000010004ed8       0x1a CMakeFiles/BuzzerExample.dir/mnt/c/Users/champ/Documents/Programming/pico-sdk/src/rp2_common/hardware_irq/irq.c.obj
 *fill*         0x0000000010004ef2        0x2 
 .rodata.pll_init.str1.4
                0x0000000010004ef4       0xef CMakeFiles/BuzzerExample.dir/mnt/c/Users/champ/Documents/Programming/pico-sdk/src/rp2_common/hardware_pll/pll.c.obj
 *fill*         0x0000000010004fe3        0x1 
 .rodata.__func__.4408
                0x0000000010004fe4        0x9 CMakeFiles/BuzzerExample.dir/mnt/c/Users/champ/Documents/Programming/pico-sdk/src/rp2_common/hardware_pll/pll.c.obj
 *fill*         0x0000000010004fed        0x3 
 .rodata._ftoa.str1.4
                0x0000000010004ff0       0x15 CMakeFiles/BuzzerExample.dir/mnt/c/Users/champ/Documents/Programming/pico-sdk/src/rp2_common/pico_printf/printf.c.obj
 *fill*         0x0000000010005005        0x3 
 .rodata._vsnprintf
                0x0000000010005008      0x1e0 CMakeFiles/BuzzerExample.dir/mnt/c/Users/champ/Documents/Programming/pico-sdk/src/rp2_common/pico_printf/printf.c.obj
 .rodata.pow10.5422
                0x00000000100051e8       0x50 CMakeFiles/BuzzerExample.dir/mnt/c/Users/champ/Documents/Programming/pico-sdk/src/rp2_common/pico_printf/printf.c.obj
 .rodata.__aeabi_double_init.str1.4
                0x0000000010005238       0xbf CMakeFiles/BuzzerExample.dir/mnt/c/Users/champ/Documents/Programming/pico-sdk/src/rp2_common/pico_double/double_init_rom.c.obj
 *fill*         0x00000000100052f7        0x1 
 .rodata.__func__.4719
                0x00000000100052f8       0x14 CMakeFiles/BuzzerExample.dir/mnt/c/Users/champ/Documents/Programming/pico-sdk/src/rp2_common/pico_double/double_init_rom.c.obj
 .rodata.__aeabi_float_init.str1.4
                0x000000001000530c       0x91 CMakeFiles/BuzzerExample.dir/mnt/c/Users/champ/Documents/Programming/pico-sdk/src/rp2_common/pico_float/float_init_rom.c.obj
                                         0x95 (size before relaxing)
 *fill*         0x000000001000539d        0x3 
 .rodata.__func__.4720
                0x00000000100053a0       0x13 CMakeFiles/BuzzerExample.dir/mnt/c/Users/champ/Documents/Programming/pico-sdk/src/rp2_common/pico_float/float_init_rom.c.obj
 *fill*         0x00000000100053b3        0x1 
 .rodata.str1.4
                0x00000000100053b4       0x48 CMakeFiles/BuzzerExample.dir/mnt/c/Users/champ/Documents/Programming/pico-sdk/src/rp2_common/pico_standard_link/binary_info.c.obj
 .rodata.__bi_44
                0x00000000100053fc        0xc CMakeFiles/BuzzerExample.dir/mnt/c/Users/champ/Documents/Programming/pico-sdk/src/rp2_common/pico_standard_link/binary_info.c.obj
 .rodata.__bi_56
                0x0000000010005408        0xc CMakeFiles/BuzzerExample.dir/mnt/c/Users/champ/Documents/Programming/pico-sdk/src/rp2_common/pico_standard_link/binary_info.c.obj
 .rodata.__bi_75
                0x0000000010005414        0xc CMakeFiles/BuzzerExample.dir/mnt/c/Users/champ/Documents/Programming/pico-sdk/src/rp2_common/pico_standard_link/binary_info.c.obj
 .rodata.__bi_81
                0x0000000010005420        0xc CMakeFiles/BuzzerExample.dir/mnt/c/Users/champ/Documents/Programming/pico-sdk/src/rp2_common/pico_standard_link/binary_info.c.obj
 .rodata.crlf_str.6051
                0x000000001000542c        0x2 CMakeFiles/BuzzerExample.dir/mnt/c/Users/champ/Documents/Programming/pico-sdk/src/rp2_common/pico_stdio/stdio.c.obj
 *fill*         0x000000001000542e        0x2 
 .rodata.str1.4
                0x0000000010005430       0x2c CMakeFiles/BuzzerExample.dir/mnt/c/Users/champ/Documents/Programming/pico-sdk/src/rp2_common/pico_stdio_uart/stdio_uart.c.obj
 .rodata.__bi_28.4752
                0x000000001000545c        0xc CMakeFiles/BuzzerExample.dir/mnt/c/Users/champ/Documents/Programming/pico-sdk/src/rp2_common/pico_stdio_uart/stdio_uart.c.obj
 .rodata.__bi_29.4756
                0x0000000010005468        0x8 CMakeFiles/BuzzerExample.dir/mnt/c/Users/champ/Documents/Programming/pico-sdk/src/rp2_common/pico_stdio_uart/stdio_uart.c.obj
                0x0000000010005470                . = ALIGN (0x4)
 *(SORT_BY_ALIGNMENT(SORT_BY_NAME(.flashdata*)))
                0x0000000010005470                . = ALIGN (0x4)

.rel.dyn        0x0000000010005470        0x0
 .rel.iplt      0x0000000010005470        0x0 /usr/lib/gcc/arm-none-eabi/9.2.1/thumb/v6-m/nofp/crtbegin.o

.ARM.extab
 *(.ARM.extab* .gnu.linkonce.armextab.*)
                0x0000000010005470                __exidx_start = .

.ARM.exidx
 *(.ARM.exidx* .gnu.linkonce.armexidx.*)
                0x0000000010005470                __exidx_end = .
                0x0000000010005470                . = ALIGN (0x4)
                0x0000000010005470                __binary_info_start = .

.binary_info    0x0000000010005470       0x28
 *(.binary_info.keep.*)
 .binary_info.keep.__bi_ptr22
                0x0000000010005470        0x4 CMakeFiles/BuzzerExample.dir/mnt/c/Users/champ/Documents/Programming/pico-sdk/src/rp2_common/pico_standard_link/binary_info.c.obj
 .binary_info.keep.__bi_ptr30
                0x0000000010005474        0x4 CMakeFiles/BuzzerExample.dir/mnt/c/Users/champ/Documents/Programming/pico-sdk/src/rp2_common/pico_standard_link/binary_info.c.obj
 .binary_info.keep.__bi_ptr38
                0x0000000010005478        0x4 CMakeFiles/BuzzerExample.dir/mnt/c/Users/champ/Documents/Programming/pico-sdk/src/rp2_common/pico_standard_link/binary_info.c.obj
 .binary_info.keep.__bi_ptr44
                0x000000001000547c        0x4 CMakeFiles/BuzzerExample.dir/mnt/c/Users/champ/Documents/Programming/pico-sdk/src/rp2_common/pico_standard_link/binary_info.c.obj
 .binary_info.keep.__bi_ptr50
                0x0000000010005480        0x4 CMakeFiles/BuzzerExample.dir/mnt/c/Users/champ/Documents/Programming/pico-sdk/src/rp2_common/pico_standard_link/binary_info.c.obj
 .binary_info.keep.__bi_ptr56
                0x0000000010005484        0x4 CMakeFiles/BuzzerExample.dir/mnt/c/Users/champ/Documents/Programming/pico-sdk/src/rp2_common/pico_standard_link/binary_info.c.obj
 .binary_info.keep.__bi_ptr75
                0x0000000010005488        0x4 CMakeFiles/BuzzerExample.dir/mnt/c/Users/champ/Documents/Programming/pico-sdk/src/rp2_common/pico_standard_link/binary_info.c.obj
 .binary_info.keep.__bi_ptr81
                0x000000001000548c        0x4 CMakeFiles/BuzzerExample.dir/mnt/c/Users/champ/Documents/Programming/pico-sdk/src/rp2_common/pico_standard_link/binary_info.c.obj
 *(.binary_info.*)
 .binary_info.__bi_ptr28
                0x0000000010005490        0x4 CMakeFiles/BuzzerExample.dir/mnt/c/Users/champ/Documents/Programming/pico-sdk/src/rp2_common/pico_stdio_uart/stdio_uart.c.obj
 .binary_info.__bi_ptr29
                0x0000000010005494        0x4 CMakeFiles/BuzzerExample.dir/mnt/c/Users/champ/Documents/Programming/pico-sdk/src/rp2_common/pico_stdio_uart/stdio_uart.c.obj
                0x0000000010005498                __binary_info_end = .
                0x0000000010005498                . = ALIGN (0x4)
                0x0000000010005498                __etext = .

.ram_vector_table
                0x0000000020000000       0xc0
 *(.ram_vector_table)
 .ram_vector_table
                0x0000000020000000       0xc0 CMakeFiles/BuzzerExample.dir/mnt/c/Users/champ/Documents/Programming/pico-sdk/src/rp2_common/pico_runtime/runtime.c.obj
                0x0000000020000000                ram_vector_table

.data           0x00000000200000c0      0x1d0 load address 0x0000000010005498
                0x00000000200000c0                __data_start__ = .
 *(vtable)
 *(.time_critical*)
 .time_critical.mutex_enter_blocking
                0x00000000200000c0       0x48 CMakeFiles/BuzzerExample.dir/mnt/c/Users/champ/Documents/Programming/pico-sdk/src/common/pico_sync/mutex.c.obj
                0x00000000200000c0                mutex_enter_blocking
 .time_critical.mutex_try_enter
                0x0000000020000108       0x48 CMakeFiles/BuzzerExample.dir/mnt/c/Users/champ/Documents/Programming/pico-sdk/src/common/pico_sync/mutex.c.obj
                0x0000000020000108                mutex_try_enter
 .time_critical.mutex_exit
                0x0000000020000150       0x4c CMakeFiles/BuzzerExample.dir/mnt/c/Users/champ/Documents/Programming/pico-sdk/src/common/pico_sync/mutex.c.obj
                0x0000000020000150                mutex_exit
 *(.text*)
 .text          0x000000002000019c        0x4 /usr/lib/gcc/arm-none-eabi/9.2.1/thumb/v6-m/nofp/libgcc.a(_dvmd_tls.o)
                0x000000002000019c                __aeabi_ldiv0
                0x000000002000019c                __aeabi_idiv0
 .text.__stub   0x00000000200001a0       0x10 linker stubs
                0x00000000200001b0                . = ALIGN (0x4)
 *(.rodata*)
                0x00000000200001b0                . = ALIGN (0x4)
 *(.data*)
 .data.notes    0x00000000200001b0       0x18 CMakeFiles/BuzzerExample.dir/BuzzerExample.c.obj
                0x00000000200001b0                notes
 .data.striped_spin_lock_num
                0x00000000200001c8        0x1 CMakeFiles/BuzzerExample.dir/mnt/c/Users/champ/Documents/Programming/pico-sdk/src/rp2_common/hardware_sync/sync.c.obj
 *fill*         0x00000000200001c9        0x3 
 .data.default_alarm_pool
                0x00000000200001cc       0x18 CMakeFiles/BuzzerExample.dir/mnt/c/Users/champ/Documents/Programming/pico-sdk/src/common/pico_time/time.c.obj
 .data.default_alarm_pool_heap
                0x00000000200001e4       0x10 CMakeFiles/BuzzerExample.dir/mnt/c/Users/champ/Documents/Programming/pico-sdk/src/common/pico_time/time.c.obj
 .data          0x00000000200001f4       0x48 CMakeFiles/BuzzerExample.dir/mnt/c/Users/champ/Documents/Programming/pico-sdk/src/rp2_common/hardware_irq/irq_handler_chain.S.obj
                0x00000000200001f4                irq_handler_chain_slots
                0x0000000020000224                irq_handler_chain_first_slot
                0x000000002000022e                irq_handler_chain_remove_tail
 *fill*         0x000000002000023c        0x4 
 .data.aeabi_bits_funcs
                0x0000000020000240       0x10 CMakeFiles/BuzzerExample.dir/mnt/c/Users/champ/Documents/Programming/pico-sdk/src/rp2_common/pico_bit_ops/bit_ops_aeabi.S.obj
                0x0000000020000240                aeabi_bits_funcs
                0x0000000020000250                aeabi_bits_funcs_end
 .data.aeabi_mem_funcs
                0x0000000020000250       0x10 CMakeFiles/BuzzerExample.dir/mnt/c/Users/champ/Documents/Programming/pico-sdk/src/rp2_common/pico_mem_ops/mem_ops_aeabi.S.obj
                0x0000000020000250                aeabi_mem_funcs
                0x0000000020000260                aeabi_mem_funcs_end
 .data.stdio_uart
                0x0000000020000260       0x14 CMakeFiles/BuzzerExample.dir/mnt/c/Users/champ/Documents/Programming/pico-sdk/src/rp2_common/pico_stdio_uart/stdio_uart.c.obj
                0x0000000020000260                stdio_uart
                0x0000000020000274                . = ALIGN (0x4)
 *(.after_data.*)
                0x0000000020000274                . = ALIGN (0x4)
                0x0000000020000274                PROVIDE (__mutex_array_start = .)
 *(SORT_BY_NAME(.mutex_array.*))
 *(.mutex_array)
 .mutex_array   0x0000000020000274        0x8 CMakeFiles/BuzzerExample.dir/mnt/c/Users/champ/Documents/Programming/pico-sdk/src/rp2_common/pico_stdio/stdio.c.obj
                0x000000002000027c                PROVIDE (__mutex_array_end = .)
                0x000000002000027c                . = ALIGN (0x4)
                0x000000002000027c                PROVIDE (__preinit_array_start = .)
 *(SORT_BY_NAME(.preinit_array.*))
 .preinit_array.00001
                0x000000002000027c        0x4 CMakeFiles/BuzzerExample.dir/mnt/c/Users/champ/Documents/Programming/pico-sdk/src/rp2_common/pico_mem_ops/mem_ops_aeabi.S.obj
 .preinit_array.00010
                0x0000000020000280        0x4 CMakeFiles/BuzzerExample.dir/mnt/c/Users/champ/Documents/Programming/pico-sdk/src/rp2_common/pico_bit_ops/bit_ops_aeabi.S.obj
 .preinit_array.00020
                0x0000000020000284        0x4 CMakeFiles/BuzzerExample.dir/mnt/c/Users/champ/Documents/Programming/pico-sdk/src/rp2_common/pico_double/double_aeabi.S.obj
 .preinit_array.00020
                0x0000000020000288        0x4 CMakeFiles/BuzzerExample.dir/mnt/c/Users/champ/Documents/Programming/pico-sdk/src/rp2_common/pico_float/float_aeabi.S.obj
 *(.preinit_array)
                0x000000002000028c                PROVIDE (__preinit_array_end = .)
                0x000000002000028c                . = ALIGN (0x4)
                0x000000002000028c                PROVIDE (__init_array_start = .)
 *(SORT_BY_NAME(.init_array.*))
 *(.init_array)
 .init_array    0x000000002000028c        0x4 /usr/lib/gcc/arm-none-eabi/9.2.1/thumb/v6-m/nofp/crtbegin.o
                0x0000000020000290                PROVIDE (__init_array_end = .)
                0x0000000020000290                . = ALIGN (0x4)
                0x0000000020000290                PROVIDE (__fini_array_start = .)
 *(SORT_BY_NAME(.fini_array.*))
 *(.fini_array)
                0x0000000020000290                PROVIDE (__fini_array_end = .)
 *(.jcr)
                0x0000000020000290                . = ALIGN (0x4)
                0x0000000020000290                __data_end__ = .

.tm_clone_table
                0x0000000020000290        0x0 load address 0x0000000010005668
 .tm_clone_table
                0x0000000020000290        0x0 /usr/lib/gcc/arm-none-eabi/9.2.1/thumb/v6-m/nofp/crtbegin.o
 .tm_clone_table
                0x0000000020000290        0x0 /usr/lib/gcc/arm-none-eabi/9.2.1/thumb/v6-m/nofp/crtend.o

.igot.plt       0x0000000020000290        0x0 load address 0x0000000010005668
 .igot.plt      0x0000000020000290        0x0 /usr/lib/gcc/arm-none-eabi/9.2.1/thumb/v6-m/nofp/crtbegin.o

.uninitialized_data
                0x0000000020000290        0x0 load address 0x0000000010005668
                0x0000000020000290                . = ALIGN (0x4)
 *(.uninitialized_data*)

.scratch_x      0x0000000020040000        0x0 load address 0x0000000010005668
                0x0000000020040000                __scratch_x_start__ = .
 *(.scratch_x.*)
                0x0000000020040000                . = ALIGN (0x4)
                0x0000000020040000                __scratch_x_end__ = .
                0x0000000010005668                __scratch_x_source__ = LOADADDR (.scratch_x)

.scratch_y      0x0000000020041000        0x0 load address 0x0000000010005668
                0x0000000020041000                __scratch_y_start__ = .
 *(.scratch_y.*)
                0x0000000020041000                . = ALIGN (0x4)
                0x0000000020041000                __scratch_y_end__ = .
                0x0000000010005668                __scratch_y_source__ = LOADADDR (.scratch_y)

.bss            0x0000000020000290      0x3d0
                0x0000000020000290                . = ALIGN (0x4)
                0x0000000020000290                __bss_start__ = .
 *(SORT_BY_ALIGNMENT(SORT_BY_NAME(.bss*)))
 .bss.default_alarm_pool_entries
                0x0000000020000290      0x100 CMakeFiles/BuzzerExample.dir/mnt/c/Users/champ/Documents/Programming/pico-sdk/src/common/pico_time/time.c.obj
 .bss           0x0000000020000390       0x1c /usr/lib/gcc/arm-none-eabi/9.2.1/thumb/v6-m/nofp/crtbegin.o
 .bss.alarm_callbacks
                0x00000000200003ac       0x10 CMakeFiles/BuzzerExample.dir/mnt/c/Users/champ/Documents/Programming/pico-sdk/src/rp2_common/hardware_timer/timer.c.obj
 .bss.configured_freq
                0x00000000200003bc       0x28 CMakeFiles/BuzzerExample.dir/mnt/c/Users/champ/Documents/Programming/pico-sdk/src/rp2_common/hardware_clocks/clocks.c.obj
 .bss.default_alarm_pool_entry_ids_high
                0x00000000200003e4       0x10 CMakeFiles/BuzzerExample.dir/mnt/c/Users/champ/Documents/Programming/pico-sdk/src/common/pico_time/time.c.obj
 .bss.default_alarm_pool_heap_nodes
                0x00000000200003f4       0x30 CMakeFiles/BuzzerExample.dir/mnt/c/Users/champ/Documents/Programming/pico-sdk/src/common/pico_time/time.c.obj
 .bss.drivers   0x0000000020000424        0x4 CMakeFiles/BuzzerExample.dir/mnt/c/Users/champ/Documents/Programming/pico-sdk/src/rp2_common/pico_stdio/stdio.c.obj
 .bss.filter    0x0000000020000428        0x4 CMakeFiles/BuzzerExample.dir/mnt/c/Users/champ/Documents/Programming/pico-sdk/src/rp2_common/pico_stdio/stdio.c.obj
 .bss.pools     0x000000002000042c       0x10 CMakeFiles/BuzzerExample.dir/mnt/c/Users/champ/Documents/Programming/pico-sdk/src/common/pico_time/time.c.obj
 .bss.sf_clz_func
                0x000000002000043c        0x4 CMakeFiles/BuzzerExample.dir/mnt/c/Users/champ/Documents/Programming/pico-sdk/src/rp2_common/pico_double/double_init_rom.c.obj
                0x000000002000043c                sf_clz_func
 .bss.sleep_notifier
                0x0000000020000440        0x4 CMakeFiles/BuzzerExample.dir/mnt/c/Users/champ/Documents/Programming/pico-sdk/src/common/pico_time/time.c.obj
 .bss.target_hi
                0x0000000020000444       0x10 CMakeFiles/BuzzerExample.dir/mnt/c/Users/champ/Documents/Programming/pico-sdk/src/rp2_common/hardware_timer/timer.c.obj
 .bss.uart_instance
                0x0000000020000454        0x4 CMakeFiles/BuzzerExample.dir/mnt/c/Users/champ/Documents/Programming/pico-sdk/src/rp2_common/pico_stdio_uart/stdio_uart.c.obj
 .bss.claimed   0x0000000020000458        0x1 CMakeFiles/BuzzerExample.dir/mnt/c/Users/champ/Documents/Programming/pico-sdk/src/rp2_common/hardware_timer/timer.c.obj
 .bss.irq_hander_chain_free_slot_head
                0x0000000020000459        0x1 CMakeFiles/BuzzerExample.dir/mnt/c/Users/champ/Documents/Programming/pico-sdk/src/rp2_common/hardware_irq/irq.c.obj
 .bss.timer_callbacks_pending
                0x000000002000045a        0x1 CMakeFiles/BuzzerExample.dir/mnt/c/Users/champ/Documents/Programming/pico-sdk/src/rp2_common/hardware_timer/timer.c.obj
 *(COMMON)
 *fill*         0x000000002000045b        0x1 
 COMMON         0x000000002000045c        0x4 CMakeFiles/BuzzerExample.dir/mnt/c/Users/champ/Documents/Programming/pico-sdk/src/rp2_common/hardware_uart/uart.c.obj
                0x000000002000045c                uart_char_to_line_feed
 COMMON         0x0000000020000460      0x100 CMakeFiles/BuzzerExample.dir/mnt/c/Users/champ/Documents/Programming/pico-sdk/src/rp2_common/pico_double/double_init_rom.c.obj
                0x0000000020000460                sd_table
 COMMON         0x0000000020000560      0x100 CMakeFiles/BuzzerExample.dir/mnt/c/Users/champ/Documents/Programming/pico-sdk/src/rp2_common/pico_float/float_init_rom.c.obj
                0x0000000020000560                sf_table
                0x0000000020000660                . = ALIGN (0x4)
                0x0000000020000660                __bss_end__ = .

.heap           0x0000000020000660      0x800
                0x0000000020000660                __end__ = .
                0x0000000020000660                end = __end__
 *(.heap*)
 .heap          0x0000000020000660      0x800 CMakeFiles/BuzzerExample.dir/mnt/c/Users/champ/Documents/Programming/pico-sdk/src/rp2_common/pico_standard_link/crt0.S.obj
                0x0000000020000e60                __HeapLimit = .

.stack1_dummy   0x0000000020040000        0x0
 *(.stack1*)

.stack_dummy    0x0000000020041000      0x800
 *(.stack*)
 .stack         0x0000000020041000      0x800 CMakeFiles/BuzzerExample.dir/mnt/c/Users/champ/Documents/Programming/pico-sdk/src/rp2_common/pico_standard_link/crt0.S.obj

.flash_end      0x0000000010005668        0x0
                0x0000000010005668                __flash_binary_end = .
                0x0000000020040000                __StackLimit = (ORIGIN (RAM) + LENGTH (RAM))
                0x0000000020041000                __StackOneTop = (ORIGIN (SCRATCH_X) + LENGTH (SCRATCH_X))
                0x0000000020042000                __StackTop = (ORIGIN (SCRATCH_Y) + LENGTH (SCRATCH_Y))
                0x0000000020041000                __StackOneBottom = (__StackOneTop - SIZEOF (.stack1_dummy))
                0x0000000020041800                __StackBottom = (__StackTop - SIZEOF (.stack_dummy))
                0x0000000020042000                PROVIDE (__stack = __StackTop)
                0x0000000000000001                ASSERT ((__StackLimit >= __HeapLimit), region RAM overflowed)
                0x0000000000000001                ASSERT (((__binary_info_header_end - __logical_binary_start) <= 0x100), Binary info must be in first 256 bytes of the binary)
LOAD CMakeFiles/BuzzerExample.dir/BuzzerExample.c.obj
LOAD CMakeFiles/BuzzerExample.dir/mnt/c/Users/champ/Documents/Programming/pico-sdk/src/rp2_common/pico_stdlib/stdlib.c.obj
LOAD CMakeFiles/BuzzerExample.dir/mnt/c/Users/champ/Documents/Programming/pico-sdk/src/rp2_common/hardware_gpio/gpio.c.obj
LOAD CMakeFiles/BuzzerExample.dir/mnt/c/Users/champ/Documents/Programming/pico-sdk/src/rp2_common/hardware_claim/claim.c.obj
LOAD CMakeFiles/BuzzerExample.dir/mnt/c/Users/champ/Documents/Programming/pico-sdk/src/rp2_common/pico_platform/platform.c.obj
LOAD CMakeFiles/BuzzerExample.dir/mnt/c/Users/champ/Documents/Programming/pico-sdk/src/rp2_common/hardware_sync/sync.c.obj
LOAD CMakeFiles/BuzzerExample.dir/mnt/c/Users/champ/Documents/Programming/pico-sdk/src/rp2_common/hardware_uart/uart.c.obj
LOAD CMakeFiles/BuzzerExample.dir/mnt/c/Users/champ/Documents/Programming/pico-sdk/src/rp2_common/hardware_divider/divider.S.obj
LOAD CMakeFiles/BuzzerExample.dir/mnt/c/Users/champ/Documents/Programming/pico-sdk/src/common/pico_time/time.c.obj
LOAD CMakeFiles/BuzzerExample.dir/mnt/c/Users/champ/Documents/Programming/pico-sdk/src/common/pico_time/timeout_helper.c.obj
LOAD CMakeFiles/BuzzerExample.dir/mnt/c/Users/champ/Documents/Programming/pico-sdk/src/rp2_common/hardware_timer/timer.c.obj
LOAD CMakeFiles/BuzzerExample.dir/mnt/c/Users/champ/Documents/Programming/pico-sdk/src/common/pico_sync/sem.c.obj
LOAD CMakeFiles/BuzzerExample.dir/mnt/c/Users/champ/Documents/Programming/pico-sdk/src/common/pico_sync/lock_core.c.obj
LOAD CMakeFiles/BuzzerExample.dir/mnt/c/Users/champ/Documents/Programming/pico-sdk/src/common/pico_sync/mutex.c.obj
LOAD CMakeFiles/BuzzerExample.dir/mnt/c/Users/champ/Documents/Programming/pico-sdk/src/common/pico_sync/critical_section.c.obj
LOAD CMakeFiles/BuzzerExample.dir/mnt/c/Users/champ/Documents/Programming/pico-sdk/src/common/pico_util/datetime.c.obj
LOAD CMakeFiles/BuzzerExample.dir/mnt/c/Users/champ/Documents/Programming/pico-sdk/src/common/pico_util/pheap.c.obj
LOAD CMakeFiles/BuzzerExample.dir/mnt/c/Users/champ/Documents/Programming/pico-sdk/src/common/pico_util/queue.c.obj
LOAD CMakeFiles/BuzzerExample.dir/mnt/c/Users/champ/Documents/Programming/pico-sdk/src/rp2_common/pico_runtime/runtime.c.obj
LOAD CMakeFiles/BuzzerExample.dir/mnt/c/Users/champ/Documents/Programming/pico-sdk/src/rp2_common/hardware_clocks/clocks.c.obj
LOAD CMakeFiles/BuzzerExample.dir/mnt/c/Users/champ/Documents/Programming/pico-sdk/src/rp2_common/hardware_irq/irq.c.obj
LOAD CMakeFiles/BuzzerExample.dir/mnt/c/Users/champ/Documents/Programming/pico-sdk/src/rp2_common/hardware_irq/irq_handler_chain.S.obj
LOAD CMakeFiles/BuzzerExample.dir/mnt/c/Users/champ/Documents/Programming/pico-sdk/src/rp2_common/hardware_pll/pll.c.obj
LOAD CMakeFiles/BuzzerExample.dir/mnt/c/Users/champ/Documents/Programming/pico-sdk/src/rp2_common/hardware_vreg/vreg.c.obj
LOAD CMakeFiles/BuzzerExample.dir/mnt/c/Users/champ/Documents/Programming/pico-sdk/src/rp2_common/hardware_watchdog/watchdog.c.obj
LOAD CMakeFiles/BuzzerExample.dir/mnt/c/Users/champ/Documents/Programming/pico-sdk/src/rp2_common/hardware_xosc/xosc.c.obj
LOAD CMakeFiles/BuzzerExample.dir/mnt/c/Users/champ/Documents/Programming/pico-sdk/src/rp2_common/pico_printf/printf.c.obj
LOAD CMakeFiles/BuzzerExample.dir/mnt/c/Users/champ/Documents/Programming/pico-sdk/src/rp2_common/pico_bit_ops/bit_ops_aeabi.S.obj
LOAD CMakeFiles/BuzzerExample.dir/mnt/c/Users/champ/Documents/Programming/pico-sdk/src/rp2_common/pico_bootrom/bootrom.c.obj
LOAD CMakeFiles/BuzzerExample.dir/mnt/c/Users/champ/Documents/Programming/pico-sdk/src/rp2_common/pico_divider/divider.S.obj
LOAD CMakeFiles/BuzzerExample.dir/mnt/c/Users/champ/Documents/Programming/pico-sdk/src/rp2_common/pico_double/double_aeabi.S.obj
LOAD CMakeFiles/BuzzerExample.dir/mnt/c/Users/champ/Documents/Programming/pico-sdk/src/rp2_common/pico_double/double_init_rom.c.obj
LOAD CMakeFiles/BuzzerExample.dir/mnt/c/Users/champ/Documents/Programming/pico-sdk/src/rp2_common/pico_double/double_math.c.obj
LOAD CMakeFiles/BuzzerExample.dir/mnt/c/Users/champ/Documents/Programming/pico-sdk/src/rp2_common/pico_double/double_v1_rom_shim.S.obj
LOAD CMakeFiles/BuzzerExample.dir/mnt/c/Users/champ/Documents/Programming/pico-sdk/src/rp2_common/pico_int64_ops/pico_int64_ops_aeabi.S.obj
LOAD CMakeFiles/BuzzerExample.dir/mnt/c/Users/champ/Documents/Programming/pico-sdk/src/rp2_common/pico_float/float_aeabi.S.obj
LOAD CMakeFiles/BuzzerExample.dir/mnt/c/Users/champ/Documents/Programming/pico-sdk/src/rp2_common/pico_float/float_init_rom.c.obj
LOAD CMakeFiles/BuzzerExample.dir/mnt/c/Users/champ/Documents/Programming/pico-sdk/src/rp2_common/pico_float/float_math.c.obj
LOAD CMakeFiles/BuzzerExample.dir/mnt/c/Users/champ/Documents/Programming/pico-sdk/src/rp2_common/pico_float/float_v1_rom_shim.S.obj
LOAD CMakeFiles/BuzzerExample.dir/mnt/c/Users/champ/Documents/Programming/pico-sdk/src/rp2_common/pico_malloc/pico_malloc.c.obj
LOAD CMakeFiles/BuzzerExample.dir/mnt/c/Users/champ/Documents/Programming/pico-sdk/src/rp2_common/pico_mem_ops/mem_ops_aeabi.S.obj
LOAD CMakeFiles/BuzzerExample.dir/mnt/c/Users/champ/Documents/Programming/pico-sdk/src/rp2_common/pico_standard_link/crt0.S.obj
LOAD CMakeFiles/BuzzerExample.dir/mnt/c/Users/champ/Documents/Programming/pico-sdk/src/rp2_common/pico_standard_link/new_delete.cpp.obj
LOAD CMakeFiles/BuzzerExample.dir/mnt/c/Users/champ/Documents/Programming/pico-sdk/src/rp2_common/pico_standard_link/binary_info.c.obj
LOAD CMakeFiles/BuzzerExample.dir/mnt/c/Users/champ/Documents/Programming/pico-sdk/src/rp2_common/pico_stdio/stdio.c.obj
LOAD CMakeFiles/BuzzerExample.dir/mnt/c/Users/champ/Documents/Programming/pico-sdk/src/rp2_common/pico_stdio_uart/stdio_uart.c.obj
LOAD /tmp/cc3NsA66.o
LOAD /usr/lib/gcc/arm-none-eabi/9.2.1/../../../arm-none-eabi/lib/thumb/v6-m/nofp/libstdc++.a
LOAD /usr/lib/gcc/arm-none-eabi/9.2.1/../../../arm-none-eabi/lib/thumb/v6-m/nofp/libm.a
START GROUP
LOAD /usr/lib/gcc/arm-none-eabi/9.2.1/thumb/v6-m/nofp/libgcc.a
LOAD /usr/lib/gcc/arm-none-eabi/9.2.1/../../../arm-none-eabi/lib/thumb/v6-m/nofp/libg.a
LOAD /usr/lib/gcc/arm-none-eabi/9.2.1/../../../arm-none-eabi/lib/thumb/v6-m/nofp/libc.a
END GROUP
START GROUP
LOAD /usr/lib/gcc/arm-none-eabi/9.2.1/thumb/v6-m/nofp/libgcc.a
LOAD /usr/lib/gcc/arm-none-eabi/9.2.1/../../../arm-none-eabi/lib/thumb/v6-m/nofp/libc.a
LOAD /usr/lib/gcc/arm-none-eabi/9.2.1/../../../arm-none-eabi/lib/thumb/v6-m/nofp/libnosys.a
END GROUP
LOAD /usr/lib/gcc/arm-none-eabi/9.2.1/thumb/v6-m/nofp/crtend.o
LOAD /usr/lib/gcc/arm-none-eabi/9.2.1/thumb/v6-m/nofp/crtn.o
OUTPUT(BuzzerExample.elf elf32-littlearm)
LOAD linker stubs

.ARM.attributes
                0x0000000000000000       0x28
 .ARM.attributes
                0x0000000000000000       0x1e /usr/lib/gcc/arm-none-eabi/9.2.1/thumb/v6-m/nofp/crti.o
 .ARM.attributes
                0x000000000000001e       0x2c /usr/lib/gcc/arm-none-eabi/9.2.1/thumb/v6-m/nofp/crtbegin.o
 .ARM.attributes
                0x000000000000004a       0x2c CMakeFiles/BuzzerExample.dir/BuzzerExample.c.obj
 .ARM.attributes
                0x0000000000000076       0x2c CMakeFiles/BuzzerExample.dir/mnt/c/Users/champ/Documents/Programming/pico-sdk/src/rp2_common/hardware_gpio/gpio.c.obj
 .ARM.attributes
                0x00000000000000a2       0x2c CMakeFiles/BuzzerExample.dir/mnt/c/Users/champ/Documents/Programming/pico-sdk/src/rp2_common/hardware_claim/claim.c.obj
 .ARM.attributes
                0x00000000000000ce       0x2c CMakeFiles/BuzzerExample.dir/mnt/c/Users/champ/Documents/Programming/pico-sdk/src/rp2_common/pico_platform/platform.c.obj
 .ARM.attributes
                0x00000000000000fa       0x2c CMakeFiles/BuzzerExample.dir/mnt/c/Users/champ/Documents/Programming/pico-sdk/src/rp2_common/hardware_sync/sync.c.obj
 .ARM.attributes
                0x0000000000000126       0x2c CMakeFiles/BuzzerExample.dir/mnt/c/Users/champ/Documents/Programming/pico-sdk/src/rp2_common/hardware_uart/uart.c.obj
 .ARM.attributes
                0x0000000000000152       0x2c CMakeFiles/BuzzerExample.dir/mnt/c/Users/champ/Documents/Programming/pico-sdk/src/common/pico_time/time.c.obj
 .ARM.attributes
                0x000000000000017e       0x2c CMakeFiles/BuzzerExample.dir/mnt/c/Users/champ/Documents/Programming/pico-sdk/src/rp2_common/hardware_timer/timer.c.obj
 .ARM.attributes
                0x00000000000001aa       0x2c CMakeFiles/BuzzerExample.dir/mnt/c/Users/champ/Documents/Programming/pico-sdk/src/common/pico_sync/lock_core.c.obj
 .ARM.attributes
                0x00000000000001d6       0x2c CMakeFiles/BuzzerExample.dir/mnt/c/Users/champ/Documents/Programming/pico-sdk/src/common/pico_sync/mutex.c.obj
 .ARM.attributes
                0x0000000000000202       0x2c CMakeFiles/BuzzerExample.dir/mnt/c/Users/champ/Documents/Programming/pico-sdk/src/common/pico_util/pheap.c.obj
 .ARM.attributes
                0x000000000000022e       0x2c CMakeFiles/BuzzerExample.dir/mnt/c/Users/champ/Documents/Programming/pico-sdk/src/rp2_common/pico_runtime/runtime.c.obj
 .ARM.attributes
                0x000000000000025a       0x2c CMakeFiles/BuzzerExample.dir/mnt/c/Users/champ/Documents/Programming/pico-sdk/src/rp2_common/hardware_clocks/clocks.c.obj
 .ARM.attributes
                0x0000000000000286       0x2c CMakeFiles/BuzzerExample.dir/mnt/c/Users/champ/Documents/Programming/pico-sdk/src/rp2_common/hardware_irq/irq.c.obj
 .ARM.attributes
                0x00000000000002b2       0x22 CMakeFiles/BuzzerExample.dir/mnt/c/Users/champ/Documents/Programming/pico-sdk/src/rp2_common/hardware_irq/irq_handler_chain.S.obj
 .ARM.attributes
                0x00000000000002d4       0x2c CMakeFiles/BuzzerExample.dir/mnt/c/Users/champ/Documents/Programming/pico-sdk/src/rp2_common/hardware_pll/pll.c.obj
 .ARM.attributes
                0x0000000000000300       0x2c CMakeFiles/BuzzerExample.dir/mnt/c/Users/champ/Documents/Programming/pico-sdk/src/rp2_common/hardware_watchdog/watchdog.c.obj
 .ARM.attributes
                0x000000000000032c       0x2c CMakeFiles/BuzzerExample.dir/mnt/c/Users/champ/Documents/Programming/pico-sdk/src/rp2_common/hardware_xosc/xosc.c.obj
 .ARM.attributes
                0x0000000000000358       0x2c CMakeFiles/BuzzerExample.dir/mnt/c/Users/champ/Documents/Programming/pico-sdk/src/rp2_common/pico_printf/printf.c.obj
 .ARM.attributes
                0x0000000000000384       0x22 CMakeFiles/BuzzerExample.dir/mnt/c/Users/champ/Documents/Programming/pico-sdk/src/rp2_common/pico_bit_ops/bit_ops_aeabi.S.obj
 .ARM.attributes
                0x00000000000003a6       0x2c CMakeFiles/BuzzerExample.dir/mnt/c/Users/champ/Documents/Programming/pico-sdk/src/rp2_common/pico_bootrom/bootrom.c.obj
 .ARM.attributes
                0x00000000000003d2       0x22 CMakeFiles/BuzzerExample.dir/mnt/c/Users/champ/Documents/Programming/pico-sdk/src/rp2_common/pico_divider/divider.S.obj
 .ARM.attributes
                0x00000000000003f4       0x22 CMakeFiles/BuzzerExample.dir/mnt/c/Users/champ/Documents/Programming/pico-sdk/src/rp2_common/pico_double/double_aeabi.S.obj
 .ARM.attributes
                0x0000000000000416       0x2c CMakeFiles/BuzzerExample.dir/mnt/c/Users/champ/Documents/Programming/pico-sdk/src/rp2_common/pico_double/double_init_rom.c.obj
 .ARM.attributes
                0x0000000000000442       0x22 CMakeFiles/BuzzerExample.dir/mnt/c/Users/champ/Documents/Programming/pico-sdk/src/rp2_common/pico_double/double_v1_rom_shim.S.obj
 .ARM.attributes
                0x0000000000000464       0x22 CMakeFiles/BuzzerExample.dir/mnt/c/Users/champ/Documents/Programming/pico-sdk/src/rp2_common/pico_int64_ops/pico_int64_ops_aeabi.S.obj
 .ARM.attributes
                0x0000000000000486       0x22 CMakeFiles/BuzzerExample.dir/mnt/c/Users/champ/Documents/Programming/pico-sdk/src/rp2_common/pico_float/float_aeabi.S.obj
 .ARM.attributes
                0x00000000000004a8       0x2c CMakeFiles/BuzzerExample.dir/mnt/c/Users/champ/Documents/Programming/pico-sdk/src/rp2_common/pico_float/float_init_rom.c.obj
 .ARM.attributes
                0x00000000000004d4       0x22 CMakeFiles/BuzzerExample.dir/mnt/c/Users/champ/Documents/Programming/pico-sdk/src/rp2_common/pico_float/float_v1_rom_shim.S.obj
 .ARM.attributes
                0x00000000000004f6       0x22 CMakeFiles/BuzzerExample.dir/mnt/c/Users/champ/Documents/Programming/pico-sdk/src/rp2_common/pico_mem_ops/mem_ops_aeabi.S.obj
 .ARM.attributes
                0x0000000000000518       0x22 CMakeFiles/BuzzerExample.dir/mnt/c/Users/champ/Documents/Programming/pico-sdk/src/rp2_common/pico_standard_link/crt0.S.obj
 .ARM.attributes
                0x000000000000053a       0x32 CMakeFiles/BuzzerExample.dir/mnt/c/Users/champ/Documents/Programming/pico-sdk/src/rp2_common/pico_standard_link/binary_info.c.obj
 .ARM.attributes
                0x000000000000056c       0x2c CMakeFiles/BuzzerExample.dir/mnt/c/Users/champ/Documents/Programming/pico-sdk/src/rp2_common/pico_stdio/stdio.c.obj
 .ARM.attributes
                0x0000000000000598       0x2c CMakeFiles/BuzzerExample.dir/mnt/c/Users/champ/Documents/Programming/pico-sdk/src/rp2_common/pico_stdio_uart/stdio_uart.c.obj
 .ARM.attributes
                0x00000000000005c4       0x22 /tmp/cc3NsA66.o
 .ARM.attributes
                0x00000000000005e6       0x1e /usr/lib/gcc/arm-none-eabi/9.2.1/thumb/v6-m/nofp/libgcc.a(_dvmd_tls.o)
 .ARM.attributes
                0x0000000000000604       0x2c /usr/lib/gcc/arm-none-eabi/9.2.1/../../../arm-none-eabi/lib/thumb/v6-m/nofp/libg.a(lib_a-strlen-stub.o)
 .ARM.attributes
                0x0000000000000630       0x2c /usr/lib/gcc/arm-none-eabi/9.2.1/thumb/v6-m/nofp/crtend.o

.comment        0x0000000000000000       0xa7
 .comment       0x0000000000000000       0x59 /usr/lib/gcc/arm-none-eabi/9.2.1/thumb/v6-m/nofp/crtbegin.o
                                         0x5a (size before relaxing)
 .comment       0x0000000000000059       0x5a CMakeFiles/BuzzerExample.dir/BuzzerExample.c.obj
 .comment       0x0000000000000059       0x5a CMakeFiles/BuzzerExample.dir/mnt/c/Users/champ/Documents/Programming/pico-sdk/src/rp2_common/hardware_gpio/gpio.c.obj
 .comment       0x0000000000000059       0x5a CMakeFiles/BuzzerExample.dir/mnt/c/Users/champ/Documents/Programming/pico-sdk/src/rp2_common/hardware_claim/claim.c.obj
 .comment       0x0000000000000059       0x5a CMakeFiles/BuzzerExample.dir/mnt/c/Users/champ/Documents/Programming/pico-sdk/src/rp2_common/pico_platform/platform.c.obj
 .comment       0x0000000000000059       0x5a CMakeFiles/BuzzerExample.dir/mnt/c/Users/champ/Documents/Programming/pico-sdk/src/rp2_common/hardware_sync/sync.c.obj
 .comment       0x0000000000000059       0x5a CMakeFiles/BuzzerExample.dir/mnt/c/Users/champ/Documents/Programming/pico-sdk/src/rp2_common/hardware_uart/uart.c.obj
 .comment       0x0000000000000059       0x5a CMakeFiles/BuzzerExample.dir/mnt/c/Users/champ/Documents/Programming/pico-sdk/src/common/pico_time/time.c.obj
 .comment       0x0000000000000059       0x5a CMakeFiles/BuzzerExample.dir/mnt/c/Users/champ/Documents/Programming/pico-sdk/src/rp2_common/hardware_timer/timer.c.obj
 .comment       0x0000000000000059       0x5a CMakeFiles/BuzzerExample.dir/mnt/c/Users/champ/Documents/Programming/pico-sdk/src/common/pico_sync/lock_core.c.obj
 .comment       0x0000000000000059       0x5a CMakeFiles/BuzzerExample.dir/mnt/c/Users/champ/Documents/Programming/pico-sdk/src/common/pico_sync/mutex.c.obj
 .comment       0x0000000000000059       0x5a CMakeFiles/BuzzerExample.dir/mnt/c/Users/champ/Documents/Programming/pico-sdk/src/common/pico_util/pheap.c.obj
 .comment       0x0000000000000059       0x5a CMakeFiles/BuzzerExample.dir/mnt/c/Users/champ/Documents/Programming/pico-sdk/src/rp2_common/pico_runtime/runtime.c.obj
 .comment       0x0000000000000059       0x5a CMakeFiles/BuzzerExample.dir/mnt/c/Users/champ/Documents/Programming/pico-sdk/src/rp2_common/hardware_clocks/clocks.c.obj
 .comment       0x0000000000000059       0x5a CMakeFiles/BuzzerExample.dir/mnt/c/Users/champ/Documents/Programming/pico-sdk/src/rp2_common/hardware_irq/irq.c.obj
 .comment       0x0000000000000059       0x5a CMakeFiles/BuzzerExample.dir/mnt/c/Users/champ/Documents/Programming/pico-sdk/src/rp2_common/hardware_pll/pll.c.obj
 .comment       0x0000000000000059       0x5a CMakeFiles/BuzzerExample.dir/mnt/c/Users/champ/Documents/Programming/pico-sdk/src/rp2_common/hardware_watchdog/watchdog.c.obj
 .comment       0x0000000000000059       0x5a CMakeFiles/BuzzerExample.dir/mnt/c/Users/champ/Documents/Programming/pico-sdk/src/rp2_common/hardware_xosc/xosc.c.obj
 .comment       0x0000000000000059       0x5a CMakeFiles/BuzzerExample.dir/mnt/c/Users/champ/Documents/Programming/pico-sdk/src/rp2_common/pico_printf/printf.c.obj
 .comment       0x0000000000000059       0x5a CMakeFiles/BuzzerExample.dir/mnt/c/Users/champ/Documents/Programming/pico-sdk/src/rp2_common/pico_bootrom/bootrom.c.obj
 .comment       0x0000000000000059       0x5a CMakeFiles/BuzzerExample.dir/mnt/c/Users/champ/Documents/Programming/pico-sdk/src/rp2_common/pico_double/double_init_rom.c.obj
 .comment       0x0000000000000059       0x5a CMakeFiles/BuzzerExample.dir/mnt/c/Users/champ/Documents/Programming/pico-sdk/src/rp2_common/pico_float/float_init_rom.c.obj
 .comment       0x0000000000000059       0x5a CMakeFiles/BuzzerExample.dir/mnt/c/Users/champ/Documents/Programming/pico-sdk/src/rp2_common/pico_standard_link/binary_info.c.obj
 .comment       0x0000000000000059       0x5a CMakeFiles/BuzzerExample.dir/mnt/c/Users/champ/Documents/Programming/pico-sdk/src/rp2_common/pico_stdio/stdio.c.obj
 .comment       0x0000000000000059       0x5a CMakeFiles/BuzzerExample.dir/mnt/c/Users/champ/Documents/Programming/pico-sdk/src/rp2_common/pico_stdio_uart/stdio_uart.c.obj
 .comment       0x0000000000000059       0x4e /usr/lib/gcc/arm-none-eabi/9.2.1/../../../arm-none-eabi/lib/thumb/v6-m/nofp/libg.a(lib_a-strlen-stub.o)
                                         0x4f (size before relaxing)
 .comment       0x00000000000000a7       0x5a /usr/lib/gcc/arm-none-eabi/9.2.1/thumb/v6-m/nofp/crtend.o

.debug_info     0x0000000000000000    0x1921c
 .debug_info    0x0000000000000000     0x160b CMakeFiles/BuzzerExample.dir/BuzzerExample.c.obj
 .debug_info    0x000000000000160b     0x1479 CMakeFiles/BuzzerExample.dir/mnt/c/Users/champ/Documents/Programming/pico-sdk/src/rp2_common/hardware_gpio/gpio.c.obj
 .debug_info    0x0000000000002a84      0x6a3 CMakeFiles/BuzzerExample.dir/mnt/c/Users/champ/Documents/Programming/pico-sdk/src/rp2_common/hardware_claim/claim.c.obj
 .debug_info    0x0000000000003127      0x1cb CMakeFiles/BuzzerExample.dir/mnt/c/Users/champ/Documents/Programming/pico-sdk/src/rp2_common/pico_platform/platform.c.obj
 .debug_info    0x00000000000032f2      0x576 CMakeFiles/BuzzerExample.dir/mnt/c/Users/champ/Documents/Programming/pico-sdk/src/rp2_common/hardware_sync/sync.c.obj
 .debug_info    0x0000000000003868      0xb2e CMakeFiles/BuzzerExample.dir/mnt/c/Users/champ/Documents/Programming/pico-sdk/src/rp2_common/hardware_uart/uart.c.obj
 .debug_info    0x0000000000004396     0x435e CMakeFiles/BuzzerExample.dir/mnt/c/Users/champ/Documents/Programming/pico-sdk/src/common/pico_time/time.c.obj
 .debug_info    0x00000000000086f4     0x10e6 CMakeFiles/BuzzerExample.dir/mnt/c/Users/champ/Documents/Programming/pico-sdk/src/rp2_common/hardware_timer/timer.c.obj
 .debug_info    0x00000000000097da      0x1e4 CMakeFiles/BuzzerExample.dir/mnt/c/Users/champ/Documents/Programming/pico-sdk/src/common/pico_sync/lock_core.c.obj
 .debug_info    0x00000000000099be     0x1feb CMakeFiles/BuzzerExample.dir/mnt/c/Users/champ/Documents/Programming/pico-sdk/src/common/pico_sync/mutex.c.obj
 .debug_info    0x000000000000b9a9     0x1aa5 CMakeFiles/BuzzerExample.dir/mnt/c/Users/champ/Documents/Programming/pico-sdk/src/common/pico_util/pheap.c.obj
 .debug_info    0x000000000000d44e     0x1355 CMakeFiles/BuzzerExample.dir/mnt/c/Users/champ/Documents/Programming/pico-sdk/src/rp2_common/pico_runtime/runtime.c.obj
 .debug_info    0x000000000000e7a3      0xf02 CMakeFiles/BuzzerExample.dir/mnt/c/Users/champ/Documents/Programming/pico-sdk/src/rp2_common/hardware_clocks/clocks.c.obj
 .debug_info    0x000000000000f6a5     0x195a CMakeFiles/BuzzerExample.dir/mnt/c/Users/champ/Documents/Programming/pico-sdk/src/rp2_common/hardware_irq/irq.c.obj
 .debug_info    0x0000000000010fff       0x26 CMakeFiles/BuzzerExample.dir/mnt/c/Users/champ/Documents/Programming/pico-sdk/src/rp2_common/hardware_irq/irq_handler_chain.S.obj
 .debug_info    0x0000000000011025      0x4e8 CMakeFiles/BuzzerExample.dir/mnt/c/Users/champ/Documents/Programming/pico-sdk/src/rp2_common/hardware_pll/pll.c.obj
 .debug_info    0x000000000001150d      0xd7e CMakeFiles/BuzzerExample.dir/mnt/c/Users/champ/Documents/Programming/pico-sdk/src/rp2_common/hardware_watchdog/watchdog.c.obj
 .debug_info    0x000000000001228b      0x1c0 CMakeFiles/BuzzerExample.dir/mnt/c/Users/champ/Documents/Programming/pico-sdk/src/rp2_common/hardware_xosc/xosc.c.obj
 .debug_info    0x000000000001244b     0x1fbf CMakeFiles/BuzzerExample.dir/mnt/c/Users/champ/Documents/Programming/pico-sdk/src/rp2_common/pico_printf/printf.c.obj
 .debug_info    0x000000000001440a       0x22 CMakeFiles/BuzzerExample.dir/mnt/c/Users/champ/Documents/Programming/pico-sdk/src/rp2_common/pico_bit_ops/bit_ops_aeabi.S.obj
 .debug_info    0x000000000001442c      0x258 CMakeFiles/BuzzerExample.dir/mnt/c/Users/champ/Documents/Programming/pico-sdk/src/rp2_common/pico_bootrom/bootrom.c.obj
 .debug_info    0x0000000000014684       0x22 CMakeFiles/BuzzerExample.dir/mnt/c/Users/champ/Documents/Programming/pico-sdk/src/rp2_common/pico_divider/divider.S.obj
 .debug_info    0x00000000000146a6       0x22 CMakeFiles/BuzzerExample.dir/mnt/c/Users/champ/Documents/Programming/pico-sdk/src/rp2_common/pico_double/double_aeabi.S.obj
 .debug_info    0x00000000000146c8      0xb2a CMakeFiles/BuzzerExample.dir/mnt/c/Users/champ/Documents/Programming/pico-sdk/src/rp2_common/pico_double/double_init_rom.c.obj
 .debug_info    0x00000000000151f2       0x22 CMakeFiles/BuzzerExample.dir/mnt/c/Users/champ/Documents/Programming/pico-sdk/src/rp2_common/pico_double/double_v1_rom_shim.S.obj
 .debug_info    0x0000000000015214       0x26 CMakeFiles/BuzzerExample.dir/mnt/c/Users/champ/Documents/Programming/pico-sdk/src/rp2_common/pico_int64_ops/pico_int64_ops_aeabi.S.obj
 .debug_info    0x000000000001523a       0x22 CMakeFiles/BuzzerExample.dir/mnt/c/Users/champ/Documents/Programming/pico-sdk/src/rp2_common/pico_float/float_aeabi.S.obj
 .debug_info    0x000000000001525c      0xb44 CMakeFiles/BuzzerExample.dir/mnt/c/Users/champ/Documents/Programming/pico-sdk/src/rp2_common/pico_float/float_init_rom.c.obj
 .debug_info    0x0000000000015da0       0x22 CMakeFiles/BuzzerExample.dir/mnt/c/Users/champ/Documents/Programming/pico-sdk/src/rp2_common/pico_float/float_v1_rom_shim.S.obj
 .debug_info    0x0000000000015dc2       0x22 CMakeFiles/BuzzerExample.dir/mnt/c/Users/champ/Documents/Programming/pico-sdk/src/rp2_common/pico_mem_ops/mem_ops_aeabi.S.obj
 .debug_info    0x0000000000015de4       0x22 CMakeFiles/BuzzerExample.dir/mnt/c/Users/champ/Documents/Programming/pico-sdk/src/rp2_common/pico_standard_link/crt0.S.obj
 .debug_info    0x0000000000015e06      0x2f7 CMakeFiles/BuzzerExample.dir/mnt/c/Users/champ/Documents/Programming/pico-sdk/src/rp2_common/pico_standard_link/binary_info.c.obj
 .debug_info    0x00000000000160fd     0x1b7b CMakeFiles/BuzzerExample.dir/mnt/c/Users/champ/Documents/Programming/pico-sdk/src/rp2_common/pico_stdio/stdio.c.obj
 .debug_info    0x0000000000017c78      0xc0b CMakeFiles/BuzzerExample.dir/mnt/c/Users/champ/Documents/Programming/pico-sdk/src/rp2_common/pico_stdio_uart/stdio_uart.c.obj
 .debug_info    0x0000000000018883       0x26 /usr/lib/gcc/arm-none-eabi/9.2.1/thumb/v6-m/nofp/libgcc.a(_dvmd_tls.o)
 .debug_info    0x00000000000188a9      0x973 /usr/lib/gcc/arm-none-eabi/9.2.1/../../../arm-none-eabi/lib/thumb/v6-m/nofp/libg.a(lib_a-strlen-stub.o)
