Archive member included to satisfy reference by file (symbol)

/usr/lib/gcc/arm-none-eabi/9.2.1/thumb/v6-m/nofp/libgcc.a(_dvmd_tls.o)
                              CMakeFiles/pico-fractal.dir/mnt/c/Users/champ/Documents/Programming/pico-sdk/src/rp2_common/pico_divider/divider.S.obj (__aeabi_idiv0)
/usr/lib/gcc/arm-none-eabi/9.2.1/../../../arm-none-eabi/lib/thumb/v6-m/nofp/libg.a(lib_a-atexit.o)
                              /usr/lib/gcc/arm-none-eabi/9.2.1/../../../arm-none-eabi/lib/thumb/v6-m/nofp/crt0.o (atexit)
/usr/lib/gcc/arm-none-eabi/9.2.1/../../../arm-none-eabi/lib/thumb/v6-m/nofp/libg.a(lib_a-calloc.o)
                              CMakeFiles/pico-fractal.dir/mnt/c/Users/champ/Documents/Programming/pico-sdk/src/rp2_common/pico_malloc/pico_malloc.c.obj (calloc)
/usr/lib/gcc/arm-none-eabi/9.2.1/../../../arm-none-eabi/lib/thumb/v6-m/nofp/libg.a(lib_a-callocr.o)
                              /usr/lib/gcc/arm-none-eabi/9.2.1/../../../arm-none-eabi/lib/thumb/v6-m/nofp/libg.a(lib_a-calloc.o) (_calloc_r)
/usr/lib/gcc/arm-none-eabi/9.2.1/../../../arm-none-eabi/lib/thumb/v6-m/nofp/libg.a(lib_a-fini.o)
                              /usr/lib/gcc/arm-none-eabi/9.2.1/../../../arm-none-eabi/lib/thumb/v6-m/nofp/crt0.o (__libc_fini_array)
/usr/lib/gcc/arm-none-eabi/9.2.1/../../../arm-none-eabi/lib/thumb/v6-m/nofp/libg.a(lib_a-impure.o)
                              CMakeFiles/pico-fractal.dir/pico-fractal.c.obj (_impure_ptr)
/usr/lib/gcc/arm-none-eabi/9.2.1/../../../arm-none-eabi/lib/thumb/v6-m/nofp/libg.a(lib_a-init.o)
                              /usr/lib/gcc/arm-none-eabi/9.2.1/../../../arm-none-eabi/lib/thumb/v6-m/nofp/crt0.o (__libc_init_array)
/usr/lib/gcc/arm-none-eabi/9.2.1/../../../arm-none-eabi/lib/thumb/v6-m/nofp/libg.a(lib_a-malloc.o)
                              CMakeFiles/pico-fractal.dir/mnt/c/Users/champ/Documents/Programming/pico-sdk/src/rp2_common/pico_malloc/pico_malloc.c.obj (malloc)
/usr/lib/gcc/arm-none-eabi/9.2.1/../../../arm-none-eabi/lib/thumb/v6-m/nofp/libg.a(lib_a-mallocr.o)
                              /usr/lib/gcc/arm-none-eabi/9.2.1/../../../arm-none-eabi/lib/thumb/v6-m/nofp/libg.a(lib_a-callocr.o) (_malloc_r)
/usr/lib/gcc/arm-none-eabi/9.2.1/../../../arm-none-eabi/lib/thumb/v6-m/nofp/libg.a(lib_a-mlock.o)
                              /usr/lib/gcc/arm-none-eabi/9.2.1/../../../arm-none-eabi/lib/thumb/v6-m/nofp/libg.a(lib_a-mallocr.o) (__malloc_lock)
/usr/lib/gcc/arm-none-eabi/9.2.1/../../../arm-none-eabi/lib/thumb/v6-m/nofp/libg.a(lib_a-sbrkr.o)
                              /usr/lib/gcc/arm-none-eabi/9.2.1/../../../arm-none-eabi/lib/thumb/v6-m/nofp/libg.a(lib_a-mallocr.o) (_sbrk_r)
/usr/lib/gcc/arm-none-eabi/9.2.1/../../../arm-none-eabi/lib/thumb/v6-m/nofp/libg.a(lib_a-setvbuf.o)
                              CMakeFiles/pico-fractal.dir/pico-fractal.c.obj (setvbuf)
/usr/lib/gcc/arm-none-eabi/9.2.1/../../../arm-none-eabi/lib/thumb/v6-m/nofp/libg.a(lib_a-strlen-stub.o)
                              CMakeFiles/pico-fractal.dir/mnt/c/Users/champ/Documents/Programming/pico-sdk/src/rp2_common/pico_stdio/stdio.c.obj (strlen)
/usr/lib/gcc/arm-none-eabi/9.2.1/../../../arm-none-eabi/lib/thumb/v6-m/nofp/libg.a(lib_a-__atexit.o)
                              /usr/lib/gcc/arm-none-eabi/9.2.1/../../../arm-none-eabi/lib/thumb/v6-m/nofp/libg.a(lib_a-atexit.o) (__register_exitproc)
/usr/lib/gcc/arm-none-eabi/9.2.1/../../../arm-none-eabi/lib/thumb/v6-m/nofp/libg.a(lib_a-fflush.o)
                              /usr/lib/gcc/arm-none-eabi/9.2.1/../../../arm-none-eabi/lib/thumb/v6-m/nofp/libg.a(lib_a-setvbuf.o) (_fflush_r)
/usr/lib/gcc/arm-none-eabi/9.2.1/../../../arm-none-eabi/lib/thumb/v6-m/nofp/libg.a(lib_a-findfp.o)
                              /usr/lib/gcc/arm-none-eabi/9.2.1/../../../arm-none-eabi/lib/thumb/v6-m/nofp/libg.a(lib_a-setvbuf.o) (__sinit)
/usr/lib/gcc/arm-none-eabi/9.2.1/../../../arm-none-eabi/lib/thumb/v6-m/nofp/libg.a(lib_a-freer.o)
                              /usr/lib/gcc/arm-none-eabi/9.2.1/../../../arm-none-eabi/lib/thumb/v6-m/nofp/libg.a(lib_a-malloc.o) (_free_r)
/usr/lib/gcc/arm-none-eabi/9.2.1/../../../arm-none-eabi/lib/thumb/v6-m/nofp/libg.a(lib_a-fwalk.o)
                              /usr/lib/gcc/arm-none-eabi/9.2.1/../../../arm-none-eabi/lib/thumb/v6-m/nofp/libg.a(lib_a-findfp.o) (_fwalk)
/usr/lib/gcc/arm-none-eabi/9.2.1/../../../arm-none-eabi/lib/thumb/v6-m/nofp/libg.a(lib_a-makebuf.o)
                              /usr/lib/gcc/arm-none-eabi/9.2.1/../../../arm-none-eabi/lib/thumb/v6-m/nofp/libg.a(lib_a-setvbuf.o) (__swhatbuf_r)
/usr/lib/gcc/arm-none-eabi/9.2.1/../../../arm-none-eabi/lib/thumb/v6-m/nofp/libg.a(lib_a-reent.o)
                              /usr/lib/gcc/arm-none-eabi/9.2.1/../../../arm-none-eabi/lib/thumb/v6-m/nofp/libg.a(lib_a-sbrkr.o) (errno)
/usr/lib/gcc/arm-none-eabi/9.2.1/../../../arm-none-eabi/lib/thumb/v6-m/nofp/libg.a(lib_a-stdio.o)
[...]
Memory Configuration

Name             Origin             Length             Attributes
FLASH            0x0000000010000000 0x0000000000200000 xr
RAM              0x0000000020000000 0x0000000000040000 xrw
SCRATCH_X        0x0000000020040000 0x0000000000001000 xrw
SCRATCH_Y        0x0000000020041000 0x0000000000001000 xrw
*default*        0x0000000000000000 0xffffffffffffffff

Linker script and memory map

LOAD /usr/lib/gcc/arm-none-eabi/9.2.1/thumb/v6-m/nofp/crti.o
LOAD /usr/lib/gcc/arm-none-eabi/9.2.1/thumb/v6-m/nofp/crtbegin.o
LOAD /usr/lib/gcc/arm-none-eabi/9.2.1/../../../arm-none-eabi/lib/thumb/v6-m/nofp/crt0.o

.flash_begin    0x0000000010000000        0x0
                0x0000000010000000                __flash_binary_start = .

.boot2          0x0000000010000000      0x100
                0x0000000010000000                __boot2_start__ = .
 *(.boot2)
 .boot2         0x0000000010000000      0x100 /tmp/ccQMa4Fi.o
                0x0000000010000100                __boot2_end__ = .
                0x0000000000000001                ASSERT (((__boot2_end__ - __boot2_start__) == 0x100), ERROR: Pico second stage bootloader must be 256 bytes in size)

.text           0x0000000010000100     0x5ba8
                0x0000000010000100                __logical_binary_start = .
 *(.vectors)
 .vectors       0x0000000010000100       0xd4 CMakeFiles/pico-fractal.dir/mnt/c/Users/champ/Documents/Programming/pico-sdk/src/rp2_common/pico_standard_link/crt0.S.obj
                0x0000000010000100                __vectors
                0x0000000010000100                __VECTOR_TABLE
                0x00000000100001c0                isr_invalid
                0x00000000100001c0                __default_isrs_start
                0x00000000100001c2                isr_nmi
                0x00000000100001c4                isr_hardfault
                0x00000000100001c6                isr_svcall
                0x00000000100001c8                isr_pendsv
                0x00000000100001ca                isr_systick
                0x00000000100001cc                isr_irq30
                0x00000000100001cc                __unhandled_user_irq
                0x00000000100001cc                isr_irq13
                0x00000000100001cc                isr_irq27
                0x00000000100001cc                isr_irq31
                0x00000000100001cc                isr_irq5
                0x00000000100001cc                isr_irq11
                0x00000000100001cc                isr_irq23
                0x00000000100001cc                isr_irq18
                0x00000000100001cc                isr_irq28
                0x00000000100001cc                isr_irq19
                0x00000000100001cc                isr_irq0
                0x00000000100001cc                isr_irq6
                0x00000000100001cc                isr_irq22
                0x00000000100001cc                isr_irq17
                0x00000000100001cc                isr_irq14
                0x00000000100001cc                isr_irq2
                0x00000000100001cc                isr_irq10
                0x00000000100001cc                isr_irq8
                0x00000000100001cc                isr_irq24
                0x00000000100001cc                isr_irq1
                0x00000000100001cc                isr_irq7
                0x00000000100001cc                isr_irq21
                0x00000000100001cc                isr_irq20
                0x00000000100001cc                isr_irq15
                0x00000000100001cc                isr_irq25
                0x00000000100001cc                isr_irq4
                0x00000000100001cc                isr_irq16
                0x00000000100001cc                isr_irq29
                0x00000000100001cc                isr_irq26
                0x00000000100001cc                __default_isrs_end
                0x00000000100001cc                isr_irq3
                0x00000000100001cc                isr_irq12
                0x00000000100001cc                isr_irq9
                0x00000000100001d2                unhandled_user_irq_num_in_r0
 *(.binary_info_header)
 .binary_info_header
                0x00000000100001d4       0x14 CMakeFiles/pico-fractal.dir/mnt/c/Users/champ/Documents/Programming/pico-sdk/src/rp2_common/pico_standard_link/crt0.S.obj
                0x00000000100001e8                __binary_info_header_end = .
 *(.reset)
 .reset         0x00000000100001e8       0xa8 CMakeFiles/pico-fractal.dir/mnt/c/Users/champ/Documents/Programming/pico-sdk/src/rp2_common/pico_standard_link/crt0.S.obj
                0x00000000100001e8                _entry_point
                0x0000000010000266                __get_current_exception
 .reset         0x0000000010000290       0x30 CMakeFiles/pico-fractal.dir/mnt/c/Users/champ/Documents/Programming/pico-sdk/src/rp2_common/pico_standard_link/binary_info.c.obj
 *(.init)
 .init          0x00000000100002c0        0x4 /usr/lib/gcc/arm-none-eabi/9.2.1/thumb/v6-m/nofp/crti.o
                0x00000000100002c0                _init
 *(EXCLUDE_FILE(*libm.a: *libc.a:*lib_a-mem*.o *libgcc.a:) .text*)
 .text          0x00000000100002c4       0x98 /usr/lib/gcc/arm-none-eabi/9.2.1/thumb/v6-m/nofp/crtbegin.o
 .text.mandelbrot
                0x000000001000035c      0x168 CMakeFiles/pico-fractal.dir/pico-fractal.c.obj
                0x000000001000035c                mandelbrot
 .text.main     0x00000000100004c4       0x38 CMakeFiles/pico-fractal.dir/pico-fractal.c.obj
                0x00000000100004c4                main
 .text.ST7735_Select
                0x00000000100004fc       0x14 CMakeFiles/pico-fractal.dir/st7735.c.obj
 .text.ST7735_Reset
                0x0000000010000510       0x20 CMakeFiles/pico-fractal.dir/st7735.c.obj
 .text.ST7735_WriteCommand
                0x0000000010000530       0x2c CMakeFiles/pico-fractal.dir/st7735.c.obj
 .text.ST7735_WriteData
                0x000000001000055c       0x24 CMakeFiles/pico-fractal.dir/st7735.c.obj
 .text.ST7735_ExecuteCommandList
                0x0000000010000580       0x4e CMakeFiles/pico-fractal.dir/st7735.c.obj
 .text.ST7735_SetAddressWindow
                0x00000000100005ce       0x50 CMakeFiles/pico-fractal.dir/st7735.c.obj
 *fill*         0x000000001000061e        0x2 
 .text.ST7735_Unselect
                0x0000000010000620       0x14 CMakeFiles/pico-fractal.dir/st7735.c.obj
                0x0000000010000620                ST7735_Unselect
 .text.ST7735_Init
                0x0000000010000634       0x34 CMakeFiles/pico-fractal.dir/st7735.c.obj
                0x0000000010000634                ST7735_Init
 .text.ST7735_DrawPixel
                0x0000000010000668       0x40 CMakeFiles/pico-fractal.dir/st7735.c.obj
                0x0000000010000668                ST7735_DrawPixel
 .text.DEV_Digital_Write
                0x00000000100006a8       0x18 CMakeFiles/pico-fractal.dir/DEV_Config.c.obj
                0x00000000100006a8                DEV_Digital_Write
 .text.DEV_GPIO_Mode
                0x00000000100006c0       0x26 CMakeFiles/pico-fractal.dir/DEV_Config.c.obj
                0x00000000100006c0                DEV_GPIO_Mode
 *fill*         0x00000000100006e6        0x2 
 .text.DEV_GPIO_Init
                0x00000000100006e8       0x38 CMakeFiles/pico-fractal.dir/DEV_Config.c.obj
                0x00000000100006e8                DEV_GPIO_Init
 .text.DEV_Module_Init
                0x0000000010000720       0x40 CMakeFiles/pico-fractal.dir/DEV_Config.c.obj
                0x0000000010000720                DEV_Module_Init
 .text.hw_claim_lock
                0x0000000010000760       0x18 CMakeFiles/pico-fractal.dir/mnt/c/Users/champ/Documents/Programming/pico-sdk/src/rp2_common/hardware_claim/claim.c.obj
                0x0000000010000760                hw_claim_lock
 .text.hw_claim_unlock
                0x0000000010000778       0x14 CMakeFiles/pico-fractal.dir/mnt/c/Users/champ/Documents/Programming/pico-sdk/src/rp2_common/hardware_claim/claim.c.obj
                0x0000000010000778                hw_claim_unlock
 .text.hw_claim_or_assert
                0x000000001000078c       0x32 CMakeFiles/pico-fractal.dir/mnt/c/Users/champ/Documents/Programming/pico-sdk/src/rp2_common/hardware_claim/claim.c.obj
                0x000000001000078c                hw_claim_or_assert
 *fill*         0x00000000100007be        0x2 
 .text.running_on_fpga
                0x00000000100007c0       0x14 CMakeFiles/pico-fractal.dir/mnt/c/Users/champ/Documents/Programming/pico-sdk/src/rp2_common/pico_platform/platform.c.obj
                0x00000000100007c0                running_on_fpga
 .text.spin_locks_reset
                0x00000000100007d4       0x20 CMakeFiles/pico-fractal.dir/mnt/c/Users/champ/Documents/Programming/pico-sdk/src/rp2_common/hardware_sync/sync.c.obj
                0x00000000100007d4                spin_locks_reset
 .text.next_striped_spin_lock_num
                0x00000000100007f4       0x1c CMakeFiles/pico-fractal.dir/mnt/c/Users/champ/Documents/Programming/pico-sdk/src/rp2_common/hardware_sync/sync.c.obj
                0x00000000100007f4                next_striped_spin_lock_num
 .text.gpio_set_function
                0x0000000010000810       0x30 CMakeFiles/pico-fractal.dir/mnt/c/Users/champ/Documents/Programming/pico-sdk/src/rp2_common/hardware_gpio/gpio.c.obj
                0x0000000010000810                gpio_set_function
 .text.gpio_init
                0x0000000010000840       0x16 CMakeFiles/pico-fractal.dir/mnt/c/Users/champ/Documents/Programming/pico-sdk/src/rp2_common/hardware_gpio/gpio.c.obj
                0x0000000010000840                gpio_init
 .text.spi_set_baudrate
                0x0000000010000856       0x94 CMakeFiles/pico-fractal.dir/mnt/c/Users/champ/Documents/Programming/pico-sdk/src/rp2_common/hardware_spi/spi.c.obj
                0x0000000010000856                spi_set_baudrate
 *fill*         0x00000000100008ea        0x2 
 .text.spi_init
                0x00000000100008ec       0x68 CMakeFiles/pico-fractal.dir/mnt/c/Users/champ/Documents/Programming/pico-sdk/src/rp2_common/hardware_spi/spi.c.obj
                0x00000000100008ec                spi_init
 .text.uart_set_baudrate
                0x0000000010000954       0x5c CMakeFiles/pico-fractal.dir/mnt/c/Users/champ/Documents/Programming/pico-sdk/src/rp2_common/hardware_uart/uart.c.obj
                0x0000000010000954                uart_set_baudrate
 .text.uart_set_translate_crlf
                0x00000000100009b0       0x28 CMakeFiles/pico-fractal.dir/mnt/c/Users/champ/Documents/Programming/pico-sdk/src/rp2_common/hardware_uart/uart.c.obj
                0x00000000100009b0                uart_set_translate_crlf
 .text.uart_init
                0x00000000100009d8       0x80 CMakeFiles/pico-fractal.dir/mnt/c/Users/champ/Documents/Programming/pico-sdk/src/rp2_common/hardware_uart/uart.c.obj
                0x00000000100009d8                uart_init
 .text.alarm_pool_post_alloc_init
                0x0000000010000a58       0x40 CMakeFiles/pico-fractal.dir/mnt/c/Users/champ/Documents/Programming/pico-sdk/src/common/pico_time/time.c.obj
 .text.sleep_until_callback
                0x0000000010000a98       0x30 CMakeFiles/pico-fractal.dir/mnt/c/Users/champ/Documents/Programming/pico-sdk/src/common/pico_time/time.c.obj
 .text.timer_pool_entry_comparator
                0x0000000010000ac8       0x7c CMakeFiles/pico-fractal.dir/mnt/c/Users/champ/Documents/Programming/pico-sdk/src/common/pico_time/time.c.obj
                0x0000000010000ac8                timer_pool_entry_comparator
 .text.ph_add_child_node
                0x0000000010000b44       0xa4 CMakeFiles/pico-fractal.dir/mnt/c/Users/champ/Documents/Programming/pico-sdk/src/common/pico_time/time.c.obj
 .text.ph_merge_nodes
                0x0000000010000be8       0x3e CMakeFiles/pico-fractal.dir/mnt/c/Users/champ/Documents/Programming/pico-sdk/src/common/pico_time/time.c.obj
 *fill*         0x0000000010000c26        0x2 
 .text.add_alarm_under_lock
                0x0000000010000c28      0x174 CMakeFiles/pico-fractal.dir/mnt/c/Users/champ/Documents/Programming/pico-sdk/src/common/pico_time/time.c.obj
 .text.alarm_pool_alarm_callback
                0x0000000010000d9c      0x32c CMakeFiles/pico-fractal.dir/mnt/c/Users/champ/Documents/Programming/pico-sdk/src/common/pico_time/time.c.obj
 .text.alarm_pool_init_default
                0x00000000100010c8       0x38 CMakeFiles/pico-fractal.dir/mnt/c/Users/champ/Documents/Programming/pico-sdk/src/common/pico_time/time.c.obj
                0x00000000100010c8                alarm_pool_init_default
 .text.alarm_pool_get_default
                0x0000000010001100       0x2c CMakeFiles/pico-fractal.dir/mnt/c/Users/champ/Documents/Programming/pico-sdk/src/common/pico_time/time.c.obj
                0x0000000010001100                alarm_pool_get_default
 .text.alarm_pool_add_alarm_at
                0x000000001000112c      0x170 CMakeFiles/pico-fractal.dir/mnt/c/Users/champ/Documents/Programming/pico-sdk/src/common/pico_time/time.c.obj
                0x000000001000112c                alarm_pool_add_alarm_at
 .text.sleep_until
                0x000000001000129c       0xfc CMakeFiles/pico-fractal.dir/mnt/c/Users/champ/Documents/Programming/pico-sdk/src/common/pico_time/time.c.obj
                0x000000001000129c                sleep_until
 .text.sleep_us
                0x0000000010001398       0x58 CMakeFiles/pico-fractal.dir/mnt/c/Users/champ/Documents/Programming/pico-sdk/src/common/pico_time/time.c.obj
                0x0000000010001398                sleep_us
 .text.sleep_ms
                0x00000000100013f0       0x14 CMakeFiles/pico-fractal.dir/mnt/c/Users/champ/Documents/Programming/pico-sdk/src/common/pico_time/time.c.obj
                0x00000000100013f0                sleep_ms
 .text.hardware_alarm_irq_handler
                0x0000000010001404       0x8c CMakeFiles/pico-fractal.dir/mnt/c/Users/champ/Documents/Programming/pico-sdk/src/rp2_common/hardware_timer/timer.c.obj
 .text.hardware_alarm_claim
                0x0000000010001490       0x18 CMakeFiles/pico-fractal.dir/mnt/c/Users/champ/Documents/Programming/pico-sdk/src/rp2_common/hardware_timer/timer.c.obj
                0x0000000010001490                hardware_alarm_claim
 .text.time_us_64
                0x00000000100014a8       0x18 CMakeFiles/pico-fractal.dir/mnt/c/Users/champ/Documents/Programming/pico-sdk/src/rp2_common/hardware_timer/timer.c.obj
                0x00000000100014a8                time_us_64
 .text.busy_wait_until
                0x00000000100014c0       0x24 CMakeFiles/pico-fractal.dir/mnt/c/Users/champ/Documents/Programming/pico-sdk/src/rp2_common/hardware_timer/timer.c.obj
                0x00000000100014c0                busy_wait_until
 .text.busy_wait_us
                0x00000000100014e4       0x48 CMakeFiles/pico-fractal.dir/mnt/c/Users/champ/Documents/Programming/pico-sdk/src/rp2_common/hardware_timer/timer.c.obj
                0x00000000100014e4                busy_wait_us
 .text.hardware_alarm_set_callback
                0x000000001000152c       0x90 CMakeFiles/pico-fractal.dir/mnt/c/Users/champ/Documents/Programming/pico-sdk/src/rp2_common/hardware_timer/timer.c.obj
                0x000000001000152c                hardware_alarm_set_callback
 .text.hardware_alarm_set_target
                0x00000000100015bc       0xe8 CMakeFiles/pico-fractal.dir/mnt/c/Users/champ/Documents/Programming/pico-sdk/src/rp2_common/hardware_timer/timer.c.obj
                0x00000000100015bc                hardware_alarm_set_target
 .text.hardware_alarm_cancel
                0x00000000100016a4       0x40 CMakeFiles/pico-fractal.dir/mnt/c/Users/champ/Documents/Programming/pico-sdk/src/rp2_common/hardware_timer/timer.c.obj
                0x00000000100016a4                hardware_alarm_cancel
 .text.lock_init
                0x00000000100016e4       0x10 CMakeFiles/pico-fractal.dir/mnt/c/Users/champ/Documents/Programming/pico-sdk/src/common/pico_sync/lock_core.c.obj
                0x00000000100016e4                lock_init
 .text.mutex_init
                0x00000000100016f4       0x1a CMakeFiles/pico-fractal.dir/mnt/c/Users/champ/Documents/Programming/pico-sdk/src/common/pico_sync/mutex.c.obj
                0x00000000100016f4                mutex_init
 .text.recursive_mutex_init
                0x000000001000170e       0x1e CMakeFiles/pico-fractal.dir/mnt/c/Users/champ/Documents/Programming/pico-sdk/src/common/pico_sync/mutex.c.obj
                0x000000001000170e                recursive_mutex_init
 .text.ph_add_child_node
                0x000000001000172c       0xa4 CMakeFiles/pico-fractal.dir/mnt/c/Users/champ/Documents/Programming/pico-sdk/src/common/pico_util/pheap.c.obj
 .text.ph_merge_nodes
                0x00000000100017d0       0x3e CMakeFiles/pico-fractal.dir/mnt/c/Users/champ/Documents/Programming/pico-sdk/src/common/pico_util/pheap.c.obj
 *fill*         0x000000001000180e        0x2 
 .text.ph_clear
                0x0000000010001810       0x70 CMakeFiles/pico-fractal.dir/mnt/c/Users/champ/Documents/Programming/pico-sdk/src/common/pico_util/pheap.c.obj
                0x0000000010001810                ph_clear
 .text.ph_post_alloc_init
                0x0000000010001880        0xe CMakeFiles/pico-fractal.dir/mnt/c/Users/champ/Documents/Programming/pico-sdk/src/common/pico_util/pheap.c.obj
                0x0000000010001880                ph_post_alloc_init
 *fill*         0x000000001000188e        0x2 
 .text.ph_merge_two_pass
                0x0000000010001890       0xa8 CMakeFiles/pico-fractal.dir/mnt/c/Users/champ/Documents/Programming/pico-sdk/src/common/pico_util/pheap.c.obj
                0x0000000010001890                ph_merge_two_pass
 .text.ph_remove_any_head
                0x0000000010001938      0x108 CMakeFiles/pico-fractal.dir/mnt/c/Users/champ/Documents/Programming/pico-sdk/src/common/pico_util/pheap.c.obj
 .text.ph_remove_head
                0x0000000010001a40       0x14 CMakeFiles/pico-fractal.dir/mnt/c/Users/champ/Documents/Programming/pico-sdk/src/common/pico_util/pheap.c.obj
                0x0000000010001a40                ph_remove_head
 .text.ph_remove_and_free_node
                0x0000000010001a54       0xf8 CMakeFiles/pico-fractal.dir/mnt/c/Users/champ/Documents/Programming/pico-sdk/src/common/pico_util/pheap.c.obj
                0x0000000010001a54                ph_remove_and_free_node
 .text._exit    0x0000000010001b4c        0x4 CMakeFiles/pico-fractal.dir/mnt/c/Users/champ/Documents/Programming/pico-sdk/src/rp2_common/pico_runtime/runtime.c.obj
                0x0000000010001b4c                _exit
 .text._sbrk    0x0000000010001b50       0x38 CMakeFiles/pico-fractal.dir/mnt/c/Users/champ/Documents/Programming/pico-sdk/src/rp2_common/pico_runtime/runtime.c.obj
                0x0000000010001b50                _sbrk
 .text.exit     0x0000000010001b88        0x6 CMakeFiles/pico-fractal.dir/mnt/c/Users/champ/Documents/Programming/pico-sdk/src/rp2_common/pico_runtime/runtime.c.obj
                0x0000000010001b88                exit
 *fill*         0x0000000010001b8e        0x2 
 .text.__assert_func
                0x0000000010001b90       0x3c CMakeFiles/pico-fractal.dir/mnt/c/Users/champ/Documents/Programming/pico-sdk/src/rp2_common/pico_runtime/runtime.c.obj
                0x0000000010001b90                __assert_func
 .text.runtime_init
                0x0000000010001bcc       0xf8 CMakeFiles/pico-fractal.dir/mnt/c/Users/champ/Documents/Programming/pico-sdk/src/rp2_common/pico_runtime/runtime.c.obj
                0x0000000010001bcc                runtime_init
 .text.panic    0x0000000010001cc4       0x30 CMakeFiles/pico-fractal.dir/mnt/c/Users/champ/Documents/Programming/pico-sdk/src/rp2_common/pico_runtime/runtime.c.obj
                0x0000000010001cc4                panic
 .text.clock_configure
                0x0000000010001cf4      0x104 CMakeFiles/pico-fractal.dir/mnt/c/Users/champ/Documents/Programming/pico-sdk/src/rp2_common/hardware_clocks/clocks.c.obj
                0x0000000010001cf4                clock_configure
 .text.clocks_init
                0x0000000010001df8      0x100 CMakeFiles/pico-fractal.dir/mnt/c/Users/champ/Documents/Programming/pico-sdk/src/rp2_common/hardware_clocks/clocks.c.obj
                0x0000000010001df8                clocks_init
 .text.clock_get_hz
                0x0000000010001ef8        0xc CMakeFiles/pico-fractal.dir/mnt/c/Users/champ/Documents/Programming/pico-sdk/src/rp2_common/hardware_clocks/clocks.c.obj
                0x0000000010001ef8                clock_get_hz
 .text.set_raw_irq_handler_and_unlock
                0x0000000010001f04       0x28 CMakeFiles/pico-fractal.dir/mnt/c/Users/champ/Documents/Programming/pico-sdk/src/rp2_common/hardware_irq/irq.c.obj
 .text.make_branch
                0x0000000010001f2c       0x34 CMakeFiles/pico-fractal.dir/mnt/c/Users/champ/Documents/Programming/pico-sdk/src/rp2_common/hardware_irq/irq.c.obj
 .text.insert_branch_and_link
                0x0000000010001f60       0x40 CMakeFiles/pico-fractal.dir/mnt/c/Users/champ/Documents/Programming/pico-sdk/src/rp2_common/hardware_irq/irq.c.obj
 .text.irq_is_enabled
                0x0000000010001fa0       0x18 CMakeFiles/pico-fractal.dir/mnt/c/Users/champ/Documents/Programming/pico-sdk/src/rp2_common/hardware_irq/irq.c.obj
                0x0000000010001fa0                irq_is_enabled
 .text.irq_set_mask_enabled
                0x0000000010001fb8       0x20 CMakeFiles/pico-fractal.dir/mnt/c/Users/champ/Documents/Programming/pico-sdk/src/rp2_common/hardware_irq/irq.c.obj
                0x0000000010001fb8                irq_set_mask_enabled
 .text.irq_set_enabled
                0x0000000010001fd8        0xe CMakeFiles/pico-fractal.dir/mnt/c/Users/champ/Documents/Programming/pico-sdk/src/rp2_common/hardware_irq/irq.c.obj
                0x0000000010001fd8                irq_set_enabled
 *fill*         0x0000000010001fe6        0x2 
 .text.irq_get_vtable_handler
                0x0000000010001fe8       0x10 CMakeFiles/pico-fractal.dir/mnt/c/Users/champ/Documents/Programming/pico-sdk/src/rp2_common/hardware_irq/irq.c.obj
                0x0000000010001fe8                irq_get_vtable_handler
 .text.irq_set_exclusive_handler
                0x0000000010001ff8       0x54 CMakeFiles/pico-fractal.dir/mnt/c/Users/champ/Documents/Programming/pico-sdk/src/rp2_common/hardware_irq/irq.c.obj
                0x0000000010001ff8                irq_set_exclusive_handler
 .text.irq_remove_handler
                0x000000001000204c      0x1ac CMakeFiles/pico-fractal.dir/mnt/c/Users/champ/Documents/Programming/pico-sdk/src/rp2_common/hardware_irq/irq.c.obj
                0x000000001000204c                irq_remove_handler
 .text.irq_add_tail_to_free_list
                0x00000000100021f8       0xf0 CMakeFiles/pico-fractal.dir/mnt/c/Users/champ/Documents/Programming/pico-sdk/src/rp2_common/hardware_irq/irq.c.obj
                0x00000000100021f8                irq_add_tail_to_free_list
 .text.irq_init_priorities
                0x00000000100022e8       0x1c CMakeFiles/pico-fractal.dir/mnt/c/Users/champ/Documents/Programming/pico-sdk/src/rp2_common/hardware_irq/irq.c.obj
                0x00000000100022e8                irq_init_priorities
 .text.pll_init
                0x0000000010002304      0x118 CMakeFiles/pico-fractal.dir/mnt/c/Users/champ/Documents/Programming/pico-sdk/src/rp2_common/hardware_pll/pll.c.obj
                0x0000000010002304                pll_init
 .text.watchdog_start_tick
                0x000000001000241c       0x10 CMakeFiles/pico-fractal.dir/mnt/c/Users/champ/Documents/Programming/pico-sdk/src/rp2_common/hardware_watchdog/watchdog.c.obj
                0x000000001000241c                watchdog_start_tick
 .text.xosc_init
                0x000000001000242c       0x28 CMakeFiles/pico-fractal.dir/mnt/c/Users/champ/Documents/Programming/pico-sdk/src/rp2_common/hardware_xosc/xosc.c.obj
                0x000000001000242c                xosc_init
 .text._out_null
                0x0000000010002454        0x2 CMakeFiles/pico-fractal.dir/mnt/c/Users/champ/Documents/Programming/pico-sdk/src/rp2_common/pico_printf/printf.c.obj
 .text._out_fct
                0x0000000010002456        0xe CMakeFiles/pico-fractal.dir/mnt/c/Users/champ/Documents/Programming/pico-sdk/src/rp2_common/pico_printf/printf.c.obj
 .text._atoi    0x0000000010002464       0x24 CMakeFiles/pico-fractal.dir/mnt/c/Users/champ/Documents/Programming/pico-sdk/src/rp2_common/pico_printf/printf.c.obj
 .text._out_rev
                0x0000000010002488       0xae CMakeFiles/pico-fractal.dir/mnt/c/Users/champ/Documents/Programming/pico-sdk/src/rp2_common/pico_printf/printf.c.obj
 .text._ntoa_format
                0x0000000010002536      0x110 CMakeFiles/pico-fractal.dir/mnt/c/Users/champ/Documents/Programming/pico-sdk/src/rp2_common/pico_printf/printf.c.obj
 .text._ntoa_long
                0x0000000010002646       0xbc CMakeFiles/pico-fractal.dir/mnt/c/Users/champ/Documents/Programming/pico-sdk/src/rp2_common/pico_printf/printf.c.obj
 .text._ntoa_long_long
                0x0000000010002702       0xe2 CMakeFiles/pico-fractal.dir/mnt/c/Users/champ/Documents/Programming/pico-sdk/src/rp2_common/pico_printf/printf.c.obj
 .text._etoa    0x00000000100027e4      0x40c CMakeFiles/pico-fractal.dir/mnt/c/Users/champ/Documents/Programming/pico-sdk/src/rp2_common/pico_printf/printf.c.obj
 .text._ftoa    0x0000000010002bf0      0x354 CMakeFiles/pico-fractal.dir/mnt/c/Users/champ/Documents/Programming/pico-sdk/src/rp2_common/pico_printf/printf.c.obj
 .text._vsnprintf
                0x0000000010002f44      0x628 CMakeFiles/pico-fractal.dir/mnt/c/Users/champ/Documents/Programming/pico-sdk/src/rp2_common/pico_printf/printf.c.obj
 .text.vfctprintf
                0x000000001000356c       0x20 CMakeFiles/pico-fractal.dir/mnt/c/Users/champ/Documents/Programming/pico-sdk/src/rp2_common/pico_printf/printf.c.obj
                0x000000001000356c                vfctprintf
 .text          0x000000001000358c       0x10 CMakeFiles/pico-fractal.dir/mnt/c/Users/champ/Documents/Programming/pico-sdk/src/rp2_common/pico_bit_ops/bit_ops_aeabi.S.obj
 .text.rom_func_lookup
                0x000000001000359c       0x10 CMakeFiles/pico-fractal.dir/mnt/c/Users/champ/Documents/Programming/pico-sdk/src/rp2_common/pico_bootrom/bootrom.c.obj
                0x000000001000359c                rom_func_lookup
 .text.rom_data_lookup
                0x00000000100035ac       0x10 CMakeFiles/pico-fractal.dir/mnt/c/Users/champ/Documents/Programming/pico-sdk/src/rp2_common/pico_bootrom/bootrom.c.obj
                0x00000000100035ac                rom_data_lookup
 .text.rom_funcs_lookup
                0x00000000100035bc       0x36 CMakeFiles/pico-fractal.dir/mnt/c/Users/champ/Documents/Programming/pico-sdk/src/rp2_common/pico_bootrom/bootrom.c.obj
                0x00000000100035bc                rom_funcs_lookup
 *fill*         0x00000000100035f2        0x2 
 .text.__wrap___aeabi_idiv
                0x00000000100035f4       0x50 CMakeFiles/pico-fractal.dir/mnt/c/Users/champ/Documents/Programming/pico-sdk/src/rp2_common/pico_divider/divider.S.obj
                0x00000000100035f4                __wrap___aeabi_idivmod
                0x00000000100035f4                divmod_s32s32
                0x00000000100035f4                div_s32s32
                0x00000000100035f4                __wrap___aeabi_idiv
                0x00000000100035fc                divmod_s32s32_unsafe
                0x0000000010003628                divmod_s32s32_savestate
 .text.__wrap___aeabi_uidiv
                0x0000000010003644       0x4c CMakeFiles/pico-fractal.dir/mnt/c/Users/champ/Documents/Programming/pico-sdk/src/rp2_common/pico_divider/divider.S.obj
                0x0000000010003644                __wrap___aeabi_uidiv
                0x0000000010003644                __wrap___aeabi_uidivmod
                0x0000000010003644                div_u32u32
                0x0000000010003644                divmod_u32u32
                0x000000001000364c                divmod_u32u32_unsafe
                0x0000000010003674                divmod_u32u32_savestate
 .text.__wrap___aeabi_ldiv
                0x0000000010003690      0x434 CMakeFiles/pico-fractal.dir/mnt/c/Users/champ/Documents/Programming/pico-sdk/src/rp2_common/pico_divider/divider.S.obj
                0x0000000010003690                div_s64s64
                0x0000000010003690                divmod_s64s64
                0x0000000010003690                __wrap___aeabi_ldivmod
                0x00000000100036c8                div_u64u64
                0x00000000100036c8                divmod_u64u64
                0x00000000100036c8                __wrap___aeabi_uldivmod
                0x00000000100036d8                divmod_u64u64_savestate
                0x0000000010003700                divmod_s64s64_unsafe
                0x0000000010003788                divmod_u64u64_unsafe
 .text.__wrap___aeabi_darithmetic
                0x0000000010003ac4       0x80 CMakeFiles/pico-fractal.dir/mnt/c/Users/champ/Documents/Programming/pico-sdk/src/rp2_common/pico_double/double_aeabi.S.obj
                0x0000000010003ac4                __wrap___aeabi_drsub
                0x0000000010003aca                __wrap___aeabi_dsub
                0x0000000010003adc                __wrap___aeabi_dadd
                0x0000000010003aee                __wrap___aeabi_ddiv
                0x0000000010003b2a                __wrap___aeabi_dmul
 .text.__wrap___aeabi_cdcmple
                0x0000000010003b44       0x6c CMakeFiles/pico-fractal.dir/mnt/c/Users/champ/Documents/Programming/pico-sdk/src/rp2_common/pico_double/double_aeabi.S.obj
                0x0000000010003b44                __wrap___aeabi_cdrcmple
                0x0000000010003b54                __wrap___aeabi_cdcmple
                0x0000000010003b54                __wrap___aeabi_cdcmpeq
 .text.__wrap___aeabi_dcmplt
                0x0000000010003bb0        0xc CMakeFiles/pico-fractal.dir/mnt/c/Users/champ/Documents/Programming/pico-sdk/src/rp2_common/pico_double/double_aeabi.S.obj
                0x0000000010003bb0                __wrap___aeabi_dcmplt
 .text.__wrap___aeabi_dcmple
                0x0000000010003bbc       0x10 CMakeFiles/pico-fractal.dir/mnt/c/Users/champ/Documents/Programming/pico-sdk/src/rp2_common/pico_double/double_aeabi.S.obj
                0x0000000010003bbc                __wrap___aeabi_dcmple
 .text.__wrap___aeabi_dcmpge
                0x0000000010003bcc       0x10 CMakeFiles/pico-fractal.dir/mnt/c/Users/champ/Documents/Programming/pico-sdk/src/rp2_common/pico_double/double_aeabi.S.obj
                0x0000000010003bcc                __wrap___aeabi_dcmpge
 .text.__wrap___aeabi_dcmpgt
                0x0000000010003bdc        0xa CMakeFiles/pico-fractal.dir/mnt/c/Users/champ/Documents/Programming/pico-sdk/src/rp2_common/pico_double/double_aeabi.S.obj
                0x0000000010003bdc                __wrap___aeabi_dcmpgt
 .text.__wrap___aeabi_dcmpun
                0x0000000010003be6       0x1c CMakeFiles/pico-fractal.dir/mnt/c/Users/champ/Documents/Programming/pico-sdk/src/rp2_common/pico_double/double_aeabi.S.obj
                0x0000000010003be6                __wrap___aeabi_dcmpun
 *fill*         0x0000000010003c02        0x2 
 .text.__wrap___aeabi_i2d
                0x0000000010003c04       0x38 CMakeFiles/pico-fractal.dir/mnt/c/Users/champ/Documents/Programming/pico-sdk/src/rp2_common/pico_double/double_aeabi.S.obj
                0x0000000010003c04                __wrap___aeabi_ui2d
                0x0000000010003c0c                __wrap___aeabi_i2d
 .text.__wrap___aeabi_d2iz
                0x0000000010003c3c       0x48 CMakeFiles/pico-fractal.dir/mnt/c/Users/champ/Documents/Programming/pico-sdk/src/rp2_common/pico_double/double_aeabi.S.obj
                0x0000000010003c3c                __wrap___aeabi_d2iz
                0x0000000010003c3c                double2int_z
 .text.__wrap___aeabi_d2uiz
                0x0000000010003c84       0x18 CMakeFiles/pico-fractal.dir/mnt/c/Users/champ/Documents/Programming/pico-sdk/src/rp2_common/pico_double/double_aeabi.S.obj
                0x0000000010003c84                double2uint
                0x0000000010003c84                __wrap___aeabi_d2uiz
 .text.__aeabi_double_init
                0x0000000010003c9c       0xc8 CMakeFiles/pico-fractal.dir/mnt/c/Users/champ/Documents/Programming/pico-sdk/src/rp2_common/pico_double/double_init_rom.c.obj
                0x0000000010003c9c                __aeabi_double_init
 .text.double_table_shim_on_use_helper
                0x0000000010003d64       0x34 CMakeFiles/pico-fractal.dir/mnt/c/Users/champ/Documents/Programming/pico-sdk/src/rp2_common/pico_double/double_v1_rom_shim.S.obj
                0x0000000010003d64                double_table_shim_on_use_helper
 .text.__wrap___aeabi_dsub
                0x0000000010003d98       0x10 CMakeFiles/pico-fractal.dir/mnt/c/Users/champ/Documents/Programming/pico-sdk/src/rp2_common/pico_double/double_v1_rom_shim.S.obj
                0x0000000010003d98                drsub_shim
                0x0000000010003d9e                dsub_shim
 .text.dadd_shim
                0x0000000010003da8      0x15c CMakeFiles/pico-fractal.dir/mnt/c/Users/champ/Documents/Programming/pico-sdk/src/rp2_common/pico_double/double_v1_rom_shim.S.obj
                0x0000000010003da8                dadd_shim
 .text.dmul_shim
                0x0000000010003f04      0x15c CMakeFiles/pico-fractal.dir/mnt/c/Users/champ/Documents/Programming/pico-sdk/src/rp2_common/pico_double/double_v1_rom_shim.S.obj
                0x0000000010003f04                dmul_shim
 .text.ddiv_shim
                0x0000000010004060      0x1b0 CMakeFiles/pico-fractal.dir/mnt/c/Users/champ/Documents/Programming/pico-sdk/src/rp2_common/pico_double/double_v1_rom_shim.S.obj
                0x0000000010004060                ddiv_shim
 .text.double2uint_shim
                0x0000000010004210        0xe CMakeFiles/pico-fractal.dir/mnt/c/Users/champ/Documents/Programming/pico-sdk/src/rp2_common/pico_double/double_v1_rom_shim.S.obj
                0x0000000010004210                double2uint_shim
                0x0000000010004212                double2ufix_shim
 *fill*         0x000000001000421e        0x2 
 .text.double2uint64_shim
                0x0000000010004220       0x70 CMakeFiles/pico-fractal.dir/mnt/c/Users/champ/Documents/Programming/pico-sdk/src/rp2_common/pico_double/double_v1_rom_shim.S.obj
                0x0000000010004220                double2uint64_shim
                0x0000000010004222                double2ufix64_shim
                0x0000000010004242                d2fix_a
 .text.dunpacks
                0x0000000010004290       0x3c CMakeFiles/pico-fractal.dir/mnt/c/Users/champ/Documents/Programming/pico-sdk/src/rp2_common/pico_double/double_v1_rom_shim.S.obj
                0x0000000010004290                dunpacks
 .text.__aeabi_lmul
                0x00000000100042cc       0x32 CMakeFiles/pico-fractal.dir/mnt/c/Users/champ/Documents/Programming/pico-sdk/src/rp2_common/pico_int64_ops/pico_int64_ops_aeabi.S.obj
                0x00000000100042cc                __wrap___aeabi_lmul
 *fill*         0x00000000100042fe        0x2 
 .text.__wrap___aeabi_farithmetic
                0x0000000010004300       0x58 CMakeFiles/pico-fractal.dir/mnt/c/Users/champ/Documents/Programming/pico-sdk/src/rp2_common/pico_float/float_aeabi.S.obj
                0x0000000010004300                __wrap___aeabi_frsub
                0x0000000010004306                __wrap___aeabi_fsub
                0x0000000010004310                __wrap___aeabi_fadd
                0x000000001000431a                __wrap___aeabi_fdiv
                0x0000000010004346                __wrap___aeabi_fmul
 .text.__wrap___aeabi_cfcmple
                0x0000000010004358       0x50 CMakeFiles/pico-fractal.dir/mnt/c/Users/champ/Documents/Programming/pico-sdk/src/rp2_common/pico_float/float_aeabi.S.obj
                0x0000000010004358                __wrap___aeabi_cfrcmple
                0x0000000010004364                __wrap___aeabi_cfcmpeq
                0x0000000010004364                __wrap___aeabi_cfcmple
 .text.__wrap___aeabi_fcmplt
                0x00000000100043a8        0xc CMakeFiles/pico-fractal.dir/mnt/c/Users/champ/Documents/Programming/pico-sdk/src/rp2_common/pico_float/float_aeabi.S.obj
                0x00000000100043a8                __wrap___aeabi_fcmplt
 .text.__wrap___aeabi_i2f
                0x00000000100043b4       0x44 CMakeFiles/pico-fractal.dir/mnt/c/Users/champ/Documents/Programming/pico-sdk/src/rp2_common/pico_float/float_aeabi.S.obj
                0x00000000100043b4                __wrap___aeabi_i2f
 .text.__wrap___aeabi_f2d
                0x00000000100043f8       0x14 CMakeFiles/pico-fractal.dir/mnt/c/Users/champ/Documents/Programming/pico-sdk/src/rp2_common/pico_float/float_aeabi.S.obj
                0x00000000100043f8                __wrap___aeabi_f2d
 .text.__aeabi_float_init
                0x000000001000440c       0xfc CMakeFiles/pico-fractal.dir/mnt/c/Users/champ/Documents/Programming/pico-sdk/src/rp2_common/pico_float/float_init_rom.c.obj
                0x000000001000440c                __aeabi_float_init
 .text.float_table_shim_on_use_helper
                0x0000000010004508       0x34 CMakeFiles/pico-fractal.dir/mnt/c/Users/champ/Documents/Programming/pico-sdk/src/rp2_common/pico_float/float_v1_rom_shim.S.obj
                0x0000000010004508                float_table_shim_on_use_helper
 .text.float2double_shim
                0x000000001000453c       0x30 CMakeFiles/pico-fractal.dir/mnt/c/Users/champ/Documents/Programming/pico-sdk/src/rp2_common/pico_float/float_v1_rom_shim.S.obj
                0x000000001000453c                float2double_shim
 .text.__wrap_malloc
                0x000000001000456c       0x24 CMakeFiles/pico-fractal.dir/mnt/c/Users/champ/Documents/Programming/pico-sdk/src/rp2_common/pico_malloc/pico_malloc.c.obj
                0x000000001000456c                __wrap_malloc
 .text          0x0000000010004590       0x10 CMakeFiles/pico-fractal.dir/mnt/c/Users/champ/Documents/Programming/pico-sdk/src/rp2_common/pico_mem_ops/mem_ops_aeabi.S.obj
                0x0000000010004590                __aeabi_mem_init
 .text.memset   0x00000000100045a0        0xc CMakeFiles/pico-fractal.dir/mnt/c/Users/champ/Documents/Programming/pico-sdk/src/rp2_common/pico_mem_ops/mem_ops_aeabi.S.obj
                0x00000000100045a0                __wrap_memset
 .text.memcpy   0x00000000100045ac        0xc CMakeFiles/pico-fractal.dir/mnt/c/Users/champ/Documents/Programming/pico-sdk/src/rp2_common/pico_mem_ops/mem_ops_aeabi.S.obj
                0x00000000100045ac                __wrap___aeabi_memcpy
                0x00000000100045ac                __wrap_memcpy
 .text.stdio_out_chars_no_crlf
                0x00000000100045b8        0xe CMakeFiles/pico-fractal.dir/mnt/c/Users/champ/Documents/Programming/pico-sdk/src/rp2_common/pico_stdio/stdio.c.obj
 *fill*         0x00000000100045c6        0x2 
 .text.stdio_out_chars_crlf
                0x00000000100045c8       0x80 CMakeFiles/pico-fractal.dir/mnt/c/Users/champ/Documents/Programming/pico-sdk/src/rp2_common/pico_stdio/stdio.c.obj
 .text.stdio_stack_buffer_flush
                0x0000000010004648       0x44 CMakeFiles/pico-fractal.dir/mnt/c/Users/champ/Documents/Programming/pico-sdk/src/rp2_common/pico_stdio/stdio.c.obj
 .text.stdio_buffered_printer
                0x000000001000468c       0x20 CMakeFiles/pico-fractal.dir/mnt/c/Users/champ/Documents/Programming/pico-sdk/src/rp2_common/pico_stdio/stdio.c.obj
 .text.stdio_get_until
                0x00000000100046ac       0x80 CMakeFiles/pico-fractal.dir/mnt/c/Users/champ/Documents/Programming/pico-sdk/src/rp2_common/pico_stdio/stdio.c.obj
 .text.stdout_serialize_begin
                0x000000001000472c       0x30 CMakeFiles/pico-fractal.dir/mnt/c/Users/champ/Documents/Programming/pico-sdk/src/rp2_common/pico_stdio/stdio.c.obj
                0x000000001000472c                stdout_serialize_begin
 .text.stdout_serialize_end
                0x000000001000475c       0x10 CMakeFiles/pico-fractal.dir/mnt/c/Users/champ/Documents/Programming/pico-sdk/src/rp2_common/pico_stdio/stdio.c.obj
                0x000000001000475c                stdout_serialize_end
 .text.stdio_put_string
                0x000000001000476c       0x98 CMakeFiles/pico-fractal.dir/mnt/c/Users/champ/Documents/Programming/pico-sdk/src/rp2_common/pico_stdio/stdio.c.obj
 .text._read    0x0000000010004804       0x24 CMakeFiles/pico-fractal.dir/mnt/c/Users/champ/Documents/Programming/pico-sdk/src/rp2_common/pico_stdio/stdio.c.obj
                0x0000000010004804                _read
 .text._write   0x0000000010004828       0x20 CMakeFiles/pico-fractal.dir/mnt/c/Users/champ/Documents/Programming/pico-sdk/src/rp2_common/pico_stdio/stdio.c.obj
                0x0000000010004828                _write
 .text.stdio_set_driver_enabled
                0x0000000010004848       0x38 CMakeFiles/pico-fractal.dir/mnt/c/Users/champ/Documents/Programming/pico-sdk/src/rp2_common/pico_stdio/stdio.c.obj
                0x0000000010004848                stdio_set_driver_enabled
 .text.stdio_flush
                0x0000000010004880       0x20 CMakeFiles/pico-fractal.dir/mnt/c/Users/champ/Documents/Programming/pico-sdk/src/rp2_common/pico_stdio/stdio.c.obj
                0x0000000010004880                stdio_flush
 .text.__wrap_puts
                0x00000000100048a0       0x1e CMakeFiles/pico-fractal.dir/mnt/c/Users/champ/Documents/Programming/pico-sdk/src/rp2_common/pico_stdio/stdio.c.obj
                0x00000000100048a0                __wrap_puts
 *fill*         0x00000000100048be        0x2 
 .text.__wrap_vprintf
                0x00000000100048c0       0x44 CMakeFiles/pico-fractal.dir/mnt/c/Users/champ/Documents/Programming/pico-sdk/src/rp2_common/pico_stdio/stdio.c.obj
                0x00000000100048c0                __wrap_vprintf
 .text.__wrap_printf
                0x0000000010004904       0x18 CMakeFiles/pico-fractal.dir/mnt/c/Users/champ/Documents/Programming/pico-sdk/src/rp2_common/pico_stdio/stdio.c.obj
                0x0000000010004904                __wrap_printf
 .text.stdio_init_all
                0x000000001000491c        0x8 CMakeFiles/pico-fractal.dir/mnt/c/Users/champ/Documents/Programming/pico-sdk/src/rp2_common/pico_stdio/stdio.c.obj
                0x000000001000491c                stdio_init_all
 .text.stdio_uart_out_chars
                0x0000000010004924       0x74 CMakeFiles/pico-fractal.dir/mnt/c/Users/champ/Documents/Programming/pico-sdk/src/rp2_common/pico_stdio_uart/stdio_uart.c.obj
 .text.stdio_uart_in_chars
                0x0000000010004998       0x54 CMakeFiles/pico-fractal.dir/mnt/c/Users/champ/Documents/Programming/pico-sdk/src/rp2_common/pico_stdio_uart/stdio_uart.c.obj
                0x0000000010004998                stdio_uart_in_chars
 .text.stdio_uart_init_full
                0x00000000100049ec       0x3c CMakeFiles/pico-fractal.dir/mnt/c/Users/champ/Documents/Programming/pico-sdk/src/rp2_common/pico_stdio_uart/stdio_uart.c.obj
                0x00000000100049ec                stdio_uart_init_full
 .text.stdio_uart_init
                0x0000000010004a28       0x28 CMakeFiles/pico-fractal.dir/mnt/c/Users/champ/Documents/Programming/pico-sdk/src/rp2_common/pico_stdio_uart/stdio_uart.c.obj
                0x0000000010004a28                stdio_uart_init
 .text          0x0000000010004a50       0x28 /usr/lib/gcc/arm-none-eabi/9.2.1/../../../arm-none-eabi/lib/thumb/v6-m/nofp/libg.a(lib_a-malloc.o)
                0x0000000010004a50                malloc
                0x0000000010004a64                free
 .text          0x0000000010004a78      0x58c /usr/lib/gcc/arm-none-eabi/9.2.1/../../../arm-none-eabi/lib/thumb/v6-m/nofp/libg.a(lib_a-mallocr.o)
                0x0000000010004a78                _malloc_r
 .text          0x0000000010005004        0x8 /usr/lib/gcc/arm-none-eabi/9.2.1/../../../arm-none-eabi/lib/thumb/v6-m/nofp/libg.a(lib_a-mlock.o)
                0x0000000010005004                __malloc_lock
                0x0000000010005008                __malloc_unlock
 .text          0x000000001000500c       0x24 /usr/lib/gcc/arm-none-eabi/9.2.1/../../../arm-none-eabi/lib/thumb/v6-m/nofp/libg.a(lib_a-sbrkr.o)
                0x000000001000500c                _sbrk_r
 .text          0x0000000010005030      0x164 /usr/lib/gcc/arm-none-eabi/9.2.1/../../../arm-none-eabi/lib/thumb/v6-m/nofp/libg.a(lib_a-setvbuf.o)
                0x0000000010005030                setvbuf
 .text          0x0000000010005194       0x68 /usr/lib/gcc/arm-none-eabi/9.2.1/../../../arm-none-eabi/lib/thumb/v6-m/nofp/libg.a(lib_a-strlen-stub.o)
                0x0000000010005194                strlen
 .text          0x00000000100051fc      0x1b4 /usr/lib/gcc/arm-none-eabi/9.2.1/../../../arm-none-eabi/lib/thumb/v6-m/nofp/libg.a(lib_a-fflush.o)
                0x00000000100051fc                __sflush_r
                0x000000001000535c                _fflush_r
                0x0000000010005388                fflush
 .text          0x00000000100053b0      0x220 /usr/lib/gcc/arm-none-eabi/9.2.1/../../../arm-none-eabi/lib/thumb/v6-m/nofp/libg.a(lib_a-findfp.o)
                0x00000000100053b4                _cleanup_r
                0x00000000100054b0                __sfmoreglue
                0x00000000100054e0                __sfp
                0x0000000010005568                _cleanup
                0x0000000010005580                __sinit
                0x0000000010005590                __sfp_lock_acquire
                0x0000000010005594                __sfp_lock_release
                0x0000000010005598                __sinit_lock_acquire
                0x000000001000559c                __sinit_lock_release
                0x00000000100055a0                __fp_lock_all
                0x00000000100055b8                __fp_unlock_all
 .text          0x00000000100055d0      0x27c /usr/lib/gcc/arm-none-eabi/9.2.1/../../../arm-none-eabi/lib/thumb/v6-m/nofp/libg.a(lib_a-freer.o)
                0x00000000100055d0                _malloc_trim_r
                0x0000000010005670                _free_r
 .text          0x000000001000584c       0x90 /usr/lib/gcc/arm-none-eabi/9.2.1/../../../arm-none-eabi/lib/thumb/v6-m/nofp/libg.a(lib_a-fwalk.o)
                0x000000001000584c                _fwalk
                0x0000000010005890                _fwalk_reent
 .text          0x00000000100058dc       0xf0 /usr/lib/gcc/arm-none-eabi/9.2.1/../../../arm-none-eabi/lib/thumb/v6-m/nofp/libg.a(lib_a-makebuf.o)
                0x00000000100058dc                __swhatbuf_r
                0x000000001000593c                __smakebuf_r
 .text          0x00000000100059cc       0xa4 /usr/lib/gcc/arm-none-eabi/9.2.1/../../../arm-none-eabi/lib/thumb/v6-m/nofp/libg.a(lib_a-stdio.o)
                0x00000000100059cc                __sread
                0x00000000100059f4                __seofread
                0x00000000100059f8                __swrite
                0x0000000010005a38                __sseek
                0x0000000010005a64                __sclose
 .text          0x0000000010005a70       0x28 /usr/lib/gcc/arm-none-eabi/9.2.1/../../../arm-none-eabi/lib/thumb/v6-m/nofp/libg.a(lib_a-writer.o)
                0x0000000010005a70                _write_r
 .text          0x0000000010005a98       0x24 /usr/lib/gcc/arm-none-eabi/9.2.1/../../../arm-none-eabi/lib/thumb/v6-m/nofp/libg.a(lib_a-closer.o)
                0x0000000010005a98                _close_r
 .text          0x0000000010005abc       0xac /usr/lib/gcc/arm-none-eabi/9.2.1/../../../arm-none-eabi/lib/thumb/v6-m/nofp/libg.a(lib_a-fclose.o)
                0x0000000010005abc                _fclose_r
                0x0000000010005b54                fclose
 .text          0x0000000010005b68       0x28 /usr/lib/gcc/arm-none-eabi/9.2.1/../../../arm-none-eabi/lib/thumb/v6-m/nofp/libg.a(lib_a-fstatr.o)
                0x0000000010005b68                _fstat_r
 .text          0x0000000010005b90       0x24 /usr/lib/gcc/arm-none-eabi/9.2.1/../../../arm-none-eabi/lib/thumb/v6-m/nofp/libg.a(lib_a-isattyr.o)
                0x0000000010005b90                _isatty_r
 .text          0x0000000010005bb4       0x28 /usr/lib/gcc/arm-none-eabi/9.2.1/../../../arm-none-eabi/lib/thumb/v6-m/nofp/libg.a(lib_a-lseekr.o)
                0x0000000010005bb4                _lseek_r
 .text          0x0000000010005bdc       0x28 /usr/lib/gcc/arm-none-eabi/9.2.1/../../../arm-none-eabi/lib/thumb/v6-m/nofp/libg.a(lib_a-readr.o)
                0x0000000010005bdc                _read_r
 .text          0x0000000010005c04       0x10 /usr/lib/gcc/arm-none-eabi/9.2.1/../../../arm-none-eabi/lib/thumb/v6-m/nofp/libnosys.a(close.o)
                0x0000000010005c04                _close
 .text          0x0000000010005c14       0x10 /usr/lib/gcc/arm-none-eabi/9.2.1/../../../arm-none-eabi/lib/thumb/v6-m/nofp/libnosys.a(fstat.o)
                0x0000000010005c14                _fstat
 .text          0x0000000010005c24       0x10 /usr/lib/gcc/arm-none-eabi/9.2.1/../../../arm-none-eabi/lib/thumb/v6-m/nofp/libnosys.a(isatty.o)
                0x0000000010005c24                _isatty
 .text          0x0000000010005c34       0x10 /usr/lib/gcc/arm-none-eabi/9.2.1/../../../arm-none-eabi/lib/thumb/v6-m/nofp/libnosys.a(lseek.o)
                0x0000000010005c34                _lseek
 *(.fini)
 .fini          0x0000000010005c44        0x4 /usr/lib/gcc/arm-none-eabi/9.2.1/thumb/v6-m/nofp/crti.o
                0x0000000010005c44                _fini
 .fini.__stub   0x0000000010005c48       0x60 linker stubs
 *crtbegin.o(.ctors)
 *crtbegin?.o(.ctors)
 *(EXCLUDE_FILE(*crtend.o *crtend?.o) .ctors)
 *(SORT_BY_NAME(.ctors.*))
 *(.ctors)
 *crtbegin.o(.dtors)
 *crtbegin?.o(.dtors)
 *(EXCLUDE_FILE(*crtend.o *crtend?.o) .dtors)
 *(SORT_BY_NAME(.dtors.*))
 *(.dtors)
 *(.eh_frame*)
 .eh_frame      0x0000000010005ca8        0x0 /usr/lib/gcc/arm-none-eabi/9.2.1/thumb/v6-m/nofp/crtbegin.o
                0x0000000010005ca8                . = ALIGN (0x4)

.glue_7         0x0000000010005ca8        0x0
 .glue_7        0x0000000010005ca8        0x0 linker stubs

.glue_7t        0x0000000010005ca8        0x0
 .glue_7t       0x0000000010005ca8        0x0 linker stubs

.vfp11_veneer   0x0000000010005ca8        0x0
 .vfp11_veneer  0x0000000010005ca8        0x0 linker stubs

.v4_bx          0x0000000010005ca8        0x0
 .v4_bx         0x0000000010005ca8        0x0 linker stubs

.iplt           0x0000000010005ca8        0x0
 .iplt          0x0000000010005ca8        0x0 /usr/lib/gcc/arm-none-eabi/9.2.1/thumb/v6-m/nofp/crtbegin.o

.rodata         0x0000000010005ca8     0x1024
 *(EXCLUDE_FILE(*libm.a: *libc.a:*lib_a-mem*.o *libgcc.a:) .rodata*)
 .rodata.init_cmds1
                0x0000000010005ca8       0x3b CMakeFiles/pico-fractal.dir/st7735.c.obj
 *fill*         0x0000000010005ce3        0x1 
 .rodata.init_cmds2
                0x0000000010005ce4        0xd CMakeFiles/pico-fractal.dir/st7735.c.obj
 *fill*         0x0000000010005cf1        0x3 
 .rodata.init_cmds3
                0x0000000010005cf4       0x2b CMakeFiles/pico-fractal.dir/st7735.c.obj
 *fill*         0x0000000010005d1f        0x1 
 .rodata.DEV_Module_Init.str1.4
                0x0000000010005d20       0x15 CMakeFiles/pico-fractal.dir/DEV_Config.c.obj
 *fill*         0x0000000010005d35        0x3 
 .rodata.repeating_timer_callback.str1.4
                0x0000000010005d38       0x62 CMakeFiles/pico-fractal.dir/mnt/c/Users/champ/Documents/Programming/pico-sdk/src/common/pico_time/time.c.obj
 *fill*         0x0000000010005d9a        0x2 
 .rodata.alarm_pool_dump_key.str1.4
                0x0000000010005d9c       0x33 CMakeFiles/pico-fractal.dir/mnt/c/Users/champ/Documents/Programming/pico-sdk/src/common/pico_time/time.c.obj
 *fill*         0x0000000010005dcf        0x1 
 .rodata.ph_add_child_node.str1.4
                0x0000000010005dd0       0xae CMakeFiles/pico-fractal.dir/mnt/c/Users/champ/Documents/Programming/pico-sdk/src/common/pico_time/time.c.obj
 *fill*         0x0000000010005e7e        0x2 
 .rodata.add_alarm_under_lock.str1.4
                0x0000000010005e80       0x28 CMakeFiles/pico-fractal.dir/mnt/c/Users/champ/Documents/Programming/pico-sdk/src/common/pico_time/time.c.obj
                                         0x2b (size before relaxing)
 .rodata.alarm_pool_alarm_callback.str1.4
                0x0000000010005ea8       0xfa CMakeFiles/pico-fractal.dir/mnt/c/Users/champ/Documents/Programming/pico-sdk/src/common/pico_time/time.c.obj
 *fill*         0x0000000010005fa2        0x2 
 .rodata.alarm_pool_get_default.str1.4
                0x0000000010005fa4       0x21 CMakeFiles/pico-fractal.dir/mnt/c/Users/champ/Documents/Programming/pico-sdk/src/common/pico_time/time.c.obj
 *fill*         0x0000000010005fc5        0x3 
 .rodata.sleep_until.str1.4
                0x0000000010005fc8       0x4d CMakeFiles/pico-fractal.dir/mnt/c/Users/champ/Documents/Programming/pico-sdk/src/common/pico_time/time.c.obj
 *fill*         0x0000000010006015        0x3 
 .rodata.__func__.5701
                0x0000000010006018       0x15 CMakeFiles/pico-fractal.dir/mnt/c/Users/champ/Documents/Programming/pico-sdk/src/common/pico_time/time.c.obj
 *fill*         0x000000001000602d        0x3 
 .rodata.__func__.6007
                0x0000000010006030        0xc CMakeFiles/pico-fractal.dir/mnt/c/Users/champ/Documents/Programming/pico-sdk/src/common/pico_time/time.c.obj
 .rodata.__func__.6014
                0x000000001000603c       0x12 CMakeFiles/pico-fractal.dir/mnt/c/Users/champ/Documents/Programming/pico-sdk/src/common/pico_time/time.c.obj
 *fill*         0x000000001000604e        0x2 
 .rodata.__func__.6030
                0x0000000010006050        0xf CMakeFiles/pico-fractal.dir/mnt/c/Users/champ/Documents/Programming/pico-sdk/src/common/pico_time/time.c.obj
 *fill*         0x000000001000605f        0x1 
 .rodata.__func__.6052
                0x0000000010006060        0xd CMakeFiles/pico-fractal.dir/mnt/c/Users/champ/Documents/Programming/pico-sdk/src/common/pico_time/time.c.obj
 *fill*         0x000000001000606d        0x3 
 .rodata.__func__.6276
                0x0000000010006070        0xa CMakeFiles/pico-fractal.dir/mnt/c/Users/champ/Documents/Programming/pico-sdk/src/common/pico_time/time.c.obj
 *fill*         0x000000001000607a        0x2 
 .rodata.__func__.6281
                0x000000001000607c       0x12 CMakeFiles/pico-fractal.dir/mnt/c/Users/champ/Documents/Programming/pico-sdk/src/common/pico_time/time.c.obj
 *fill*         0x000000001000608e        0x2 
 .rodata.__func__.6296
                0x0000000010006090       0x17 CMakeFiles/pico-fractal.dir/mnt/c/Users/champ/Documents/Programming/pico-sdk/src/common/pico_time/time.c.obj
 *fill*         0x00000000100060a7        0x1 
 .rodata.__func__.6307
                0x00000000100060a8       0x15 CMakeFiles/pico-fractal.dir/mnt/c/Users/champ/Documents/Programming/pico-sdk/src/common/pico_time/time.c.obj
 *fill*         0x00000000100060bd        0x3 
 .rodata.__func__.6324
                0x00000000100060c0       0x1a CMakeFiles/pico-fractal.dir/mnt/c/Users/champ/Documents/Programming/pico-sdk/src/common/pico_time/time.c.obj
 *fill*         0x00000000100060da        0x6 
 .rodata.at_the_end_of_time
                0x00000000100060e0        0x8 CMakeFiles/pico-fractal.dir/mnt/c/Users/champ/Documents/Programming/pico-sdk/src/common/pico_time/time.c.obj
                0x00000000100060e0                at_the_end_of_time
 .rodata.hardware_alarm_claim.str1.4
                0x00000000100060e8       0x22 CMakeFiles/pico-fractal.dir/mnt/c/Users/champ/Documents/Programming/pico-sdk/src/rp2_common/hardware_timer/timer.c.obj
 .rodata.busy_wait_us.str1.4
                0x000000001000610a       0x78 CMakeFiles/pico-fractal.dir/mnt/c/Users/champ/Documents/Programming/pico-sdk/src/rp2_common/hardware_timer/timer.c.obj
 *fill*         0x000000001000610a        0x2 
 .rodata.hardware_alarm_set_target.str1.4
                0x000000001000610c       0x7c CMakeFiles/pico-fractal.dir/mnt/c/Users/champ/Documents/Programming/pico-sdk/src/rp2_common/hardware_timer/timer.c.obj
 .rodata.__func__.4193
                0x0000000010006188       0x15 CMakeFiles/pico-fractal.dir/mnt/c/Users/champ/Documents/Programming/pico-sdk/src/rp2_common/hardware_timer/timer.c.obj
 *fill*         0x000000001000619d        0x3 
 .rodata.__func__.4559
                0x00000000100061a0       0x1a CMakeFiles/pico-fractal.dir/mnt/c/Users/champ/Documents/Programming/pico-sdk/src/rp2_common/hardware_timer/timer.c.obj
 *fill*         0x00000000100061ba        0x2 
 .rodata.str1.4
                0x00000000100061bc       0xa1 CMakeFiles/pico-fractal.dir/mnt/c/Users/champ/Documents/Programming/pico-sdk/src/common/pico_sync/mutex.c.obj
                                        0x119 (size before relaxing)
 *fill*         0x000000001000625d        0x3 
 .rodata.__func__.4700
                0x0000000010006260        0xb CMakeFiles/pico-fractal.dir/mnt/c/Users/champ/Documents/Programming/pico-sdk/src/common/pico_sync/mutex.c.obj
 .rodata.ph_add_child_node.str1.4
                0x000000001000626b       0xae CMakeFiles/pico-fractal.dir/mnt/c/Users/champ/Documents/Programming/pico-sdk/src/common/pico_util/pheap.c.obj
 *fill*         0x000000001000626b        0x1 
 .rodata.ph_remove_any_head.str1.4
                0x000000001000626c       0xa4 CMakeFiles/pico-fractal.dir/mnt/c/Users/champ/Documents/Programming/pico-sdk/src/common/pico_util/pheap.c.obj
 .rodata.ph_remove_and_free_node.str1.4
                0x0000000010006310       0x26 CMakeFiles/pico-fractal.dir/mnt/c/Users/champ/Documents/Programming/pico-sdk/src/common/pico_util/pheap.c.obj
 *fill*         0x0000000010006336        0x2 
 .rodata.__func__.5708
                0x0000000010006338        0xc CMakeFiles/pico-fractal.dir/mnt/c/Users/champ/Documents/Programming/pico-sdk/src/common/pico_util/pheap.c.obj
 .rodata.__func__.5715
                0x0000000010006344       0x12 CMakeFiles/pico-fractal.dir/mnt/c/Users/champ/Documents/Programming/pico-sdk/src/common/pico_util/pheap.c.obj
 *fill*         0x0000000010006356        0x2 
 .rodata.__func__.5801
                0x0000000010006358       0x13 CMakeFiles/pico-fractal.dir/mnt/c/Users/champ/Documents/Programming/pico-sdk/src/common/pico_util/pheap.c.obj
 *fill*         0x000000001000636b        0x1 
 .rodata.__func__.5819
                0x000000001000636c       0x18 CMakeFiles/pico-fractal.dir/mnt/c/Users/champ/Documents/Programming/pico-sdk/src/common/pico_util/pheap.c.obj
 .rodata.__assert_func.str1.4
                0x0000000010006384       0x3f CMakeFiles/pico-fractal.dir/mnt/c/Users/champ/Documents/Programming/pico-sdk/src/rp2_common/pico_runtime/runtime.c.obj
                                         0x43 (size before relaxing)
 *fill*         0x00000000100063c3        0x1 
 .rodata.runtime_init.str1.4
                0x00000000100063c4       0x78 CMakeFiles/pico-fractal.dir/mnt/c/Users/champ/Documents/Programming/pico-sdk/src/rp2_common/pico_runtime/runtime.c.obj
 .rodata.panic.str1.4
                0x000000001000643c       0x12 CMakeFiles/pico-fractal.dir/mnt/c/Users/champ/Documents/Programming/pico-sdk/src/rp2_common/pico_runtime/runtime.c.obj
 *fill*         0x000000001000644e        0x2 
 .rodata.__func__.5816
                0x0000000010006450        0xd CMakeFiles/pico-fractal.dir/mnt/c/Users/champ/Documents/Programming/pico-sdk/src/rp2_common/pico_runtime/runtime.c.obj
 *fill*         0x000000001000645d        0x3 
 .rodata.clock_configure.str1.4
                0x0000000010006460       0x6e CMakeFiles/pico-fractal.dir/mnt/c/Users/champ/Documents/Programming/pico-sdk/src/rp2_common/hardware_clocks/clocks.c.obj
 *fill*         0x00000000100064ce        0x2 
 .rodata.__func__.4688
                0x00000000100064d0       0x10 CMakeFiles/pico-fractal.dir/mnt/c/Users/champ/Documents/Programming/pico-sdk/src/rp2_common/hardware_clocks/clocks.c.obj
 .rodata.make_branch.str1.4
                0x00000000100064e0       0x64 CMakeFiles/pico-fractal.dir/mnt/c/Users/champ/Documents/Programming/pico-sdk/src/rp2_common/hardware_irq/irq.c.obj
 .rodata.irq_set_exclusive_handler.str1.4
                0x0000000010006544       0x36 CMakeFiles/pico-fractal.dir/mnt/c/Users/champ/Documents/Programming/pico-sdk/src/rp2_common/hardware_irq/irq.c.obj
 *fill*         0x000000001000657a        0x2 
 .rodata.irq_add_shared_handler.str1.4
                0x000000001000657c       0xd9 CMakeFiles/pico-fractal.dir/mnt/c/Users/champ/Documents/Programming/pico-sdk/src/rp2_common/hardware_irq/irq.c.obj
 *fill*         0x0000000010006655        0x3 
 .rodata.irq_remove_handler.str1.4
                0x0000000010006658       0x2a CMakeFiles/pico-fractal.dir/mnt/c/Users/champ/Documents/Programming/pico-sdk/src/rp2_common/hardware_irq/irq.c.obj
 *fill*         0x0000000010006682        0x2 
 .rodata.irq_add_tail_to_free_list.str1.4
                0x0000000010006684       0x32 CMakeFiles/pico-fractal.dir/mnt/c/Users/champ/Documents/Programming/pico-sdk/src/rp2_common/hardware_irq/irq.c.obj
                                         0x3a (size before relaxing)
 *fill*         0x00000000100066b6        0x2 
 .rodata.__func__.4733
                0x00000000100066b8       0x1a CMakeFiles/pico-fractal.dir/mnt/c/Users/champ/Documents/Programming/pico-sdk/src/rp2_common/hardware_irq/irq.c.obj
 *fill*         0x00000000100066d2        0x2 
 .rodata.__func__.4747
                0x00000000100066d4        0xc CMakeFiles/pico-fractal.dir/mnt/c/Users/champ/Documents/Programming/pico-sdk/src/rp2_common/hardware_irq/irq.c.obj
 .rodata.__func__.4755
                0x00000000100066e0       0x17 CMakeFiles/pico-fractal.dir/mnt/c/Users/champ/Documents/Programming/pico-sdk/src/rp2_common/hardware_irq/irq.c.obj
 *fill*         0x00000000100066f7        0x1 
 .rodata.__func__.4759
                0x00000000100066f8        0xf CMakeFiles/pico-fractal.dir/mnt/c/Users/champ/Documents/Programming/pico-sdk/src/rp2_common/hardware_irq/irq.c.obj
 *fill*         0x0000000010006707        0x1 
 .rodata.__func__.4798
                0x0000000010006708       0x13 CMakeFiles/pico-fractal.dir/mnt/c/Users/champ/Documents/Programming/pico-sdk/src/rp2_common/hardware_irq/irq.c.obj
 *fill*         0x000000001000671b        0x1 
 .rodata.__func__.4821
                0x000000001000671c       0x1a CMakeFiles/pico-fractal.dir/mnt/c/Users/champ/Documents/Programming/pico-sdk/src/rp2_common/hardware_irq/irq.c.obj
 *fill*         0x0000000010006736        0x2 
 .rodata.pll_init.str1.4
                0x0000000010006738       0xef CMakeFiles/pico-fractal.dir/mnt/c/Users/champ/Documents/Programming/pico-sdk/src/rp2_common/hardware_pll/pll.c.obj
 *fill*         0x0000000010006827        0x1 
 .rodata.__func__.4408
                0x0000000010006828        0x9 CMakeFiles/pico-fractal.dir/mnt/c/Users/champ/Documents/Programming/pico-sdk/src/rp2_common/hardware_pll/pll.c.obj
 *fill*         0x0000000010006831        0x3 
 .rodata._ftoa.str1.4
                0x0000000010006834       0x15 CMakeFiles/pico-fractal.dir/mnt/c/Users/champ/Documents/Programming/pico-sdk/src/rp2_common/pico_printf/printf.c.obj
 *fill*         0x0000000010006849        0x3 
 .rodata._vsnprintf
                0x000000001000684c      0x1e0 CMakeFiles/pico-fractal.dir/mnt/c/Users/champ/Documents/Programming/pico-sdk/src/rp2_common/pico_printf/printf.c.obj
 *fill*         0x0000000010006a2c        0x4 
 .rodata.pow10.5422
                0x0000000010006a30       0x50 CMakeFiles/pico-fractal.dir/mnt/c/Users/champ/Documents/Programming/pico-sdk/src/rp2_common/pico_printf/printf.c.obj
 .rodata.__aeabi_double_init.str1.4
                0x0000000010006a80       0xbf CMakeFiles/pico-fractal.dir/mnt/c/Users/champ/Documents/Programming/pico-sdk/src/rp2_common/pico_double/double_init_rom.c.obj
 *fill*         0x0000000010006b3f        0x1 
 .rodata.__func__.4719
                0x0000000010006b40       0x14 CMakeFiles/pico-fractal.dir/mnt/c/Users/champ/Documents/Programming/pico-sdk/src/rp2_common/pico_double/double_init_rom.c.obj
 .rodata.__aeabi_float_init.str1.4
                0x0000000010006b54       0x91 CMakeFiles/pico-fractal.dir/mnt/c/Users/champ/Documents/Programming/pico-sdk/src/rp2_common/pico_float/float_init_rom.c.obj
                                         0x95 (size before relaxing)
 *fill*         0x0000000010006be5        0x3 
 .rodata.__func__.4720
                0x0000000010006be8       0x13 CMakeFiles/pico-fractal.dir/mnt/c/Users/champ/Documents/Programming/pico-sdk/src/rp2_common/pico_float/float_init_rom.c.obj
 *fill*         0x0000000010006bfb        0x1 
 .rodata.__wrap_malloc.str1.4
                0x0000000010006bfc        0xe CMakeFiles/pico-fractal.dir/mnt/c/Users/champ/Documents/Programming/pico-sdk/src/rp2_common/pico_malloc/pico_malloc.c.obj
 *fill*         0x0000000010006c0a        0x2 
 .rodata.str1.4
                0x0000000010006c0c       0x48 CMakeFiles/pico-fractal.dir/mnt/c/Users/champ/Documents/Programming/pico-sdk/src/rp2_common/pico_standard_link/binary_info.c.obj
 .rodata.__bi_44
                0x0000000010006c54        0xc CMakeFiles/pico-fractal.dir/mnt/c/Users/champ/Documents/Programming/pico-sdk/src/rp2_common/pico_standard_link/binary_info.c.obj
 .rodata.__bi_56
                0x0000000010006c60        0xc CMakeFiles/pico-fractal.dir/mnt/c/Users/champ/Documents/Programming/pico-sdk/src/rp2_common/pico_standard_link/binary_info.c.obj
 .rodata.__bi_75
                0x0000000010006c6c        0xc CMakeFiles/pico-fractal.dir/mnt/c/Users/champ/Documents/Programming/pico-sdk/src/rp2_common/pico_standard_link/binary_info.c.obj
 .rodata.__bi_81
                0x0000000010006c78        0xc CMakeFiles/pico-fractal.dir/mnt/c/Users/champ/Documents/Programming/pico-sdk/src/rp2_common/pico_standard_link/binary_info.c.obj
 .rodata.crlf_str.6051
                0x0000000010006c84        0x2 CMakeFiles/pico-fractal.dir/mnt/c/Users/champ/Documents/Programming/pico-sdk/src/rp2_common/pico_stdio/stdio.c.obj
 *fill*         0x0000000010006c86        0x2 
 .rodata.str1.4
                0x0000000010006c88       0x2c CMakeFiles/pico-fractal.dir/mnt/c/Users/champ/Documents/Programming/pico-sdk/src/rp2_common/pico_stdio_uart/stdio_uart.c.obj
 .rodata.__bi_28.4752
                0x0000000010006cb4        0xc CMakeFiles/pico-fractal.dir/mnt/c/Users/champ/Documents/Programming/pico-sdk/src/rp2_common/pico_stdio_uart/stdio_uart.c.obj
 .rodata.__bi_29.4756
                0x0000000010006cc0        0x8 CMakeFiles/pico-fractal.dir/mnt/c/Users/champ/Documents/Programming/pico-sdk/src/rp2_common/pico_stdio_uart/stdio_uart.c.obj
 .rodata        0x0000000010006cc8        0x4 /usr/lib/gcc/arm-none-eabi/9.2.1/../../../arm-none-eabi/lib/thumb/v6-m/nofp/libg.a(lib_a-impure.o)
                0x0000000010006cc8                _global_impure_ptr
                0x0000000010006ccc                . = ALIGN (0x4)
 *(SORT_BY_ALIGNMENT(SORT_BY_NAME(.flashdata*)))
                0x0000000010006ccc                . = ALIGN (0x4)

.rel.dyn        0x0000000010006ccc        0x0
 .rel.iplt      0x0000000010006ccc        0x0 /usr/lib/gcc/arm-none-eabi/9.2.1/thumb/v6-m/nofp/crtbegin.o

.ARM.extab
 *(.ARM.extab* .gnu.linkonce.armextab.*)
                0x0000000010006ccc                __exidx_start = .

.ARM.exidx
 *(.ARM.exidx* .gnu.linkonce.armexidx.*)
                0x0000000010006ccc                __exidx_end = .
                0x0000000010006ccc                . = ALIGN (0x4)
                0x0000000010006ccc                __binary_info_start = .

.binary_info    0x0000000010006ccc       0x28
 *(.binary_info.keep.*)
 .binary_info.keep.__bi_ptr22
                0x0000000010006ccc        0x4 CMakeFiles/pico-fractal.dir/mnt/c/Users/champ/Documents/Programming/pico-sdk/src/rp2_common/pico_standard_link/binary_info.c.obj
 .binary_info.keep.__bi_ptr30
                0x0000000010006cd0        0x4 CMakeFiles/pico-fractal.dir/mnt/c/Users/champ/Documents/Programming/pico-sdk/src/rp2_common/pico_standard_link/binary_info.c.obj
 .binary_info.keep.__bi_ptr38
                0x0000000010006cd4        0x4 CMakeFiles/pico-fractal.dir/mnt/c/Users/champ/Documents/Programming/pico-sdk/src/rp2_common/pico_standard_link/binary_info.c.obj
 .binary_info.keep.__bi_ptr44
                0x0000000010006cd8        0x4 CMakeFiles/pico-fractal.dir/mnt/c/Users/champ/Documents/Programming/pico-sdk/src/rp2_common/pico_standard_link/binary_info.c.obj
 .binary_info.keep.__bi_ptr50
                0x0000000010006cdc        0x4 CMakeFiles/pico-fractal.dir/mnt/c/Users/champ/Documents/Programming/pico-sdk/src/rp2_common/pico_standard_link/binary_info.c.obj
 .binary_info.keep.__bi_ptr56
                0x0000000010006ce0        0x4 CMakeFiles/pico-fractal.dir/mnt/c/Users/champ/Documents/Programming/pico-sdk/src/rp2_common/pico_standard_link/binary_info.c.obj
 .binary_info.keep.__bi_ptr75
                0x0000000010006ce4        0x4 CMakeFiles/pico-fractal.dir/mnt/c/Users/champ/Documents/Programming/pico-sdk/src/rp2_common/pico_standard_link/binary_info.c.obj
 .binary_info.keep.__bi_ptr81
                0x0000000010006ce8        0x4 CMakeFiles/pico-fractal.dir/mnt/c/Users/champ/Documents/Programming/pico-sdk/src/rp2_common/pico_standard_link/binary_info.c.obj
 *(.binary_info.*)
 .binary_info.__bi_ptr28
                0x0000000010006cec        0x4 CMakeFiles/pico-fractal.dir/mnt/c/Users/champ/Documents/Programming/pico-sdk/src/rp2_common/pico_stdio_uart/stdio_uart.c.obj
 .binary_info.__bi_ptr29
                0x0000000010006cf0        0x4 CMakeFiles/pico-fractal.dir/mnt/c/Users/champ/Documents/Programming/pico-sdk/src/rp2_common/pico_stdio_uart/stdio_uart.c.obj
                0x0000000010006cf4                __binary_info_end = .
                0x0000000010006cf4                . = ALIGN (0x4)
                0x0000000010006cf4                __etext = .

.ram_vector_table
                0x0000000020000000       0xc0
 *(.ram_vector_table)
 .ram_vector_table
                0x0000000020000000       0xc0 CMakeFiles/pico-fractal.dir/mnt/c/Users/champ/Documents/Programming/pico-sdk/src/rp2_common/pico_runtime/runtime.c.obj
                0x0000000020000000                ram_vector_table

.data           0x00000000200000c0      0xa54 load address 0x0000000010006cf4
                0x00000000200000c0                __data_start__ = .
 *(vtable)
 *(.time_critical*)
 .time_critical.spi_write_blocking
                0x00000000200000c0       0x3a CMakeFiles/pico-fractal.dir/mnt/c/Users/champ/Documents/Programming/pico-sdk/src/rp2_common/hardware_spi/spi.c.obj
                0x00000000200000c0                spi_write_blocking
 .time_critical.mutex_enter_blocking
                0x00000000200000fa       0x48 CMakeFiles/pico-fractal.dir/mnt/c/Users/champ/Documents/Programming/pico-sdk/src/common/pico_sync/mutex.c.obj
                0x00000000200000fa                mutex_enter_blocking
 .time_critical.mutex_try_enter
                0x0000000020000142       0x48 CMakeFiles/pico-fractal.dir/mnt/c/Users/champ/Documents/Programming/pico-sdk/src/common/pico_sync/mutex.c.obj
                0x0000000020000142                mutex_try_enter
 *fill*         0x000000002000018a        0x2 
 .time_critical.mutex_exit
                0x000000002000018c       0x4c CMakeFiles/pico-fractal.dir/mnt/c/Users/champ/Documents/Programming/pico-sdk/src/common/pico_sync/mutex.c.obj
                0x000000002000018c                mutex_exit
 *(.text*)
 .text          0x00000000200001d8        0x4 /usr/lib/gcc/arm-none-eabi/9.2.1/thumb/v6-m/nofp/libgcc.a(_dvmd_tls.o)
                0x00000000200001d8                __aeabi_ldiv0
                0x00000000200001d8                __aeabi_idiv0
 *fill*         0x00000000200001dc        0x4 
 .text.__stub   0x00000000200001e0       0x10 linker stubs
                0x00000000200001f0                . = ALIGN (0x4)
 *(.rodata*)
                0x00000000200001f0                . = ALIGN (0x4)
 *(.data*)
 .data.EPD_CLK_PIN
                0x00000000200001f0        0x4 CMakeFiles/pico-fractal.dir/DEV_Config.c.obj
                0x00000000200001f0                EPD_CLK_PIN
 .data.EPD_CS_PIN
                0x00000000200001f4        0x4 CMakeFiles/pico-fractal.dir/DEV_Config.c.obj
                0x00000000200001f4                EPD_CS_PIN
 .data.EPD_DC_PIN
                0x00000000200001f8        0x4 CMakeFiles/pico-fractal.dir/DEV_Config.c.obj
                0x00000000200001f8                EPD_DC_PIN
 .data.EPD_MOSI_PIN
                0x00000000200001fc        0x4 CMakeFiles/pico-fractal.dir/DEV_Config.c.obj
                0x00000000200001fc                EPD_MOSI_PIN
 .data.EPD_RST_PIN
                0x0000000020000200        0x4 CMakeFiles/pico-fractal.dir/DEV_Config.c.obj
                0x0000000020000200                EPD_RST_PIN
 .data.striped_spin_lock_num
                0x0000000020000204        0x1 CMakeFiles/pico-fractal.dir/mnt/c/Users/champ/Documents/Programming/pico-sdk/src/rp2_common/hardware_sync/sync.c.obj
 *fill*         0x0000000020000205        0x3 
 .data.default_alarm_pool
                0x0000000020000208       0x18 CMakeFiles/pico-fractal.dir/mnt/c/Users/champ/Documents/Programming/pico-sdk/src/common/pico_time/time.c.obj
 .data.default_alarm_pool_heap
                0x0000000020000220       0x10 CMakeFiles/pico-fractal.dir/mnt/c/Users/champ/Documents/Programming/pico-sdk/src/common/pico_time/time.c.obj
 .data          0x0000000020000230       0x48 CMakeFiles/pico-fractal.dir/mnt/c/Users/champ/Documents/Programming/pico-sdk/src/rp2_common/hardware_irq/irq_handler_chain.S.obj
                0x0000000020000230                irq_handler_chain_slots
                0x0000000020000260                irq_handler_chain_first_slot
                0x000000002000026a                irq_handler_chain_remove_tail
 *fill*         0x0000000020000278        0x8 
 .data.aeabi_bits_funcs
                0x0000000020000280       0x10 CMakeFiles/pico-fractal.dir/mnt/c/Users/champ/Documents/Programming/pico-sdk/src/rp2_common/pico_bit_ops/bit_ops_aeabi.S.obj
                0x0000000020000280                aeabi_bits_funcs
                0x0000000020000290                aeabi_bits_funcs_end
 .data.aeabi_mem_funcs
                0x0000000020000290       0x10 CMakeFiles/pico-fractal.dir/mnt/c/Users/champ/Documents/Programming/pico-sdk/src/rp2_common/pico_mem_ops/mem_ops_aeabi.S.obj
                0x0000000020000290                aeabi_mem_funcs
                0x00000000200002a0                aeabi_mem_funcs_end
 .data.stdio_uart
                0x00000000200002a0       0x14 CMakeFiles/pico-fractal.dir/mnt/c/Users/champ/Documents/Programming/pico-sdk/src/rp2_common/pico_stdio_uart/stdio_uart.c.obj
                0x00000000200002a0                stdio_uart
 *fill*         0x00000000200002b4        0x4 
 .data          0x00000000200002b8      0x430 /usr/lib/gcc/arm-none-eabi/9.2.1/../../../arm-none-eabi/lib/thumb/v6-m/nofp/libg.a(lib_a-impure.o)
                0x00000000200002b8                _impure_ptr
 .data          0x00000000200006e8      0x410 /usr/lib/gcc/arm-none-eabi/9.2.1/../../../arm-none-eabi/lib/thumb/v6-m/nofp/libg.a(lib_a-mallocr.o)
                0x00000000200006e8                __malloc_sbrk_base
                0x00000000200006ec                __malloc_trim_threshold
                0x00000000200006f0                __malloc_av_
                0x0000000020000af8                . = ALIGN (0x4)
 *(.after_data.*)
                0x0000000020000af8                . = ALIGN (0x4)
                0x0000000020000af8                PROVIDE (__mutex_array_start = .)
 *(SORT_BY_NAME(.mutex_array.*))
 *(.mutex_array)
 .mutex_array   0x0000000020000af8        0x8 CMakeFiles/pico-fractal.dir/mnt/c/Users/champ/Documents/Programming/pico-sdk/src/rp2_common/pico_stdio/stdio.c.obj
                0x0000000020000b00                PROVIDE (__mutex_array_end = .)
                0x0000000020000b00                . = ALIGN (0x4)
                0x0000000020000b00                PROVIDE (__preinit_array_start = .)
 *(SORT_BY_NAME(.preinit_array.*))
 .preinit_array.00001
                0x0000000020000b00        0x4 CMakeFiles/pico-fractal.dir/mnt/c/Users/champ/Documents/Programming/pico-sdk/src/rp2_common/pico_mem_ops/mem_ops_aeabi.S.obj
 .preinit_array.00010
                0x0000000020000b04        0x4 CMakeFiles/pico-fractal.dir/mnt/c/Users/champ/Documents/Programming/pico-sdk/src/rp2_common/pico_bit_ops/bit_ops_aeabi.S.obj
 .preinit_array.00020
                0x0000000020000b08        0x4 CMakeFiles/pico-fractal.dir/mnt/c/Users/champ/Documents/Programming/pico-sdk/src/rp2_common/pico_double/double_aeabi.S.obj
 .preinit_array.00020
                0x0000000020000b0c        0x4 CMakeFiles/pico-fractal.dir/mnt/c/Users/champ/Documents/Programming/pico-sdk/src/rp2_common/pico_float/float_aeabi.S.obj
 *(.preinit_array)
                0x0000000020000b10                PROVIDE (__preinit_array_end = .)
                0x0000000020000b10                . = ALIGN (0x4)
                0x0000000020000b10                PROVIDE (__init_array_start = .)
 *(SORT_BY_NAME(.init_array.*))
 *(.init_array)
 .init_array    0x0000000020000b10        0x4 /usr/lib/gcc/arm-none-eabi/9.2.1/thumb/v6-m/nofp/crtbegin.o
                0x0000000020000b14                PROVIDE (__init_array_end = .)
                0x0000000020000b14                . = ALIGN (0x4)
                0x0000000020000b14                PROVIDE (__fini_array_start = .)
 *(SORT_BY_NAME(.fini_array.*))
 *(.fini_array)
                0x0000000020000b14                PROVIDE (__fini_array_end = .)
 *(.jcr)
                0x0000000020000b14                . = ALIGN (0x4)
                0x0000000020000b14                __data_end__ = .

.tm_clone_table
                0x0000000020000b14        0x0 load address 0x0000000010007748
 .tm_clone_table
                0x0000000020000b14        0x0 /usr/lib/gcc/arm-none-eabi/9.2.1/thumb/v6-m/nofp/crtbegin.o
 .tm_clone_table
                0x0000000020000b14        0x0 /usr/lib/gcc/arm-none-eabi/9.2.1/thumb/v6-m/nofp/crtend.o

.igot.plt       0x0000000020000b14        0x0 load address 0x0000000010007748
 .igot.plt      0x0000000020000b14        0x0 /usr/lib/gcc/arm-none-eabi/9.2.1/thumb/v6-m/nofp/crtbegin.o

.uninitialized_data
                0x0000000020000b14        0x0 load address 0x0000000010007748
                0x0000000020000b14                . = ALIGN (0x4)
 *(.uninitialized_data*)

.scratch_x      0x0000000020040000        0x0 load address 0x0000000010007748
                0x0000000020040000                __scratch_x_start__ = .
 *(.scratch_x.*)
                0x0000000020040000                . = ALIGN (0x4)
                0x0000000020040000                __scratch_x_end__ = .
                0x0000000010007748                __scratch_x_source__ = LOADADDR (.scratch_x)

.scratch_y      0x0000000020041000        0x0 load address 0x0000000010007748
                0x0000000020041000                __scratch_y_start__ = .
 *(.scratch_y.*)
                0x0000000020041000                . = ALIGN (0x4)
                0x0000000020041000                __scratch_y_end__ = .
                0x0000000010007748                __scratch_y_source__ = LOADADDR (.scratch_y)

.bss            0x0000000020000b18      0x40c
                0x0000000020000b18                . = ALIGN (0x4)
                0x0000000020000b18                __bss_start__ = .
 *(SORT_BY_ALIGNMENT(SORT_BY_NAME(.bss*)))
 .bss.default_alarm_pool_entries
                0x0000000020000b18      0x100 CMakeFiles/pico-fractal.dir/mnt/c/Users/champ/Documents/Programming/pico-sdk/src/common/pico_time/time.c.obj
 .bss           0x0000000020000c18       0x1c /usr/lib/gcc/arm-none-eabi/9.2.1/thumb/v6-m/nofp/crtbegin.o
 .bss           0x0000000020000c34       0x34 /usr/lib/gcc/arm-none-eabi/9.2.1/../../../arm-none-eabi/lib/thumb/v6-m/nofp/libg.a(lib_a-mallocr.o)
                0x0000000020000c34                __malloc_top_pad
                0x0000000020000c38                __malloc_current_mallinfo
                0x0000000020000c60                __malloc_max_sbrked_mem
                0x0000000020000c64                __malloc_max_total_mem
 .bss.alarm_callbacks
                0x0000000020000c68       0x10 CMakeFiles/pico-fractal.dir/mnt/c/Users/champ/Documents/Programming/pico-sdk/src/rp2_common/hardware_timer/timer.c.obj
 .bss.configured_freq
                0x0000000020000c78       0x28 CMakeFiles/pico-fractal.dir/mnt/c/Users/champ/Documents/Programming/pico-sdk/src/rp2_common/hardware_clocks/clocks.c.obj
 .bss.default_alarm_pool_entry_ids_high
                0x0000000020000ca0       0x10 CMakeFiles/pico-fractal.dir/mnt/c/Users/champ/Documents/Programming/pico-sdk/src/common/pico_time/time.c.obj
 .bss.default_alarm_pool_heap_nodes
                0x0000000020000cb0       0x30 CMakeFiles/pico-fractal.dir/mnt/c/Users/champ/Documents/Programming/pico-sdk/src/common/pico_time/time.c.obj
 .bss.drivers   0x0000000020000ce0        0x4 CMakeFiles/pico-fractal.dir/mnt/c/Users/champ/Documents/Programming/pico-sdk/src/rp2_common/pico_stdio/stdio.c.obj
 .bss.filter    0x0000000020000ce4        0x4 CMakeFiles/pico-fractal.dir/mnt/c/Users/champ/Documents/Programming/pico-sdk/src/rp2_common/pico_stdio/stdio.c.obj
 .bss.heap_end.5845
                0x0000000020000ce8        0x4 CMakeFiles/pico-fractal.dir/mnt/c/Users/champ/Documents/Programming/pico-sdk/src/rp2_common/pico_runtime/runtime.c.obj
 .bss.pools     0x0000000020000cec       0x10 CMakeFiles/pico-fractal.dir/mnt/c/Users/champ/Documents/Programming/pico-sdk/src/common/pico_time/time.c.obj
 .bss.sf_clz_func
                0x0000000020000cfc        0x4 CMakeFiles/pico-fractal.dir/mnt/c/Users/champ/Documents/Programming/pico-sdk/src/rp2_common/pico_double/double_init_rom.c.obj
                0x0000000020000cfc                sf_clz_func
 .bss.sleep_notifier
                0x0000000020000d00        0x4 CMakeFiles/pico-fractal.dir/mnt/c/Users/champ/Documents/Programming/pico-sdk/src/common/pico_time/time.c.obj
 .bss.target_hi
                0x0000000020000d04       0x10 CMakeFiles/pico-fractal.dir/mnt/c/Users/champ/Documents/Programming/pico-sdk/src/rp2_common/hardware_timer/timer.c.obj
 .bss.uart_instance
                0x0000000020000d14        0x4 CMakeFiles/pico-fractal.dir/mnt/c/Users/champ/Documents/Programming/pico-sdk/src/rp2_common/pico_stdio_uart/stdio_uart.c.obj
 .bss.claimed   0x0000000020000d18        0x1 CMakeFiles/pico-fractal.dir/mnt/c/Users/champ/Documents/Programming/pico-sdk/src/rp2_common/hardware_timer/timer.c.obj
 .bss.irq_hander_chain_free_slot_head
                0x0000000020000d19        0x1 CMakeFiles/pico-fractal.dir/mnt/c/Users/champ/Documents/Programming/pico-sdk/src/rp2_common/hardware_irq/irq.c.obj
 .bss.timer_callbacks_pending
                0x0000000020000d1a        0x1 CMakeFiles/pico-fractal.dir/mnt/c/Users/champ/Documents/Programming/pico-sdk/src/rp2_common/hardware_timer/timer.c.obj
 *(COMMON)
 *fill*         0x0000000020000d1b        0x1 
 COMMON         0x0000000020000d1c        0x4 CMakeFiles/pico-fractal.dir/mnt/c/Users/champ/Documents/Programming/pico-sdk/src/rp2_common/hardware_uart/uart.c.obj
                0x0000000020000d1c                uart_char_to_line_feed
 COMMON         0x0000000020000d20      0x100 CMakeFiles/pico-fractal.dir/mnt/c/Users/champ/Documents/Programming/pico-sdk/src/rp2_common/pico_double/double_init_rom.c.obj
                0x0000000020000d20                sd_table
 COMMON         0x0000000020000e20      0x100 CMakeFiles/pico-fractal.dir/mnt/c/Users/champ/Documents/Programming/pico-sdk/src/rp2_common/pico_float/float_init_rom.c.obj
                0x0000000020000e20                sf_table
 COMMON         0x0000000020000f20        0x4 /usr/lib/gcc/arm-none-eabi/9.2.1/../../../arm-none-eabi/lib/thumb/v6-m/nofp/libg.a(lib_a-reent.o)
                0x0000000020000f20                errno
                0x0000000020000f24                . = ALIGN (0x4)
                0x0000000020000f24                __bss_end__ = .

.heap           0x0000000020000f24      0x800
                0x0000000020000f24                __end__ = .
                0x0000000020000f24                end = __end__
 *(.heap*)
 .heap          0x0000000020000f24      0x800 CMakeFiles/pico-fractal.dir/mnt/c/Users/champ/Documents/Programming/pico-sdk/src/rp2_common/pico_standard_link/crt0.S.obj
                0x0000000020001724                __HeapLimit = .

.stack1_dummy   0x0000000020040000        0x0
 *(.stack1*)

.stack_dummy    0x0000000020041000      0x800
 *(.stack*)
 .stack         0x0000000020041000      0x800 CMakeFiles/pico-fractal.dir/mnt/c/Users/champ/Documents/Programming/pico-sdk/src/rp2_common/pico_standard_link/crt0.S.obj

.flash_end      0x0000000010007748        0x0
                0x0000000010007748                __flash_binary_end = .
                0x0000000020040000                __StackLimit = (ORIGIN (RAM) + LENGTH (RAM))
                0x0000000020041000                __StackOneTop = (ORIGIN (SCRATCH_X) + LENGTH (SCRATCH_X))
                0x0000000020042000                __StackTop = (ORIGIN (SCRATCH_Y) + LENGTH (SCRATCH_Y))
                0x0000000020041000                __StackOneBottom = (__StackOneTop - SIZEOF (.stack1_dummy))
                0x0000000020041800                __StackBottom = (__StackTop - SIZEOF (.stack_dummy))
                0x0000000020042000                PROVIDE (__stack = __StackTop)
                0x0000000000000001                ASSERT ((__StackLimit >= __HeapLimit), region RAM overflowed)
                0x0000000000000001                ASSERT (((__binary_info_header_end - __logical_binary_start) <= 0x100), Binary info must be in first 256 bytes of the binary)
LOAD CMakeFiles/pico-fractal.dir/pico-fractal.c.obj
LOAD CMakeFiles/pico-fractal.dir/fonts.c.obj
LOAD CMakeFiles/pico-fractal.dir/st7735.c.obj
LOAD CMakeFiles/pico-fractal.dir/DEV_Config.c.obj
LOAD CMakeFiles/pico-fractal.dir/mnt/c/Users/champ/Documents/Programming/pico-sdk/src/rp2_common/hardware_pio/pio.c.obj
LOAD CMakeFiles/pico-fractal.dir/mnt/c/Users/champ/Documents/Programming/pico-sdk/src/rp2_common/hardware_claim/claim.c.obj
LOAD CMakeFiles/pico-fractal.dir/mnt/c/Users/champ/Documents/Programming/pico-sdk/src/rp2_common/pico_platform/platform.c.obj
LOAD CMakeFiles/pico-fractal.dir/mnt/c/Users/champ/Documents/Programming/pico-sdk/src/rp2_common/hardware_sync/sync.c.obj
LOAD CMakeFiles/pico-fractal.dir/mnt/c/Users/champ/Documents/Programming/pico-sdk/src/rp2_common/hardware_gpio/gpio.c.obj
LOAD CMakeFiles/pico-fractal.dir/mnt/c/Users/champ/Documents/Programming/pico-sdk/src/rp2_common/hardware_spi/spi.c.obj
LOAD CMakeFiles/pico-fractal.dir/mnt/c/Users/champ/Documents/Programming/pico-sdk/src/rp2_common/hardware_i2c/i2c.c.obj
LOAD CMakeFiles/pico-fractal.dir/mnt/c/Users/champ/Documents/Programming/pico-sdk/src/rp2_common/pico_stdlib/stdlib.c.obj
LOAD CMakeFiles/pico-fractal.dir/mnt/c/Users/champ/Documents/Programming/pico-sdk/src/rp2_common/hardware_uart/uart.c.obj
LOAD CMakeFiles/pico-fractal.dir/mnt/c/Users/champ/Documents/Programming/pico-sdk/src/rp2_common/hardware_divider/divider.S.obj
LOAD CMakeFiles/pico-fractal.dir/mnt/c/Users/champ/Documents/Programming/pico-sdk/src/common/pico_time/time.c.obj
LOAD CMakeFiles/pico-fractal.dir/mnt/c/Users/champ/Documents/Programming/pico-sdk/src/common/pico_time/timeout_helper.c.obj
LOAD CMakeFiles/pico-fractal.dir/mnt/c/Users/champ/Documents/Programming/pico-sdk/src/rp2_common/hardware_timer/timer.c.obj
LOAD CMakeFiles/pico-fractal.dir/mnt/c/Users/champ/Documents/Programming/pico-sdk/src/common/pico_sync/sem.c.obj
LOAD CMakeFiles/pico-fractal.dir/mnt/c/Users/champ/Documents/Programming/pico-sdk/src/common/pico_sync/lock_core.c.obj
LOAD CMakeFiles/pico-fractal.dir/mnt/c/Users/champ/Documents/Programming/pico-sdk/src/common/pico_sync/mutex.c.obj
LOAD CMakeFiles/pico-fractal.dir/mnt/c/Users/champ/Documents/Programming/pico-sdk/src/common/pico_sync/critical_section.c.obj
LOAD CMakeFiles/pico-fractal.dir/mnt/c/Users/champ/Documents/Programming/pico-sdk/src/common/pico_util/datetime.c.obj
LOAD CMakeFiles/pico-fractal.dir/mnt/c/Users/champ/Documents/Programming/pico-sdk/src/common/pico_util/pheap.c.obj
LOAD CMakeFiles/pico-fractal.dir/mnt/c/Users/champ/Documents/Programming/pico-sdk/src/common/pico_util/queue.c.obj
LOAD CMakeFiles/pico-fractal.dir/mnt/c/Users/champ/Documents/Programming/pico-sdk/src/rp2_common/pico_runtime/runtime.c.obj
LOAD CMakeFiles/pico-fractal.dir/mnt/c/Users/champ/Documents/Programming/pico-sdk/src/rp2_common/hardware_clocks/clocks.c.obj
LOAD CMakeFiles/pico-fractal.dir/mnt/c/Users/champ/Documents/Programming/pico-sdk/src/rp2_common/hardware_irq/irq.c.obj
LOAD CMakeFiles/pico-fractal.dir/mnt/c/Users/champ/Documents/Programming/pico-sdk/src/rp2_common/hardware_irq/irq_handler_chain.S.obj
LOAD CMakeFiles/pico-fractal.dir/mnt/c/Users/champ/Documents/Programming/pico-sdk/src/rp2_common/hardware_pll/pll.c.obj
LOAD CMakeFiles/pico-fractal.dir/mnt/c/Users/champ/Documents/Programming/pico-sdk/src/rp2_common/hardware_vreg/vreg.c.obj
LOAD CMakeFiles/pico-fractal.dir/mnt/c/Users/champ/Documents/Programming/pico-sdk/src/rp2_common/hardware_watchdog/watchdog.c.obj
LOAD CMakeFiles/pico-fractal.dir/mnt/c/Users/champ/Documents/Programming/pico-sdk/src/rp2_common/hardware_xosc/xosc.c.obj
LOAD CMakeFiles/pico-fractal.dir/mnt/c/Users/champ/Documents/Programming/pico-sdk/src/rp2_common/pico_printf/printf.c.obj
LOAD CMakeFiles/pico-fractal.dir/mnt/c/Users/champ/Documents/Programming/pico-sdk/src/rp2_common/pico_bit_ops/bit_ops_aeabi.S.obj
LOAD CMakeFiles/pico-fractal.dir/mnt/c/Users/champ/Documents/Programming/pico-sdk/src/rp2_common/pico_bootrom/bootrom.c.obj
LOAD CMakeFiles/pico-fractal.dir/mnt/c/Users/champ/Documents/Programming/pico-sdk/src/rp2_common/pico_divider/divider.S.obj
LOAD CMakeFiles/pico-fractal.dir/mnt/c/Users/champ/Documents/Programming/pico-sdk/src/rp2_common/pico_double/double_aeabi.S.obj
LOAD CMakeFiles/pico-fractal.dir/mnt/c/Users/champ/Documents/Programming/pico-sdk/src/rp2_common/pico_double/double_init_rom.c.obj
LOAD CMakeFiles/pico-fractal.dir/mnt/c/Users/champ/Documents/Programming/pico-sdk/src/rp2_common/pico_double/double_math.c.obj
LOAD CMakeFiles/pico-fractal.dir/mnt/c/Users/champ/Documents/Programming/pico-sdk/src/rp2_common/pico_double/double_v1_rom_shim.S.obj
LOAD CMakeFiles/pico-fractal.dir/mnt/c/Users/champ/Documents/Programming/pico-sdk/src/rp2_common/pico_int64_ops/pico_int64_ops_aeabi.S.obj
LOAD CMakeFiles/pico-fractal.dir/mnt/c/Users/champ/Documents/Programming/pico-sdk/src/rp2_common/pico_float/float_aeabi.S.obj
LOAD CMakeFiles/pico-fractal.dir/mnt/c/Users/champ/Documents/Programming/pico-sdk/src/rp2_common/pico_float/float_init_rom.c.obj
LOAD CMakeFiles/pico-fractal.dir/mnt/c/Users/champ/Documents/Programming/pico-sdk/src/rp2_common/pico_float/float_math.c.obj
LOAD CMakeFiles/pico-fractal.dir/mnt/c/Users/champ/Documents/Programming/pico-sdk/src/rp2_common/pico_float/float_v1_rom_shim.S.obj
LOAD CMakeFiles/pico-fractal.dir/mnt/c/Users/champ/Documents/Programming/pico-sdk/src/rp2_common/pico_malloc/pico_malloc.c.obj
LOAD CMakeFiles/pico-fractal.dir/mnt/c/Users/champ/Documents/Programming/pico-sdk/src/rp2_common/pico_mem_ops/mem_ops_aeabi.S.obj
LOAD CMakeFiles/pico-fractal.dir/mnt/c/Users/champ/Documents/Programming/pico-sdk/src/rp2_common/pico_standard_link/crt0.S.obj
LOAD CMakeFiles/pico-fractal.dir/mnt/c/Users/champ/Documents/Programming/pico-sdk/src/rp2_common/pico_standard_link/new_delete.cpp.obj
LOAD CMakeFiles/pico-fractal.dir/mnt/c/Users/champ/Documents/Programming/pico-sdk/src/rp2_common/pico_standard_link/binary_info.c.obj
LOAD CMakeFiles/pico-fractal.dir/mnt/c/Users/champ/Documents/Programming/pico-sdk/src/rp2_common/pico_stdio/stdio.c.obj
LOAD CMakeFiles/pico-fractal.dir/mnt/c/Users/champ/Documents/Programming/pico-sdk/src/rp2_common/pico_stdio_uart/stdio_uart.c.obj
LOAD /tmp/ccQMa4Fi.o
LOAD /usr/lib/gcc/arm-none-eabi/9.2.1/../../../arm-none-eabi/lib/thumb/v6-m/nofp/libstdc++.a
LOAD /usr/lib/gcc/arm-none-eabi/9.2.1/../../../arm-none-eabi/lib/thumb/v6-m/nofp/libm.a
START GROUP
LOAD /usr/lib/gcc/arm-none-eabi/9.2.1/thumb/v6-m/nofp/libgcc.a
LOAD /usr/lib/gcc/arm-none-eabi/9.2.1/../../../arm-none-eabi/lib/thumb/v6-m/nofp/libg.a
LOAD /usr/lib/gcc/arm-none-eabi/9.2.1/../../../arm-none-eabi/lib/thumb/v6-m/nofp/libc.a
END GROUP
START GROUP
LOAD /usr/lib/gcc/arm-none-eabi/9.2.1/thumb/v6-m/nofp/libgcc.a
LOAD /usr/lib/gcc/arm-none-eabi/9.2.1/../../../arm-none-eabi/lib/thumb/v6-m/nofp/libc.a
LOAD /usr/lib/gcc/arm-none-eabi/9.2.1/../../../arm-none-eabi/lib/thumb/v6-m/nofp/libnosys.a
END GROUP
LOAD /usr/lib/gcc/arm-none-eabi/9.2.1/thumb/v6-m/nofp/crtend.o
LOAD /usr/lib/gcc/arm-none-eabi/9.2.1/thumb/v6-m/nofp/crtn.o
OUTPUT(pico-fractal.elf elf32-littlearm)
LOAD linker stubs

.ARM.attributes
                0x0000000000000000       0x28
 .ARM.attributes
                0x0000000000000000       0x1e /usr/lib/gcc/arm-none-eabi/9.2.1/thumb/v6-m/nofp/crti.o
 .ARM.attributes
                0x000000000000001e       0x2c /usr/lib/gcc/arm-none-eabi/9.2.1/thumb/v6-m/nofp/crtbegin.o
 .ARM.attributes
                0x000000000000004a       0x2c CMakeFiles/pico-fractal.dir/pico-fractal.c.obj
 .ARM.attributes
                0x0000000000000076       0x2c CMakeFiles/pico-fractal.dir/st7735.c.obj
 .ARM.attributes
                0x00000000000000a2       0x2c CMakeFiles/pico-fractal.dir/DEV_Config.c.obj
 .ARM.attributes
                0x00000000000000ce       0x2c CMakeFiles/pico-fractal.dir/mnt/c/Users/champ/Documents/Programming/pico-sdk/src/rp2_common/hardware_claim/claim.c.obj
 .ARM.attributes
                0x00000000000000fa       0x2c CMakeFiles/pico-fractal.dir/mnt/c/Users/champ/Documents/Programming/pico-sdk/src/rp2_common/pico_platform/platform.c.obj
 .ARM.attributes
                0x0000000000000126       0x2c CMakeFiles/pico-fractal.dir/mnt/c/Users/champ/Documents/Programming/pico-sdk/src/rp2_common/hardware_sync/sync.c.obj
 .ARM.attributes
                0x0000000000000152       0x2c CMakeFiles/pico-fractal.dir/mnt/c/Users/champ/Documents/Programming/pico-sdk/src/rp2_common/hardware_gpio/gpio.c.obj
 .ARM.attributes