Archive member included to satisfy reference by file (symbol)

/usr/lib/gcc/arm-none-eabi/9.2.1/thumb/v6-m/nofp/libgcc.a(_dvmd_tls.o)
                              CMakeFiles/JukeBoxSD.dir/mnt/c/Users/champ/Documents/Programming/pico-sdk/src/rp2_common/pico_divider/divider.S.obj (__aeabi_idiv0)
/usr/lib/gcc/arm-none-eabi/9.2.1/../../../arm-none-eabi/lib/thumb/v6-m/nofp/libg.a(lib_a-atexit.o)
                              /usr/lib/gcc/arm-none-eabi/9.2.1/../../../arm-none-eabi/lib/thumb/v6-m/nofp/crt0.o (atexit)
/usr/lib/gcc/arm-none-eabi/9.2.1/../../../arm-none-eabi/lib/thumb/v6-m/nofp/libg.a(lib_a-calloc.o)
                              CMakeFiles/JukeBoxSD.dir/mnt/c/Users/champ/Documents/Programming/pico-sdk/src/rp2_common/pico_malloc/pico_malloc.c.obj (calloc)
/usr/lib/gcc/arm-none-eabi/9.2.1/../../../arm-none-eabi/lib/thumb/v6-m/nofp/libg.a(lib_a-callocr.o)
                              /usr/lib/gcc/arm-none-eabi/9.2.1/../../../arm-none-eabi/lib/thumb/v6-m/nofp/libg.a(lib_a-calloc.o) (_calloc_r)
/usr/lib/gcc/arm-none-eabi/9.2.1/../../../arm-none-eabi/lib/thumb/v6-m/nofp/libg.a(lib_a-ctype_.o)
                              CMakeFiles/JukeBoxSD.dir/mnt/c/Users/champ/Documents/Programming/pico-sdk/lib/tinyusb/src/tusb.c.obj (_ctype_)
/usr/lib/gcc/arm-none-eabi/9.2.1/../../../arm-none-eabi/lib/thumb/v6-m/nofp/libg.a(lib_a-errno.o)
                              CMakeFiles/JukeBoxSD.dir/no-OS-FatFS-SD-SPI-RPi-Pico/FatFs_SPI/src/ff_stdio.c.obj (__errno)
/usr/lib/gcc/arm-none-eabi/9.2.1/../../../arm-none-eabi/lib/thumb/v6-m/nofp/libg.a(lib_a-fflush.o)
                              CMakeFiles/JukeBoxSD.dir/no-OS-FatFS-SD-SPI-RPi-Pico/FatFs_SPI/sd_driver/demo_logging.c.obj (fflush)
/usr/lib/gcc/arm-none-eabi/9.2.1/../../../arm-none-eabi/lib/thumb/v6-m/nofp/libg.a(lib_a-findfp.o)
                              /usr/lib/gcc/arm-none-eabi/9.2.1/../../../arm-none-eabi/lib/thumb/v6-m/nofp/libg.a(lib_a-fflush.o) (__sinit)
/usr/lib/gcc/arm-none-eabi/9.2.1/../../../arm-none-eabi/lib/thumb/v6-m/nofp/libg.a(lib_a-fini.o)
                              /usr/lib/gcc/arm-none-eabi/9.2.1/../../../arm-none-eabi/lib/thumb/v6-m/nofp/crt0.o (__libc_fini_array)
/usr/lib/gcc/arm-none-eabi/9.2.1/../../../arm-none-eabi/lib/thumb/v6-m/nofp/libg.a(lib_a-freer.o)
                              /usr/lib/gcc/arm-none-eabi/9.2.1/../../../arm-none-eabi/lib/thumb/v6-m/nofp/libg.a(lib_a-fflush.o) (_free_r)
/usr/lib/gcc/arm-none-eabi/9.2.1/../../../arm-none-eabi/lib/thumb/v6-m/nofp/libg.a(lib_a-fwalk.o)
                              /usr/lib/gcc/arm-none-eabi/9.2.1/../../../arm-none-eabi/lib/thumb/v6-m/nofp/libg.a(lib_a-findfp.o) (_fwalk)
/usr/lib/gcc/arm-none-eabi/9.2.1/../../../arm-none-eabi/lib/thumb/v6-m/nofp/libg.a(lib_a-impure.o)
                              /usr/lib/gcc/arm-none-eabi/9.2.1/../../../arm-none-eabi/lib/thumb/v6-m/nofp/libg.a(lib_a-fflush.o) (_global_impure_ptr)
/usr/lib/gcc/arm-none-eabi/9.2.1/../../../arm-none-eabi/lib/thumb/v6-m/nofp/libg.a(lib_a-init.o)
                              /usr/lib/gcc/arm-none-eabi/9.2.1/../../../arm-none-eabi/lib/thumb/v6-m/nofp/crt0.o (__libc_init_array)
/usr/lib/gcc/arm-none-eabi/9.2.1/../../../arm-none-eabi/lib/thumb/v6-m/nofp/libg.a(lib_a-malloc.o)
                              CMakeFiles/JukeBoxSD.dir/mnt/c/Users/champ/Documents/Programming/pico-sdk/src/rp2_common/pico_malloc/pico_malloc.c.obj (malloc)
/usr/lib/gcc/arm-none-eabi/9.2.1/../../../arm-none-eabi/lib/thumb/v6-m/nofp/libg.a(lib_a-mallocr.o)
                              /usr/lib/gcc/arm-none-eabi/9.2.1/../../../arm-none-eabi/lib/thumb/v6-m/nofp/libg.a(lib_a-callocr.o) (_malloc_r)
/usr/lib/gcc/arm-none-eabi/9.2.1/../../../arm-none-eabi/lib/thumb/v6-m/nofp/libg.a(lib_a-mktime.o)
                              CMakeFiles/JukeBoxSD.dir/no-OS-FatFS-SD-SPI-RPi-Pico/FatFs_SPI/src/rtc.c.obj (mktime)
/usr/lib/gcc/arm-none-eabi/9.2.1/../../../arm-none-eabi/lib/thumb/v6-m/nofp/libg.a(lib_a-mlock.o)
                              /usr/lib/gcc/arm-none-eabi/9.2.1/../../../arm-none-eabi/lib/thumb/v6-m/nofp/libg.a(lib_a-freer.o) (__malloc_lock)
/usr/lib/gcc/arm-none-eabi/9.2.1/../../../arm-none-eabi/lib/thumb/v6-m/nofp/libg.a(lib_a-sbrkr.o)
                              /usr/lib/gcc/arm-none-eabi/9.2.1/../../../arm-none-eabi/lib/thumb/v6-m/nofp/libg.a(lib_a-freer.o) (_sbrk_r)
/usr/lib/gcc/arm-none-eabi/9.2.1/../../../arm-none-eabi/lib/thumb/v6-m/nofp/libg.a(lib_a-stdio.o)
                              /usr/lib/gcc/arm-none-eabi/9.2.1/../../../arm-none-eabi/lib/thumb/v6-m/nofp/libg.a(lib_a-findfp.o) (__sread)
/usr/lib/gcc/arm-none-eabi/9.2.1/../../../arm-none-eabi/lib/thumb/v6-m/nofp/libg.a(lib_a-strchr.o)
                              CMakeFiles/JukeBoxSD.dir/no-OS-FatFS-SD-SPI-RPi-Pico/FatFs_SPI/src/ff_stdio.c.obj (strchr)
/usr/lib/gcc/arm-none-eabi/9.2.1/../../../arm-none-eabi/lib/thumb/v6-m/nofp/libg.a(lib_a-strcmp.o)
                              CMakeFiles/JukeBoxSD.dir/no-OS-FatFS-SD-SPI-RPi-Pico/FatFs_SPI/src/ff_stdio.c.obj (strcmp)
[...]
Memory Configuration

Name             Origin             Length             Attributes
FLASH            0x0000000010000000 0x0000000000200000 xr
RAM              0x0000000020000000 0x0000000000040000 xrw
SCRATCH_X        0x0000000020040000 0x0000000000001000 xrw
SCRATCH_Y        0x0000000020041000 0x0000000000001000 xrw
*default*        0x0000000000000000 0xffffffffffffffff

Linker script and memory map

LOAD /usr/lib/gcc/arm-none-eabi/9.2.1/thumb/v6-m/nofp/crti.o
LOAD /usr/lib/gcc/arm-none-eabi/9.2.1/thumb/v6-m/nofp/crtbegin.o
LOAD /usr/lib/gcc/arm-none-eabi/9.2.1/../../../arm-none-eabi/lib/thumb/v6-m/nofp/crt0.o

.flash_begin    0x0000000010000000        0x0
                0x0000000010000000                __flash_binary_start = .

.boot2          0x0000000010000000      0x100
                0x0000000010000000                __boot2_start__ = .
 *(.boot2)
 .boot2         0x0000000010000000      0x100 /tmp/ccApD65R.o
                0x0000000010000100                __boot2_end__ = .
                0x0000000000000001                ASSERT (((__boot2_end__ - __boot2_start__) == 0x100), ERROR: Pico second stage bootloader must be 256 bytes in size)

.text           0x0000000010000100     0xccb0
                0x0000000010000100                __logical_binary_start = .
 *(.vectors)
 .vectors       0x0000000010000100       0xd4 CMakeFiles/JukeBoxSD.dir/mnt/c/Users/champ/Documents/Programming/pico-sdk/src/rp2_common/pico_standard_link/crt0.S.obj
                0x0000000010000100                __vectors
                0x0000000010000100                __VECTOR_TABLE
                0x00000000100001c0                isr_invalid
                0x00000000100001c0                __default_isrs_start
                0x00000000100001c2                isr_nmi
                0x00000000100001c4                isr_hardfault
                0x00000000100001c6                isr_svcall
                0x00000000100001c8                isr_pendsv
                0x00000000100001ca                isr_systick
                0x00000000100001cc                isr_irq30
                0x00000000100001cc                __unhandled_user_irq
                0x00000000100001cc                isr_irq13
                0x00000000100001cc                isr_irq27
                0x00000000100001cc                isr_irq31
                0x00000000100001cc                isr_irq5
                0x00000000100001cc                isr_irq11
                0x00000000100001cc                isr_irq23
                0x00000000100001cc                isr_irq18
                0x00000000100001cc                isr_irq28
                0x00000000100001cc                isr_irq19
                0x00000000100001cc                isr_irq0
                0x00000000100001cc                isr_irq6
                0x00000000100001cc                isr_irq22
                0x00000000100001cc                isr_irq17
                0x00000000100001cc                isr_irq14
                0x00000000100001cc                isr_irq2
                0x00000000100001cc                isr_irq10
                0x00000000100001cc                isr_irq8
                0x00000000100001cc                isr_irq24
                0x00000000100001cc                isr_irq1
                0x00000000100001cc                isr_irq7
                0x00000000100001cc                isr_irq21
                0x00000000100001cc                isr_irq20
                0x00000000100001cc                isr_irq15
                0x00000000100001cc                isr_irq25
                0x00000000100001cc                isr_irq4
                0x00000000100001cc                isr_irq16
                0x00000000100001cc                isr_irq29
                0x00000000100001cc                isr_irq26
                0x00000000100001cc                __default_isrs_end
                0x00000000100001cc                isr_irq3
                0x00000000100001cc                isr_irq12
                0x00000000100001cc                isr_irq9
                0x00000000100001d2                unhandled_user_irq_num_in_r0
 *(.binary_info_header)
 .binary_info_header
                0x00000000100001d4       0x14 CMakeFiles/JukeBoxSD.dir/mnt/c/Users/champ/Documents/Programming/pico-sdk/src/rp2_common/pico_standard_link/crt0.S.obj
                0x00000000100001e8                __binary_info_header_end = .
 *(.reset)
 .reset         0x00000000100001e8       0xa8 CMakeFiles/JukeBoxSD.dir/mnt/c/Users/champ/Documents/Programming/pico-sdk/src/rp2_common/pico_standard_link/crt0.S.obj
                0x00000000100001e8                _entry_point
                0x0000000010000266                __get_current_exception
 .reset         0x0000000010000290       0x30 CMakeFiles/JukeBoxSD.dir/mnt/c/Users/champ/Documents/Programming/pico-sdk/src/rp2_common/pico_standard_link/binary_info.c.obj
 *(.init)
 .init          0x00000000100002c0        0x4 /usr/lib/gcc/arm-none-eabi/9.2.1/thumb/v6-m/nofp/crti.o
                0x00000000100002c0                _init
 *(EXCLUDE_FILE(*libm.a: *libc.a:*lib_a-mem*.o *libgcc.a:) .text*)
 .text          0x00000000100002c4       0x98 /usr/lib/gcc/arm-none-eabi/9.2.1/thumb/v6-m/nofp/crtbegin.o
 .text.pwm_interrupt_handler
                0x000000001000035c       0x64 CMakeFiles/JukeBoxSD.dir/JukeBoxSD.c.obj
                0x000000001000035c                pwm_interrupt_handler
 .text.loadSong
                0x00000000100003c0      0x164 CMakeFiles/JukeBoxSD.dir/JukeBoxSD.c.obj
                0x00000000100003c0                loadSong
 .text.main     0x0000000010000524       0xb0 CMakeFiles/JukeBoxSD.dir/JukeBoxSD.c.obj
                0x0000000010000524                main
 .text.spi1_dma_isr
                0x00000000100005d4       0x10 CMakeFiles/JukeBoxSD.dir/hw_config.c.obj
                0x00000000100005d4                spi1_dma_isr
 .text.sd_get_num
                0x00000000100005e4        0x4 CMakeFiles/JukeBoxSD.dir/hw_config.c.obj
                0x00000000100005e4                sd_get_num
 .text.sd_get_by_num
                0x00000000100005e8       0x24 CMakeFiles/JukeBoxSD.dir/hw_config.c.obj
                0x00000000100005e8                sd_get_by_num
 .text.spi_get_num
                0x000000001000060c        0x4 CMakeFiles/JukeBoxSD.dir/hw_config.c.obj
                0x000000001000060c                spi_get_num
 .text.spi_get_by_num
                0x0000000010000610       0x1c CMakeFiles/JukeBoxSD.dir/hw_config.c.obj
                0x0000000010000610                spi_get_by_num
 .text.set_sys_clock_pll
                0x000000001000062c       0x78 CMakeFiles/JukeBoxSD.dir/mnt/c/Users/champ/Documents/Programming/pico-sdk/src/rp2_common/pico_stdlib/stdlib.c.obj
                0x000000001000062c                set_sys_clock_pll
 .text.check_sys_clock_khz
                0x00000000100006a4       0xb0 CMakeFiles/JukeBoxSD.dir/mnt/c/Users/champ/Documents/Programming/pico-sdk/src/rp2_common/pico_stdlib/stdlib.c.obj
                0x00000000100006a4                check_sys_clock_khz
 .text.gpio_set_function
                0x0000000010000754       0x30 CMakeFiles/JukeBoxSD.dir/mnt/c/Users/champ/Documents/Programming/pico-sdk/src/rp2_common/hardware_gpio/gpio.c.obj
                0x0000000010000754                gpio_set_function
 .text.gpio_set_pulls
                0x0000000010000784       0x34 CMakeFiles/JukeBoxSD.dir/mnt/c/Users/champ/Documents/Programming/pico-sdk/src/rp2_common/hardware_gpio/gpio.c.obj
                0x0000000010000784                gpio_set_pulls
 .text.gpio_set_drive_strength
                0x00000000100007b8       0x20 CMakeFiles/JukeBoxSD.dir/mnt/c/Users/champ/Documents/Programming/pico-sdk/src/rp2_common/hardware_gpio/gpio.c.obj
                0x00000000100007b8                gpio_set_drive_strength
 .text.gpio_init
                0x00000000100007d8       0x16 CMakeFiles/JukeBoxSD.dir/mnt/c/Users/champ/Documents/Programming/pico-sdk/src/rp2_common/hardware_gpio/gpio.c.obj
                0x00000000100007d8                gpio_init
 *fill*         0x00000000100007ee        0x2 
 .text.hw_claim_lock
                0x00000000100007f0       0x18 CMakeFiles/JukeBoxSD.dir/mnt/c/Users/champ/Documents/Programming/pico-sdk/src/rp2_common/hardware_claim/claim.c.obj
                0x00000000100007f0                hw_claim_lock
 .text.hw_claim_unlock
                0x0000000010000808       0x14 CMakeFiles/JukeBoxSD.dir/mnt/c/Users/champ/Documents/Programming/pico-sdk/src/rp2_common/hardware_claim/claim.c.obj
                0x0000000010000808                hw_claim_unlock
 .text.hw_claim_or_assert
                0x000000001000081c       0x32 CMakeFiles/JukeBoxSD.dir/mnt/c/Users/champ/Documents/Programming/pico-sdk/src/rp2_common/hardware_claim/claim.c.obj
                0x000000001000081c                hw_claim_or_assert
 .text.hw_claim_unused_from_range
                0x000000001000084e       0x50 CMakeFiles/JukeBoxSD.dir/mnt/c/Users/champ/Documents/Programming/pico-sdk/src/rp2_common/hardware_claim/claim.c.obj
                0x000000001000084e                hw_claim_unused_from_range
 *fill*         0x000000001000089e        0x2 
 .text.running_on_fpga
                0x00000000100008a0       0x14 CMakeFiles/JukeBoxSD.dir/mnt/c/Users/champ/Documents/Programming/pico-sdk/src/rp2_common/pico_platform/platform.c.obj
                0x00000000100008a0                running_on_fpga
 .text.spin_locks_reset
                0x00000000100008b4       0x20 CMakeFiles/JukeBoxSD.dir/mnt/c/Users/champ/Documents/Programming/pico-sdk/src/rp2_common/hardware_sync/sync.c.obj
                0x00000000100008b4                spin_locks_reset
 .text.next_striped_spin_lock_num
                0x00000000100008d4       0x1c CMakeFiles/JukeBoxSD.dir/mnt/c/Users/champ/Documents/Programming/pico-sdk/src/rp2_common/hardware_sync/sync.c.obj
                0x00000000100008d4                next_striped_spin_lock_num
 .text.spin_lock_claim_unused
                0x00000000100008f0       0x20 CMakeFiles/JukeBoxSD.dir/mnt/c/Users/champ/Documents/Programming/pico-sdk/src/rp2_common/hardware_sync/sync.c.obj
                0x00000000100008f0                spin_lock_claim_unused
 .text.alarm_pool_post_alloc_init
                0x0000000010000910       0x40 CMakeFiles/JukeBoxSD.dir/mnt/c/Users/champ/Documents/Programming/pico-sdk/src/common/pico_time/time.c.obj
 .text.sleep_until_callback
                0x0000000010000950       0x30 CMakeFiles/JukeBoxSD.dir/mnt/c/Users/champ/Documents/Programming/pico-sdk/src/common/pico_time/time.c.obj
 .text.timer_pool_entry_comparator
                0x0000000010000980       0x7c CMakeFiles/JukeBoxSD.dir/mnt/c/Users/champ/Documents/Programming/pico-sdk/src/common/pico_time/time.c.obj
                0x0000000010000980                timer_pool_entry_comparator
 .text.ph_add_child_node
                0x00000000100009fc       0xa4 CMakeFiles/JukeBoxSD.dir/mnt/c/Users/champ/Documents/Programming/pico-sdk/src/common/pico_time/time.c.obj
 .text.ph_merge_nodes
                0x0000000010000aa0       0x3e CMakeFiles/JukeBoxSD.dir/mnt/c/Users/champ/Documents/Programming/pico-sdk/src/common/pico_time/time.c.obj
 *fill*         0x0000000010000ade        0x2 
 .text.add_alarm_under_lock
                0x0000000010000ae0      0x174 CMakeFiles/JukeBoxSD.dir/mnt/c/Users/champ/Documents/Programming/pico-sdk/src/common/pico_time/time.c.obj
 .text.alarm_pool_alarm_callback
                0x0000000010000c54      0x32c CMakeFiles/JukeBoxSD.dir/mnt/c/Users/champ/Documents/Programming/pico-sdk/src/common/pico_time/time.c.obj
 .text.alarm_pool_init_default
                0x0000000010000f80       0x38 CMakeFiles/JukeBoxSD.dir/mnt/c/Users/champ/Documents/Programming/pico-sdk/src/common/pico_time/time.c.obj
                0x0000000010000f80                alarm_pool_init_default
 .text.alarm_pool_get_default
                0x0000000010000fb8       0x2c CMakeFiles/JukeBoxSD.dir/mnt/c/Users/champ/Documents/Programming/pico-sdk/src/common/pico_time/time.c.obj
                0x0000000010000fb8                alarm_pool_get_default
 .text.alarm_pool_add_alarm_at
                0x0000000010000fe4      0x170 CMakeFiles/JukeBoxSD.dir/mnt/c/Users/champ/Documents/Programming/pico-sdk/src/common/pico_time/time.c.obj
                0x0000000010000fe4                alarm_pool_add_alarm_at
 .text.alarm_pool_cancel_alarm
                0x0000000010001154       0xf0 CMakeFiles/JukeBoxSD.dir/mnt/c/Users/champ/Documents/Programming/pico-sdk/src/common/pico_time/time.c.obj
                0x0000000010001154                alarm_pool_cancel_alarm
 .text.best_effort_wfe_or_timeout
                0x0000000010001244       0x80 CMakeFiles/JukeBoxSD.dir/mnt/c/Users/champ/Documents/Programming/pico-sdk/src/common/pico_time/time.c.obj
                0x0000000010001244                best_effort_wfe_or_timeout
 .text.hardware_alarm_irq_handler
                0x00000000100012c4       0x8c CMakeFiles/JukeBoxSD.dir/mnt/c/Users/champ/Documents/Programming/pico-sdk/src/rp2_common/hardware_timer/timer.c.obj
 .text.hardware_alarm_claim
                0x0000000010001350       0x18 CMakeFiles/JukeBoxSD.dir/mnt/c/Users/champ/Documents/Programming/pico-sdk/src/rp2_common/hardware_timer/timer.c.obj
                0x0000000010001350                hardware_alarm_claim
 .text.time_us_64
                0x0000000010001368       0x18 CMakeFiles/JukeBoxSD.dir/mnt/c/Users/champ/Documents/Programming/pico-sdk/src/rp2_common/hardware_timer/timer.c.obj
                0x0000000010001368                time_us_64
 .text.busy_wait_until
                0x0000000010001380       0x24 CMakeFiles/JukeBoxSD.dir/mnt/c/Users/champ/Documents/Programming/pico-sdk/src/rp2_common/hardware_timer/timer.c.obj
                0x0000000010001380                busy_wait_until
 .text.busy_wait_us
                0x00000000100013a4       0x48 CMakeFiles/JukeBoxSD.dir/mnt/c/Users/champ/Documents/Programming/pico-sdk/src/rp2_common/hardware_timer/timer.c.obj
                0x00000000100013a4                busy_wait_us
 .text.hardware_alarm_set_callback
                0x00000000100013ec       0x90 CMakeFiles/JukeBoxSD.dir/mnt/c/Users/champ/Documents/Programming/pico-sdk/src/rp2_common/hardware_timer/timer.c.obj
                0x00000000100013ec                hardware_alarm_set_callback
 .text.hardware_alarm_set_target
                0x000000001000147c       0xe8 CMakeFiles/JukeBoxSD.dir/mnt/c/Users/champ/Documents/Programming/pico-sdk/src/rp2_common/hardware_timer/timer.c.obj
                0x000000001000147c                hardware_alarm_set_target
 .text.hardware_alarm_cancel
                0x0000000010001564       0x40 CMakeFiles/JukeBoxSD.dir/mnt/c/Users/champ/Documents/Programming/pico-sdk/src/rp2_common/hardware_timer/timer.c.obj
                0x0000000010001564                hardware_alarm_cancel
 .text.sem_init
                0x00000000100015a4       0x1e CMakeFiles/JukeBoxSD.dir/mnt/c/Users/champ/Documents/Programming/pico-sdk/src/common/pico_sync/sem.c.obj
                0x00000000100015a4                sem_init
 *fill*         0x00000000100015c2        0x2 
 .text.lock_init
                0x00000000100015c4       0x10 CMakeFiles/JukeBoxSD.dir/mnt/c/Users/champ/Documents/Programming/pico-sdk/src/common/pico_sync/lock_core.c.obj
                0x00000000100015c4                lock_init
 .text.mutex_init
                0x00000000100015d4       0x1a CMakeFiles/JukeBoxSD.dir/mnt/c/Users/champ/Documents/Programming/pico-sdk/src/common/pico_sync/mutex.c.obj
                0x00000000100015d4                mutex_init
 .text.recursive_mutex_init
                0x00000000100015ee       0x1e CMakeFiles/JukeBoxSD.dir/mnt/c/Users/champ/Documents/Programming/pico-sdk/src/common/pico_sync/mutex.c.obj
                0x00000000100015ee                recursive_mutex_init
 .text.critical_section_init_with_lock_num
                0x000000001000160c       0x14 CMakeFiles/JukeBoxSD.dir/mnt/c/Users/champ/Documents/Programming/pico-sdk/src/common/pico_sync/critical_section.c.obj
                0x000000001000160c                critical_section_init_with_lock_num
 .text.critical_section_init
                0x0000000010001620       0x14 CMakeFiles/JukeBoxSD.dir/mnt/c/Users/champ/Documents/Programming/pico-sdk/src/common/pico_sync/critical_section.c.obj
                0x0000000010001620                critical_section_init
 .text.ph_add_child_node
                0x0000000010001634       0xa4 CMakeFiles/JukeBoxSD.dir/mnt/c/Users/champ/Documents/Programming/pico-sdk/src/common/pico_util/pheap.c.obj
 .text.ph_merge_nodes
                0x00000000100016d8       0x3e CMakeFiles/JukeBoxSD.dir/mnt/c/Users/champ/Documents/Programming/pico-sdk/src/common/pico_util/pheap.c.obj
 *fill*         0x0000000010001716        0x2 
 .text.ph_clear
                0x0000000010001718       0x70 CMakeFiles/JukeBoxSD.dir/mnt/c/Users/champ/Documents/Programming/pico-sdk/src/common/pico_util/pheap.c.obj
                0x0000000010001718                ph_clear
 .text.ph_post_alloc_init
                0x0000000010001788        0xe CMakeFiles/JukeBoxSD.dir/mnt/c/Users/champ/Documents/Programming/pico-sdk/src/common/pico_util/pheap.c.obj
                0x0000000010001788                ph_post_alloc_init
 *fill*         0x0000000010001796        0x2 
 .text.ph_merge_two_pass
                0x0000000010001798       0xa8 CMakeFiles/JukeBoxSD.dir/mnt/c/Users/champ/Documents/Programming/pico-sdk/src/common/pico_util/pheap.c.obj
                0x0000000010001798                ph_merge_two_pass
 .text.ph_remove_any_head
                0x0000000010001840      0x108 CMakeFiles/JukeBoxSD.dir/mnt/c/Users/champ/Documents/Programming/pico-sdk/src/common/pico_util/pheap.c.obj
 .text.ph_remove_head
                0x0000000010001948       0x14 CMakeFiles/JukeBoxSD.dir/mnt/c/Users/champ/Documents/Programming/pico-sdk/src/common/pico_util/pheap.c.obj
                0x0000000010001948                ph_remove_head
 .text.ph_remove_and_free_node
                0x000000001000195c       0xf8 CMakeFiles/JukeBoxSD.dir/mnt/c/Users/champ/Documents/Programming/pico-sdk/src/common/pico_util/pheap.c.obj
                0x000000001000195c                ph_remove_and_free_node
 .text._exit    0x0000000010001a54        0x4 CMakeFiles/JukeBoxSD.dir/mnt/c/Users/champ/Documents/Programming/pico-sdk/src/rp2_common/pico_runtime/runtime.c.obj
                0x0000000010001a54                _exit
 .text._sbrk    0x0000000010001a58       0x38 CMakeFiles/JukeBoxSD.dir/mnt/c/Users/champ/Documents/Programming/pico-sdk/src/rp2_common/pico_runtime/runtime.c.obj
                0x0000000010001a58                _sbrk
 .text.exit     0x0000000010001a90        0x6 CMakeFiles/JukeBoxSD.dir/mnt/c/Users/champ/Documents/Programming/pico-sdk/src/rp2_common/pico_runtime/runtime.c.obj
                0x0000000010001a90                exit
 *fill*         0x0000000010001a96        0x2 
 .text.__assert_func
                0x0000000010001a98       0x3c CMakeFiles/JukeBoxSD.dir/mnt/c/Users/champ/Documents/Programming/pico-sdk/src/rp2_common/pico_runtime/runtime.c.obj
                0x0000000010001a98                __assert_func
 .text.runtime_init
                0x0000000010001ad4       0xf8 CMakeFiles/JukeBoxSD.dir/mnt/c/Users/champ/Documents/Programming/pico-sdk/src/rp2_common/pico_runtime/runtime.c.obj
                0x0000000010001ad4                runtime_init
 .text.panic    0x0000000010001bcc       0x30 CMakeFiles/JukeBoxSD.dir/mnt/c/Users/champ/Documents/Programming/pico-sdk/src/rp2_common/pico_runtime/runtime.c.obj
                0x0000000010001bcc                panic
 .text.clock_configure
                0x0000000010001bfc      0x104 CMakeFiles/JukeBoxSD.dir/mnt/c/Users/champ/Documents/Programming/pico-sdk/src/rp2_common/hardware_clocks/clocks.c.obj
                0x0000000010001bfc                clock_configure
 .text.clocks_init
                0x0000000010001d00      0x100 CMakeFiles/JukeBoxSD.dir/mnt/c/Users/champ/Documents/Programming/pico-sdk/src/rp2_common/hardware_clocks/clocks.c.obj
                0x0000000010001d00                clocks_init
 .text.clock_get_hz
                0x0000000010001e00        0xc CMakeFiles/JukeBoxSD.dir/mnt/c/Users/champ/Documents/Programming/pico-sdk/src/rp2_common/hardware_clocks/clocks.c.obj
                0x0000000010001e00                clock_get_hz
 .text.set_raw_irq_handler_and_unlock
                0x0000000010001e0c       0x28 CMakeFiles/JukeBoxSD.dir/mnt/c/Users/champ/Documents/Programming/pico-sdk/src/rp2_common/hardware_irq/irq.c.obj
 .text.make_branch
                0x0000000010001e34       0x34 CMakeFiles/JukeBoxSD.dir/mnt/c/Users/champ/Documents/Programming/pico-sdk/src/rp2_common/hardware_irq/irq.c.obj
 .text.insert_branch_and_link
                0x0000000010001e68       0x40 CMakeFiles/JukeBoxSD.dir/mnt/c/Users/champ/Documents/Programming/pico-sdk/src/rp2_common/hardware_irq/irq.c.obj
 .text.irq_is_enabled
                0x0000000010001ea8       0x18 CMakeFiles/JukeBoxSD.dir/mnt/c/Users/champ/Documents/Programming/pico-sdk/src/rp2_common/hardware_irq/irq.c.obj
                0x0000000010001ea8                irq_is_enabled
 .text.irq_set_mask_enabled
                0x0000000010001ec0       0x20 CMakeFiles/JukeBoxSD.dir/mnt/c/Users/champ/Documents/Programming/pico-sdk/src/rp2_common/hardware_irq/irq.c.obj
                0x0000000010001ec0                irq_set_mask_enabled
 .text.irq_set_enabled
                0x0000000010001ee0        0xe CMakeFiles/JukeBoxSD.dir/mnt/c/Users/champ/Documents/Programming/pico-sdk/src/rp2_common/hardware_irq/irq.c.obj
                0x0000000010001ee0                irq_set_enabled
 *fill*         0x0000000010001eee        0x2 
 .text.irq_set_pending
                0x0000000010001ef0       0x10 CMakeFiles/JukeBoxSD.dir/mnt/c/Users/champ/Documents/Programming/pico-sdk/src/rp2_common/hardware_irq/irq.c.obj
                0x0000000010001ef0                irq_set_pending
 .text.irq_get_vtable_handler
                0x0000000010001f00       0x10 CMakeFiles/JukeBoxSD.dir/mnt/c/Users/champ/Documents/Programming/pico-sdk/src/rp2_common/hardware_irq/irq.c.obj
                0x0000000010001f00                irq_get_vtable_handler
 .text.irq_set_exclusive_handler
                0x0000000010001f10       0x54 CMakeFiles/JukeBoxSD.dir/mnt/c/Users/champ/Documents/Programming/pico-sdk/src/rp2_common/hardware_irq/irq.c.obj
                0x0000000010001f10                irq_set_exclusive_handler
 .text.irq_add_shared_handler
                0x0000000010001f64      0x230 CMakeFiles/JukeBoxSD.dir/mnt/c/Users/champ/Documents/Programming/pico-sdk/src/rp2_common/hardware_irq/irq.c.obj
                0x0000000010001f64                irq_add_shared_handler
 .text.irq_remove_handler
                0x0000000010002194      0x1ac CMakeFiles/JukeBoxSD.dir/mnt/c/Users/champ/Documents/Programming/pico-sdk/src/rp2_common/hardware_irq/irq.c.obj
                0x0000000010002194                irq_remove_handler
 .text.irq_add_tail_to_free_list
                0x0000000010002340       0xf0 CMakeFiles/JukeBoxSD.dir/mnt/c/Users/champ/Documents/Programming/pico-sdk/src/rp2_common/hardware_irq/irq.c.obj
                0x0000000010002340                irq_add_tail_to_free_list
 .text.irq_init_priorities
                0x0000000010002430       0x1c CMakeFiles/JukeBoxSD.dir/mnt/c/Users/champ/Documents/Programming/pico-sdk/src/rp2_common/hardware_irq/irq.c.obj
                0x0000000010002430                irq_init_priorities
 .text.pll_init
                0x000000001000244c      0x118 CMakeFiles/JukeBoxSD.dir/mnt/c/Users/champ/Documents/Programming/pico-sdk/src/rp2_common/hardware_pll/pll.c.obj
                0x000000001000244c                pll_init
 .text.watchdog_start_tick
                0x0000000010002564       0x10 CMakeFiles/JukeBoxSD.dir/mnt/c/Users/champ/Documents/Programming/pico-sdk/src/rp2_common/hardware_watchdog/watchdog.c.obj
                0x0000000010002564                watchdog_start_tick
 .text.watchdog_update
                0x0000000010002574       0x14 CMakeFiles/JukeBoxSD.dir/mnt/c/Users/champ/Documents/Programming/pico-sdk/src/rp2_common/hardware_watchdog/watchdog.c.obj
                0x0000000010002574                watchdog_update
 .text._watchdog_enable
                0x0000000010002588       0x78 CMakeFiles/JukeBoxSD.dir/mnt/c/Users/champ/Documents/Programming/pico-sdk/src/rp2_common/hardware_watchdog/watchdog.c.obj
                0x0000000010002588                _watchdog_enable
 .text.watchdog_reboot
                0x0000000010002600       0x48 CMakeFiles/JukeBoxSD.dir/mnt/c/Users/champ/Documents/Programming/pico-sdk/src/rp2_common/hardware_watchdog/watchdog.c.obj
                0x0000000010002600                watchdog_reboot
 .text.xosc_init
                0x0000000010002648       0x28 CMakeFiles/JukeBoxSD.dir/mnt/c/Users/champ/Documents/Programming/pico-sdk/src/rp2_common/hardware_xosc/xosc.c.obj
                0x0000000010002648                xosc_init
 .text._out_buffer
                0x0000000010002670        0x8 CMakeFiles/JukeBoxSD.dir/mnt/c/Users/champ/Documents/Programming/pico-sdk/src/rp2_common/pico_printf/printf.c.obj
 .text._out_null
                0x0000000010002678        0x2 CMakeFiles/JukeBoxSD.dir/mnt/c/Users/champ/Documents/Programming/pico-sdk/src/rp2_common/pico_printf/printf.c.obj
 .text._out_fct
                0x000000001000267a        0xe CMakeFiles/JukeBoxSD.dir/mnt/c/Users/champ/Documents/Programming/pico-sdk/src/rp2_common/pico_printf/printf.c.obj
 .text._atoi    0x0000000010002688       0x24 CMakeFiles/JukeBoxSD.dir/mnt/c/Users/champ/Documents/Programming/pico-sdk/src/rp2_common/pico_printf/printf.c.obj
 .text._out_rev
                0x00000000100026ac       0xae CMakeFiles/JukeBoxSD.dir/mnt/c/Users/champ/Documents/Programming/pico-sdk/src/rp2_common/pico_printf/printf.c.obj
 .text._ntoa_format
                0x000000001000275a      0x110 CMakeFiles/JukeBoxSD.dir/mnt/c/Users/champ/Documents/Programming/pico-sdk/src/rp2_common/pico_printf/printf.c.obj
 .text._ntoa_long
                0x000000001000286a       0xbc CMakeFiles/JukeBoxSD.dir/mnt/c/Users/champ/Documents/Programming/pico-sdk/src/rp2_common/pico_printf/printf.c.obj
 .text._ntoa_long_long
                0x0000000010002926       0xe2 CMakeFiles/JukeBoxSD.dir/mnt/c/Users/champ/Documents/Programming/pico-sdk/src/rp2_common/pico_printf/printf.c.obj
 .text._etoa    0x0000000010002a08      0x40c CMakeFiles/JukeBoxSD.dir/mnt/c/Users/champ/Documents/Programming/pico-sdk/src/rp2_common/pico_printf/printf.c.obj
 .text._ftoa    0x0000000010002e14      0x354 CMakeFiles/JukeBoxSD.dir/mnt/c/Users/champ/Documents/Programming/pico-sdk/src/rp2_common/pico_printf/printf.c.obj
 .text._vsnprintf
                0x0000000010003168      0x628 CMakeFiles/JukeBoxSD.dir/mnt/c/Users/champ/Documents/Programming/pico-sdk/src/rp2_common/pico_printf/printf.c.obj
 .text.__wrap_vsnprintf
                0x0000000010003790       0x1c CMakeFiles/JukeBoxSD.dir/mnt/c/Users/champ/Documents/Programming/pico-sdk/src/rp2_common/pico_printf/printf.c.obj
                0x0000000010003790                __wrap_vsnprintf
 .text.vfctprintf
                0x00000000100037ac       0x20 CMakeFiles/JukeBoxSD.dir/mnt/c/Users/champ/Documents/Programming/pico-sdk/src/rp2_common/pico_printf/printf.c.obj
                0x00000000100037ac                vfctprintf
 .text          0x00000000100037cc       0x10 CMakeFiles/JukeBoxSD.dir/mnt/c/Users/champ/Documents/Programming/pico-sdk/src/rp2_common/pico_bit_ops/bit_ops_aeabi.S.obj
 .text.rom_func_lookup
                0x00000000100037dc       0x10 CMakeFiles/JukeBoxSD.dir/mnt/c/Users/champ/Documents/Programming/pico-sdk/src/rp2_common/pico_bootrom/bootrom.c.obj
                0x00000000100037dc                rom_func_lookup
 .text.rom_data_lookup
                0x00000000100037ec       0x10 CMakeFiles/JukeBoxSD.dir/mnt/c/Users/champ/Documents/Programming/pico-sdk/src/rp2_common/pico_bootrom/bootrom.c.obj
                0x00000000100037ec                rom_data_lookup
 .text.rom_funcs_lookup
                0x00000000100037fc       0x36 CMakeFiles/JukeBoxSD.dir/mnt/c/Users/champ/Documents/Programming/pico-sdk/src/rp2_common/pico_bootrom/bootrom.c.obj
                0x00000000100037fc                rom_funcs_lookup
 *fill*         0x0000000010003832        0x2 
 .text.__wrap___aeabi_idiv
                0x0000000010003834       0x50 CMakeFiles/JukeBoxSD.dir/mnt/c/Users/champ/Documents/Programming/pico-sdk/src/rp2_common/pico_divider/divider.S.obj
                0x0000000010003834                __wrap___aeabi_idivmod
                0x0000000010003834                divmod_s32s32
                0x0000000010003834                div_s32s32
                0x0000000010003834                __wrap___aeabi_idiv
                0x000000001000383c                divmod_s32s32_unsafe
                0x0000000010003868                divmod_s32s32_savestate
 .text.__wrap___aeabi_uidiv
                0x0000000010003884       0x4c CMakeFiles/JukeBoxSD.dir/mnt/c/Users/champ/Documents/Programming/pico-sdk/src/rp2_common/pico_divider/divider.S.obj
                0x0000000010003884                __wrap___aeabi_uidiv
                0x0000000010003884                __wrap___aeabi_uidivmod
                0x0000000010003884                div_u32u32
                0x0000000010003884                divmod_u32u32
                0x000000001000388c                divmod_u32u32_unsafe
                0x00000000100038b4                divmod_u32u32_savestate
 .text.__wrap___aeabi_ldiv
                0x00000000100038d0      0x434 CMakeFiles/JukeBoxSD.dir/mnt/c/Users/champ/Documents/Programming/pico-sdk/src/rp2_common/pico_divider/divider.S.obj
                0x00000000100038d0                div_s64s64
                0x00000000100038d0                divmod_s64s64
                0x00000000100038d0                __wrap___aeabi_ldivmod
                0x0000000010003908                div_u64u64
                0x0000000010003908                divmod_u64u64
                0x0000000010003908                __wrap___aeabi_uldivmod
                0x0000000010003918                divmod_u64u64_savestate
                0x0000000010003940                divmod_s64s64_unsafe
                0x00000000100039c8                divmod_u64u64_unsafe
 .text.__wrap___aeabi_darithmetic
                0x0000000010003d04       0x80 CMakeFiles/JukeBoxSD.dir/mnt/c/Users/champ/Documents/Programming/pico-sdk/src/rp2_common/pico_double/double_aeabi.S.obj
                0x0000000010003d04                __wrap___aeabi_drsub
                0x0000000010003d0a                __wrap___aeabi_dsub
                0x0000000010003d1c                __wrap___aeabi_dadd
                0x0000000010003d2e                __wrap___aeabi_ddiv
                0x0000000010003d6a                __wrap___aeabi_dmul
 .text.__wrap___aeabi_cdcmple
                0x0000000010003d84       0x6c CMakeFiles/JukeBoxSD.dir/mnt/c/Users/champ/Documents/Programming/pico-sdk/src/rp2_common/pico_double/double_aeabi.S.obj
                0x0000000010003d84                __wrap___aeabi_cdrcmple
                0x0000000010003d94                __wrap___aeabi_cdcmple
                0x0000000010003d94                __wrap___aeabi_cdcmpeq
 .text.__wrap___aeabi_dcmplt
                0x0000000010003df0        0xc CMakeFiles/JukeBoxSD.dir/mnt/c/Users/champ/Documents/Programming/pico-sdk/src/rp2_common/pico_double/double_aeabi.S.obj
                0x0000000010003df0                __wrap___aeabi_dcmplt
 .text.__wrap___aeabi_dcmple
                0x0000000010003dfc       0x10 CMakeFiles/JukeBoxSD.dir/mnt/c/Users/champ/Documents/Programming/pico-sdk/src/rp2_common/pico_double/double_aeabi.S.obj
                0x0000000010003dfc                __wrap___aeabi_dcmple
 .text.__wrap___aeabi_dcmpge
                0x0000000010003e0c       0x10 CMakeFiles/JukeBoxSD.dir/mnt/c/Users/champ/Documents/Programming/pico-sdk/src/rp2_common/pico_double/double_aeabi.S.obj
                0x0000000010003e0c                __wrap___aeabi_dcmpge
 .text.__wrap___aeabi_dcmpgt
                0x0000000010003e1c        0xa CMakeFiles/JukeBoxSD.dir/mnt/c/Users/champ/Documents/Programming/pico-sdk/src/rp2_common/pico_double/double_aeabi.S.obj
                0x0000000010003e1c                __wrap___aeabi_dcmpgt
 .text.__wrap___aeabi_dcmpun
                0x0000000010003e26       0x1c CMakeFiles/JukeBoxSD.dir/mnt/c/Users/champ/Documents/Programming/pico-sdk/src/rp2_common/pico_double/double_aeabi.S.obj
                0x0000000010003e26                __wrap___aeabi_dcmpun
 *fill*         0x0000000010003e42        0x2 
 .text.__wrap___aeabi_i2d
                0x0000000010003e44       0x38 CMakeFiles/JukeBoxSD.dir/mnt/c/Users/champ/Documents/Programming/pico-sdk/src/rp2_common/pico_double/double_aeabi.S.obj
                0x0000000010003e44                __wrap___aeabi_ui2d
                0x0000000010003e4c                __wrap___aeabi_i2d
 .text.__wrap___aeabi_d2iz
                0x0000000010003e7c       0x48 CMakeFiles/JukeBoxSD.dir/mnt/c/Users/champ/Documents/Programming/pico-sdk/src/rp2_common/pico_double/double_aeabi.S.obj
                0x0000000010003e7c                __wrap___aeabi_d2iz
                0x0000000010003e7c                double2int_z
 .text.__wrap___aeabi_d2uiz
                0x0000000010003ec4       0x18 CMakeFiles/JukeBoxSD.dir/mnt/c/Users/champ/Documents/Programming/pico-sdk/src/rp2_common/pico_double/double_aeabi.S.obj
                0x0000000010003ec4                double2uint
                0x0000000010003ec4                __wrap___aeabi_d2uiz
 .text.__aeabi_double_init
                0x0000000010003edc       0xc8 CMakeFiles/JukeBoxSD.dir/mnt/c/Users/champ/Documents/Programming/pico-sdk/src/rp2_common/pico_double/double_init_rom.c.obj
                0x0000000010003edc                __aeabi_double_init
 .text.double_table_shim_on_use_helper
                0x0000000010003fa4       0x34 CMakeFiles/JukeBoxSD.dir/mnt/c/Users/champ/Documents/Programming/pico-sdk/src/rp2_common/pico_double/double_v1_rom_shim.S.obj
                0x0000000010003fa4                double_table_shim_on_use_helper
 .text.__wrap___aeabi_dsub
                0x0000000010003fd8       0x10 CMakeFiles/JukeBoxSD.dir/mnt/c/Users/champ/Documents/Programming/pico-sdk/src/rp2_common/pico_double/double_v1_rom_shim.S.obj
                0x0000000010003fd8                drsub_shim
                0x0000000010003fde                dsub_shim
 .text.dadd_shim
                0x0000000010003fe8      0x15c CMakeFiles/JukeBoxSD.dir/mnt/c/Users/champ/Documents/Programming/pico-sdk/src/rp2_common/pico_double/double_v1_rom_shim.S.obj
                0x0000000010003fe8                dadd_shim
 .text.dmul_shim
                0x0000000010004144      0x15c CMakeFiles/JukeBoxSD.dir/mnt/c/Users/champ/Documents/Programming/pico-sdk/src/rp2_common/pico_double/double_v1_rom_shim.S.obj
                0x0000000010004144                dmul_shim
 .text.ddiv_shim
                0x00000000100042a0      0x1b0 CMakeFiles/JukeBoxSD.dir/mnt/c/Users/champ/Documents/Programming/pico-sdk/src/rp2_common/pico_double/double_v1_rom_shim.S.obj
                0x00000000100042a0                ddiv_shim
 .text.double2uint_shim
                0x0000000010004450        0xe CMakeFiles/JukeBoxSD.dir/mnt/c/Users/champ/Documents/Programming/pico-sdk/src/rp2_common/pico_double/double_v1_rom_shim.S.obj
                0x0000000010004450                double2uint_shim
                0x0000000010004452                double2ufix_shim
 *fill*         0x000000001000445e        0x2 
 .text.double2uint64_shim
                0x0000000010004460       0x70 CMakeFiles/JukeBoxSD.dir/mnt/c/Users/champ/Documents/Programming/pico-sdk/src/rp2_common/pico_double/double_v1_rom_shim.S.obj
                0x0000000010004460                double2uint64_shim
                0x0000000010004462                double2ufix64_shim
                0x0000000010004482                d2fix_a
 .text.dunpacks
                0x00000000100044d0       0x3c CMakeFiles/JukeBoxSD.dir/mnt/c/Users/champ/Documents/Programming/pico-sdk/src/rp2_common/pico_double/double_v1_rom_shim.S.obj
                0x00000000100044d0                dunpacks
 .text.__aeabi_lmul
                0x000000001000450c       0x32 CMakeFiles/JukeBoxSD.dir/mnt/c/Users/champ/Documents/Programming/pico-sdk/src/rp2_common/pico_int64_ops/pico_int64_ops_aeabi.S.obj
                0x000000001000450c                __wrap___aeabi_lmul
 *fill*         0x000000001000453e        0x2 
 .text.__aeabi_float_init
                0x0000000010004540       0xfc CMakeFiles/JukeBoxSD.dir/mnt/c/Users/champ/Documents/Programming/pico-sdk/src/rp2_common/pico_float/float_init_rom.c.obj
                0x0000000010004540                __aeabi_float_init
 .text.float_table_shim_on_use_helper
                0x000000001000463c       0x34 CMakeFiles/JukeBoxSD.dir/mnt/c/Users/champ/Documents/Programming/pico-sdk/src/rp2_common/pico_float/float_v1_rom_shim.S.obj
                0x000000001000463c                float_table_shim_on_use_helper
 .text.__wrap_malloc
                0x0000000010004670       0x24 CMakeFiles/JukeBoxSD.dir/mnt/c/Users/champ/Documents/Programming/pico-sdk/src/rp2_common/pico_malloc/pico_malloc.c.obj
                0x0000000010004670                __wrap_malloc
 .text.__wrap_free
                0x0000000010004694        0x8 CMakeFiles/JukeBoxSD.dir/mnt/c/Users/champ/Documents/Programming/pico-sdk/src/rp2_common/pico_malloc/pico_malloc.c.obj
                0x0000000010004694                __wrap_free
 .text          0x000000001000469c       0x10 CMakeFiles/JukeBoxSD.dir/mnt/c/Users/champ/Documents/Programming/pico-sdk/src/rp2_common/pico_mem_ops/mem_ops_aeabi.S.obj
                0x000000001000469c                __aeabi_mem_init
 .text.memset   0x00000000100046ac        0xc CMakeFiles/JukeBoxSD.dir/mnt/c/Users/champ/Documents/Programming/pico-sdk/src/rp2_common/pico_mem_ops/mem_ops_aeabi.S.obj
                0x00000000100046ac                __wrap_memset
 .text.memcpy   0x00000000100046b8        0xc CMakeFiles/JukeBoxSD.dir/mnt/c/Users/champ/Documents/Programming/pico-sdk/src/rp2_common/pico_mem_ops/mem_ops_aeabi.S.obj
                0x00000000100046b8                __wrap___aeabi_memcpy
                0x00000000100046b8                __wrap_memcpy
 .text.stdio_out_chars_no_crlf
                0x00000000100046c4        0xe CMakeFiles/JukeBoxSD.dir/mnt/c/Users/champ/Documents/Programming/pico-sdk/src/rp2_common/pico_stdio/stdio.c.obj
 *fill*         0x00000000100046d2        0x2 
 .text.stdio_out_chars_crlf
                0x00000000100046d4       0x80 CMakeFiles/JukeBoxSD.dir/mnt/c/Users/champ/Documents/Programming/pico-sdk/src/rp2_common/pico_stdio/stdio.c.obj
 .text.stdio_stack_buffer_flush
                0x0000000010004754       0x44 CMakeFiles/JukeBoxSD.dir/mnt/c/Users/champ/Documents/Programming/pico-sdk/src/rp2_common/pico_stdio/stdio.c.obj
 .text.stdio_buffered_printer
                0x0000000010004798       0x20 CMakeFiles/JukeBoxSD.dir/mnt/c/Users/champ/Documents/Programming/pico-sdk/src/rp2_common/pico_stdio/stdio.c.obj
 .text.stdio_get_until
                0x00000000100047b8       0x80 CMakeFiles/JukeBoxSD.dir/mnt/c/Users/champ/Documents/Programming/pico-sdk/src/rp2_common/pico_stdio/stdio.c.obj
 .text.stdout_serialize_begin
                0x0000000010004838       0x30 CMakeFiles/JukeBoxSD.dir/mnt/c/Users/champ/Documents/Programming/pico-sdk/src/rp2_common/pico_stdio/stdio.c.obj
                0x0000000010004838                stdout_serialize_begin
 .text.stdout_serialize_end
                0x0000000010004868       0x10 CMakeFiles/JukeBoxSD.dir/mnt/c/Users/champ/Documents/Programming/pico-sdk/src/rp2_common/pico_stdio/stdio.c.obj
                0x0000000010004868                stdout_serialize_end
 .text.stdio_put_string
                0x0000000010004878       0x98 CMakeFiles/JukeBoxSD.dir/mnt/c/Users/champ/Documents/Programming/pico-sdk/src/rp2_common/pico_stdio/stdio.c.obj
 .text._read    0x0000000010004910       0x24 CMakeFiles/JukeBoxSD.dir/mnt/c/Users/champ/Documents/Programming/pico-sdk/src/rp2_common/pico_stdio/stdio.c.obj
                0x0000000010004910                _read
 .text._write   0x0000000010004934       0x20 CMakeFiles/JukeBoxSD.dir/mnt/c/Users/champ/Documents/Programming/pico-sdk/src/rp2_common/pico_stdio/stdio.c.obj
                0x0000000010004934                _write
 .text.stdio_set_driver_enabled
                0x0000000010004954       0x38 CMakeFiles/JukeBoxSD.dir/mnt/c/Users/champ/Documents/Programming/pico-sdk/src/rp2_common/pico_stdio/stdio.c.obj
                0x0000000010004954                stdio_set_driver_enabled
 .text.stdio_flush
                0x000000001000498c       0x20 CMakeFiles/JukeBoxSD.dir/mnt/c/Users/champ/Documents/Programming/pico-sdk/src/rp2_common/pico_stdio/stdio.c.obj
                0x000000001000498c                stdio_flush
 .text.__wrap_puts
                0x00000000100049ac       0x1e CMakeFiles/JukeBoxSD.dir/mnt/c/Users/champ/Documents/Programming/pico-sdk/src/rp2_common/pico_stdio/stdio.c.obj
                0x00000000100049ac                __wrap_puts
 *fill*         0x00000000100049ca        0x2 
 .text.__wrap_vprintf
                0x00000000100049cc       0x44 CMakeFiles/JukeBoxSD.dir/mnt/c/Users/champ/Documents/Programming/pico-sdk/src/rp2_common/pico_stdio/stdio.c.obj
                0x00000000100049cc                __wrap_vprintf
 .text.__wrap_printf
                0x0000000010004a10       0x18 CMakeFiles/JukeBoxSD.dir/mnt/c/Users/champ/Documents/Programming/pico-sdk/src/rp2_common/pico_stdio/stdio.c.obj
                0x0000000010004a10                __wrap_printf
 .text.stdio_init_all
                0x0000000010004a28        0x8 CMakeFiles/JukeBoxSD.dir/mnt/c/Users/champ/Documents/Programming/pico-sdk/src/rp2_common/pico_stdio/stdio.c.obj
                0x0000000010004a28                stdio_init_all
 .text.resetd_init
                0x0000000010004a30        0x2 CMakeFiles/JukeBoxSD.dir/mnt/c/Users/champ/Documents/Programming/pico-sdk/src/rp2_common/pico_stdio_usb/reset_interface.c.obj
 *fill*         0x0000000010004a32        0x2 
 .text.resetd_reset
                0x0000000010004a34        0xc CMakeFiles/JukeBoxSD.dir/mnt/c/Users/champ/Documents/Programming/pico-sdk/src/rp2_common/pico_stdio_usb/reset_interface.c.obj
 .text.resetd_open
                0x0000000010004a40       0x34 CMakeFiles/JukeBoxSD.dir/mnt/c/Users/champ/Documents/Programming/pico-sdk/src/rp2_common/pico_stdio_usb/reset_interface.c.obj
 .text.resetd_xfer_cb
                0x0000000010004a74        0x4 CMakeFiles/JukeBoxSD.dir/mnt/c/Users/champ/Documents/Programming/pico-sdk/src/rp2_common/pico_stdio_usb/reset_interface.c.obj
 .text.resetd_control_xfer_cb
                0x0000000010004a78       0x6c CMakeFiles/JukeBoxSD.dir/mnt/c/Users/champ/Documents/Programming/pico-sdk/src/rp2_common/pico_stdio_usb/reset_interface.c.obj
 .text.usbd_app_driver_get_cb
                0x0000000010004ae4        0xc CMakeFiles/JukeBoxSD.dir/mnt/c/Users/champ/Documents/Programming/pico-sdk/src/rp2_common/pico_stdio_usb/reset_interface.c.obj
                0x0000000010004ae4                usbd_app_driver_get_cb
 .text.tud_cdc_line_coding_cb
                0x0000000010004af0       0x34 CMakeFiles/JukeBoxSD.dir/mnt/c/Users/champ/Documents/Programming/pico-sdk/src/rp2_common/pico_stdio_usb/reset_interface.c.obj
                0x0000000010004af0                tud_cdc_line_coding_cb
 .text.stdio_usb_in_chars
                0x0000000010004b24       0x70 CMakeFiles/JukeBoxSD.dir/mnt/c/Users/champ/Documents/Programming/pico-sdk/src/rp2_common/pico_stdio_usb/stdio_usb.c.obj
                0x0000000010004b24                stdio_usb_in_chars
 .text.low_priority_worker_irq
                0x0000000010004b94       0x20 CMakeFiles/JukeBoxSD.dir/mnt/c/Users/champ/Documents/Programming/pico-sdk/src/rp2_common/pico_stdio_usb/stdio_usb.c.obj
 .text.stdio_usb_out_chars
                0x0000000010004bb4       0xd4 CMakeFiles/JukeBoxSD.dir/mnt/c/Users/champ/Documents/Programming/pico-sdk/src/rp2_common/pico_stdio_usb/stdio_usb.c.obj
 .text.timer_task
                0x0000000010004c88       0x10 CMakeFiles/JukeBoxSD.dir/mnt/c/Users/champ/Documents/Programming/pico-sdk/src/rp2_common/pico_stdio_usb/stdio_usb.c.obj
 .text.stdio_usb_init
                0x0000000010004c98       0xb8 CMakeFiles/JukeBoxSD.dir/mnt/c/Users/champ/Documents/Programming/pico-sdk/src/rp2_common/pico_stdio_usb/stdio_usb.c.obj
                0x0000000010004c98                stdio_usb_init
 .text.tud_descriptor_device_cb
                0x0000000010004d50        0x8 CMakeFiles/JukeBoxSD.dir/mnt/c/Users/champ/Documents/Programming/pico-sdk/src/rp2_common/pico_stdio_usb/stdio_usb_descriptors.c.obj
                0x0000000010004d50                tud_descriptor_device_cb
 .text.tud_descriptor_configuration_cb
                0x0000000010004d58        0x8 CMakeFiles/JukeBoxSD.dir/mnt/c/Users/champ/Documents/Programming/pico-sdk/src/rp2_common/pico_stdio_usb/stdio_usb_descriptors.c.obj
                0x0000000010004d58                tud_descriptor_configuration_cb
 .text.tud_descriptor_string_cb
                0x0000000010004d60       0x6c CMakeFiles/JukeBoxSD.dir/mnt/c/Users/champ/Documents/Programming/pico-sdk/src/rp2_common/pico_stdio_usb/stdio_usb_descriptors.c.obj
                0x0000000010004d60                tud_descriptor_string_cb
 .text.hw_endpoint_get_by_addr
                0x0000000010004dcc       0x18 CMakeFiles/JukeBoxSD.dir/mnt/c/Users/champ/Documents/Programming/pico-sdk/lib/tinyusb/src/portable/raspberrypi/rp2040/dcd_rp2040.c.obj
 .text.reset_ep0_pid
                0x0000000010004de4       0x28 CMakeFiles/JukeBoxSD.dir/mnt/c/Users/champ/Documents/Programming/pico-sdk/lib/tinyusb/src/portable/raspberrypi/rp2040/dcd_rp2040.c.obj
 .text._hw_endpoint_alloc
                0x0000000010004e0c       0x70 CMakeFiles/JukeBoxSD.dir/mnt/c/Users/champ/Documents/Programming/pico-sdk/lib/tinyusb/src/portable/raspberrypi/rp2040/dcd_rp2040.c.obj
 .text.hw_endpoint_init
                0x0000000010004e7c       0x88 CMakeFiles/JukeBoxSD.dir/mnt/c/Users/champ/Documents/Programming/pico-sdk/lib/tinyusb/src/portable/raspberrypi/rp2040/dcd_rp2040.c.obj
 .text.reset_non_control_endpoints
                0x0000000010004f04       0x40 CMakeFiles/JukeBoxSD.dir/mnt/c/Users/champ/Documents/Programming/pico-sdk/lib/tinyusb/src/portable/raspberrypi/rp2040/dcd_rp2040.c.obj
 .text.hw_handle_buff_status
                0x0000000010004f44       0x8c CMakeFiles/JukeBoxSD.dir/mnt/c/Users/champ/Documents/Programming/pico-sdk/lib/tinyusb/src/portable/raspberrypi/rp2040/dcd_rp2040.c.obj
 .text.dcd_rp2040_irq
                0x0000000010004fd0       0xc0 CMakeFiles/JukeBoxSD.dir/mnt/c/Users/champ/Documents/Programming/pico-sdk/lib/tinyusb/src/portable/raspberrypi/rp2040/dcd_rp2040.c.obj
 .text.hw_endpoint_xfer
                0x0000000010005090       0x14 CMakeFiles/JukeBoxSD.dir/mnt/c/Users/champ/Documents/Programming/pico-sdk/lib/tinyusb/src/portable/raspberrypi/rp2040/dcd_rp2040.c.obj
 .text.dcd_int_enable
                0x00000000100050a4       0x2c CMakeFiles/JukeBoxSD.dir/mnt/c/Users/champ/Documents/Programming/pico-sdk/lib/tinyusb/src/portable/raspberrypi/rp2040/dcd_rp2040.c.obj
                0x00000000100050a4                dcd_int_enable
 .text.dcd_set_address
                0x00000000100050d0       0x2c CMakeFiles/JukeBoxSD.dir/mnt/c/Users/champ/Documents/Programming/pico-sdk/lib/tinyusb/src/portable/raspberrypi/rp2040/dcd_rp2040.c.obj
                0x00000000100050d0                dcd_set_address
 .text.dcd_connect
                0x00000000100050fc       0x10 CMakeFiles/JukeBoxSD.dir/mnt/c/Users/champ/Documents/Programming/pico-sdk/lib/tinyusb/src/portable/raspberrypi/rp2040/dcd_rp2040.c.obj
                0x00000000100050fc                dcd_connect
 .text.dcd_init
                0x000000001000510c       0x7c CMakeFiles/JukeBoxSD.dir/mnt/c/Users/champ/Documents/Programming/pico-sdk/lib/tinyusb/src/portable/raspberrypi/rp2040/dcd_rp2040.c.obj
                0x000000001000510c                dcd_init
 .text.dcd_edpt0_status_complete
                0x0000000010005188       0x1c CMakeFiles/JukeBoxSD.dir/mnt/c/Users/champ/Documents/Programming/pico-sdk/lib/tinyusb/src/portable/raspberrypi/rp2040/dcd_rp2040.c.obj
                0x0000000010005188                dcd_edpt0_status_complete
 .text.dcd_edpt_open
                0x00000000100051a4       0x40 CMakeFiles/JukeBoxSD.dir/mnt/c/Users/champ/Documents/Programming/pico-sdk/lib/tinyusb/src/portable/raspberrypi/rp2040/dcd_rp2040.c.obj
                0x00000000100051a4                dcd_edpt_open
 .text.dcd_edpt_close_all
                0x00000000100051e4        0x8 CMakeFiles/JukeBoxSD.dir/mnt/c/Users/champ/Documents/Programming/pico-sdk/lib/tinyusb/src/portable/raspberrypi/rp2040/dcd_rp2040.c.obj
                0x00000000100051e4                dcd_edpt_close_all
 .text.dcd_edpt_xfer
                0x00000000100051ec       0x30 CMakeFiles/JukeBoxSD.dir/mnt/c/Users/champ/Documents/Programming/pico-sdk/lib/tinyusb/src/portable/raspberrypi/rp2040/dcd_rp2040.c.obj
                0x00000000100051ec                dcd_edpt_xfer
 .text.dcd_edpt_stall
                0x000000001000521c       0x2c CMakeFiles/JukeBoxSD.dir/mnt/c/Users/champ/Documents/Programming/pico-sdk/lib/tinyusb/src/portable/raspberrypi/rp2040/dcd_rp2040.c.obj
                0x000000001000521c                dcd_edpt_stall
 .text.dcd_edpt_clear_stall
                0x0000000010005248       0x20 CMakeFiles/JukeBoxSD.dir/mnt/c/Users/champ/Documents/Programming/pico-sdk/lib/tinyusb/src/portable/raspberrypi/rp2040/dcd_rp2040.c.obj
                0x0000000010005248                dcd_edpt_clear_stall
 .text.prepare_ep_buffer
                0x0000000010005268       0x70 CMakeFiles/JukeBoxSD.dir/mnt/c/Users/champ/Documents/Programming/pico-sdk/lib/tinyusb/src/portable/raspberrypi/rp2040/rp2040_usb.c.obj
 .text.sync_ep_buffer
                0x00000000100052d8       0x7c CMakeFiles/JukeBoxSD.dir/mnt/c/Users/champ/Documents/Programming/pico-sdk/lib/tinyusb/src/portable/raspberrypi/rp2040/rp2040_usb.c.obj
 .text._hw_endpoint_xfer_sync
                0x0000000010005354       0x28 CMakeFiles/JukeBoxSD.dir/mnt/c/Users/champ/Documents/Programming/pico-sdk/lib/tinyusb/src/portable/raspberrypi/rp2040/rp2040_usb.c.obj
 .text.rp2040_usb_init
                0x000000001000537c       0x4c CMakeFiles/JukeBoxSD.dir/mnt/c/Users/champ/Documents/Programming/pico-sdk/lib/tinyusb/src/portable/raspberrypi/rp2040/rp2040_usb.c.obj
                0x000000001000537c                rp2040_usb_init
 .text.hw_endpoint_reset_transfer
                0x00000000100053c8        0xc CMakeFiles/JukeBoxSD.dir/mnt/c/Users/champ/Documents/Programming/pico-sdk/lib/tinyusb/src/portable/raspberrypi/rp2040/rp2040_usb.c.obj
                0x00000000100053c8                hw_endpoint_reset_transfer
 .text._hw_endpoint_buffer_control_update32
                0x00000000100053d4       0x58 CMakeFiles/JukeBoxSD.dir/mnt/c/Users/champ/Documents/Programming/pico-sdk/lib/tinyusb/src/portable/raspberrypi/rp2040/rp2040_usb.c.obj
                0x00000000100053d4                _hw_endpoint_buffer_control_update32
 .text._hw_endpoint_start_next_buffer
                0x000000001000542c       0x74 CMakeFiles/JukeBoxSD.dir/mnt/c/Users/champ/Documents/Programming/pico-sdk/lib/tinyusb/src/portable/raspberrypi/rp2040/rp2040_usb.c.obj
 .text.hw_endpoint_xfer_start
                0x00000000100054a0       0x48 CMakeFiles/JukeBoxSD.dir/mnt/c/Users/champ/Documents/Programming/pico-sdk/lib/tinyusb/src/portable/raspberrypi/rp2040/rp2040_usb.c.obj
                0x00000000100054a0                hw_endpoint_xfer_start
 .text.hw_endpoint_xfer_continue
                0x00000000100054e8       0x38 CMakeFiles/JukeBoxSD.dir/mnt/c/Users/champ/Documents/Programming/pico-sdk/lib/tinyusb/src/portable/raspberrypi/rp2040/rp2040_usb.c.obj
                0x00000000100054e8                hw_endpoint_xfer_continue
 .text.configuration_reset
                0x0000000010005520       0x84 CMakeFiles/JukeBoxSD.dir/mnt/c/Users/champ/Documents/Programming/pico-sdk/lib/tinyusb/src/device/usbd.c.obj
 .text.usbd_reset
                0x00000000100055a4        0xc CMakeFiles/JukeBoxSD.dir/mnt/c/Users/champ/Documents/Programming/pico-sdk/lib/tinyusb/src/device/usbd.c.obj
 .text.invoke_class_control
                0x00000000100055b0       0x1a CMakeFiles/JukeBoxSD.dir/mnt/c/Users/champ/Documents/Programming/pico-sdk/lib/tinyusb/src/device/usbd.c.obj
 *fill*         0x00000000100055ca        0x2 
 .text.process_set_config
                0x00000000100055cc      0x1ac CMakeFiles/JukeBoxSD.dir/mnt/c/Users/champ/Documents/Programming/pico-sdk/lib/tinyusb/src/device/usbd.c.obj
 .text.process_get_descriptor
                0x0000000010005778       0xec CMakeFiles/JukeBoxSD.dir/mnt/c/Users/champ/Documents/Programming/pico-sdk/lib/tinyusb/src/device/usbd.c.obj
 .text.tud_mounted
                0x0000000010005864       0x10 CMakeFiles/JukeBoxSD.dir/mnt/c/Users/champ/Documents/Programming/pico-sdk/lib/tinyusb/src/device/usbd.c.obj
                0x0000000010005864                tud_mounted
 .text.tud_suspended
                0x0000000010005874       0x10 CMakeFiles/JukeBoxSD.dir/mnt/c/Users/champ/Documents/Programming/pico-sdk/lib/tinyusb/src/device/usbd.c.obj
                0x0000000010005874                tud_suspended
 .text.tud_inited
                0x0000000010005884        0xc CMakeFiles/JukeBoxSD.dir/mnt/c/Users/champ/Documents/Programming/pico-sdk/lib/tinyusb/src/device/usbd.c.obj
                0x0000000010005884                tud_inited
 .text.tud_init
                0x0000000010005890       0xcc CMakeFiles/JukeBoxSD.dir/mnt/c/Users/champ/Documents/Programming/pico-sdk/lib/tinyusb/src/device/usbd.c.obj
                0x0000000010005890                tud_init
 .text.dcd_event_handler
                0x000000001000595c      0x1e0 CMakeFiles/JukeBoxSD.dir/mnt/c/Users/champ/Documents/Programming/pico-sdk/lib/tinyusb/src/device/usbd.c.obj
                0x000000001000595c                dcd_event_handler
 .text.dcd_event_bus_signal
                0x0000000010005b3c       0x26 CMakeFiles/JukeBoxSD.dir/mnt/c/Users/champ/Documents/Programming/pico-sdk/lib/tinyusb/src/device/usbd.c.obj
                0x0000000010005b3c                dcd_event_bus_signal
 .text.dcd_event_bus_reset
                0x0000000010005b62       0x2a CMakeFiles/JukeBoxSD.dir/mnt/c/Users/champ/Documents/Programming/pico-sdk/lib/tinyusb/src/device/usbd.c.obj
                0x0000000010005b62                dcd_event_bus_reset
 .text.dcd_event_setup_received
                0x0000000010005b8c       0x34 CMakeFiles/JukeBoxSD.dir/mnt/c/Users/champ/Documents/Programming/pico-sdk/lib/tinyusb/src/device/usbd.c.obj
                0x0000000010005b8c                dcd_event_setup_received
 .text.dcd_event_xfer_complete
                0x0000000010005bc0       0x44 CMakeFiles/JukeBoxSD.dir/mnt/c/Users/champ/Documents/Programming/pico-sdk/lib/tinyusb/src/device/usbd.c.obj
                0x0000000010005bc0                dcd_event_xfer_complete
 .text.usbd_edpt_open
                0x0000000010005c04       0x58 CMakeFiles/JukeBoxSD.dir/mnt/c/Users/champ/Documents/Programming/pico-sdk/lib/tinyusb/src/device/usbd.c.obj
                0x0000000010005c04                usbd_edpt_open
 .text.usbd_open_edpt_pair
                0x0000000010005c5c       0x8c CMakeFiles/JukeBoxSD.dir/mnt/c/Users/champ/Documents/Programming/pico-sdk/lib/tinyusb/src/device/usbd.c.obj
                0x0000000010005c5c                usbd_open_edpt_pair
 .text.usbd_edpt_claim
                0x0000000010005ce8       0x8c CMakeFiles/JukeBoxSD.dir/mnt/c/Users/champ/Documents/Programming/pico-sdk/lib/tinyusb/src/device/usbd.c.obj
                0x0000000010005ce8                usbd_edpt_claim
 .text.usbd_edpt_release
                0x0000000010005d74       0x68 CMakeFiles/JukeBoxSD.dir/mnt/c/Users/champ/Documents/Programming/pico-sdk/lib/tinyusb/src/device/usbd.c.obj
                0x0000000010005d74                usbd_edpt_release
 .text.usbd_edpt_xfer
                0x0000000010005ddc       0x80 CMakeFiles/JukeBoxSD.dir/mnt/c/Users/champ/Documents/Programming/pico-sdk/lib/tinyusb/src/device/usbd.c.obj
                0x0000000010005ddc                usbd_edpt_xfer
 .text.usbd_edpt_stall
                0x0000000010005e5c       0x40 CMakeFiles/JukeBoxSD.dir/mnt/c/Users/champ/Documents/Programming/pico-sdk/lib/tinyusb/src/device/usbd.c.obj
                0x0000000010005e5c                usbd_edpt_stall
 .text.usbd_edpt_clear_stall
                0x0000000010005e9c       0x40 CMakeFiles/JukeBoxSD.dir/mnt/c/Users/champ/Documents/Programming/pico-sdk/lib/tinyusb/src/device/usbd.c.obj
                0x0000000010005e9c                usbd_edpt_clear_stall
 .text.usbd_edpt_stalled
                0x0000000010005edc       0x1c CMakeFiles/JukeBoxSD.dir/mnt/c/Users/champ/Documents/Programming/pico-sdk/lib/tinyusb/src/device/usbd.c.obj
                0x0000000010005edc                usbd_edpt_stalled
 .text.process_control_request
                0x0000000010005ef8      0x3b8 CMakeFiles/JukeBoxSD.dir/mnt/c/Users/champ/Documents/Programming/pico-sdk/lib/tinyusb/src/device/usbd.c.obj
 .text.tud_task
                0x00000000100062b0      0x218 CMakeFiles/JukeBoxSD.dir/mnt/c/Users/champ/Documents/Programming/pico-sdk/lib/tinyusb/src/device/usbd.c.obj
                0x00000000100062b0                tud_task
 .text._data_stage_xact
                0x00000000100064c8       0x58 CMakeFiles/JukeBoxSD.dir/mnt/c/Users/champ/Documents/Programming/pico-sdk/lib/tinyusb/src/device/usbd_control.c.obj
 .text.tud_control_status
                0x0000000010006520       0x38 CMakeFiles/JukeBoxSD.dir/mnt/c/Users/champ/Documents/Programming/pico-sdk/lib/tinyusb/src/device/usbd_control.c.obj
                0x0000000010006520                tud_control_status
 .text.tud_control_xfer
                0x0000000010006558       0xa8 CMakeFiles/JukeBoxSD.dir/mnt/c/Users/champ/Documents/Programming/pico-sdk/lib/tinyusb/src/device/usbd_control.c.obj
                0x0000000010006558                tud_control_xfer
 .text.usbd_control_reset
                0x0000000010006600       0x14 CMakeFiles/JukeBoxSD.dir/mnt/c/Users/champ/Documents/Programming/pico-sdk/lib/tinyusb/src/device/usbd_control.c.obj
                0x0000000010006600                usbd_control_reset
 .text.usbd_control_set_complete_callback
                0x0000000010006614        0xc CMakeFiles/JukeBoxSD.dir/mnt/c/Users/champ/Documents/Programming/pico-sdk/lib/tinyusb/src/device/usbd_control.c.obj
                0x0000000010006614                usbd_control_set_complete_callback
 .text.usbd_control_set_request
                0x0000000010006620       0x1c CMakeFiles/JukeBoxSD.dir/mnt/c/Users/champ/Documents/Programming/pico-sdk/lib/tinyusb/src/device/usbd_control.c.obj
                0x0000000010006620                usbd_control_set_request
 .text.usbd_control_xfer_cb
                0x000000001000663c       0xfc CMakeFiles/JukeBoxSD.dir/mnt/c/Users/champ/Documents/Programming/pico-sdk/lib/tinyusb/src/device/usbd_control.c.obj
                0x000000001000663c                usbd_control_xfer_cb
 .text._prep_out_transaction
                0x0000000010006738       0x46 CMakeFiles/JukeBoxSD.dir/mnt/c/Users/champ/Documents/Programming/pico-sdk/lib/tinyusb/src/class/cdc/cdc_device.c.obj
 *fill*         0x000000001000677e        0x2 
 .text.tud_cdc_n_connected
                0x0000000010006780       0x44 CMakeFiles/JukeBoxSD.dir/mnt/c/Users/champ/Documents/Programming/pico-sdk/lib/tinyusb/src/class/cdc/cdc_device.c.obj
                0x0000000010006780                tud_cdc_n_connected
 .text.tud_cdc_n_available
                0x00000000100067c4       0x18 CMakeFiles/JukeBoxSD.dir/mnt/c/Users/champ/Documents/Programming/pico-sdk/lib/tinyusb/src/class/cdc/cdc_device.c.obj
                0x00000000100067c4                tud_cdc_n_available
 .text.tud_cdc_n_read
                0x00000000100067dc       0x28 CMakeFiles/JukeBoxSD.dir/mnt/c/Users/champ/Documents/Programming/pico-sdk/lib/tinyusb/src/class/cdc/cdc_device.c.obj
                0x00000000100067dc                tud_cdc_n_read
 .text.tud_cdc_n_write_flush
                0x0000000010006804       0xcc CMakeFiles/JukeBoxSD.dir/mnt/c/Users/champ/Documents/Programming/pico-sdk/lib/tinyusb/src/class/cdc/cdc_device.c.obj
                0x0000000010006804                tud_cdc_n_write_flush
 .text.tud_cdc_n_write
                0x00000000100068d0       0x38 CMakeFiles/JukeBoxSD.dir/mnt/c/Users/champ/Documents/Programming/pico-sdk/lib/tinyusb/src/class/cdc/cdc_device.c.obj
                0x00000000100068d0                tud_cdc_n_write
 .text.tud_cdc_n_write_available
                0x0000000010006908       0x1c CMakeFiles/JukeBoxSD.dir/mnt/c/Users/champ/Documents/Programming/pico-sdk/lib/tinyusb/src/class/cdc/cdc_device.c.obj
                0x0000000010006908                tud_cdc_n_write_available
 .text.cdcd_init
                0x0000000010006924       0xbc CMakeFiles/JukeBoxSD.dir/mnt/c/Users/champ/Documents/Programming/pico-sdk/lib/tinyusb/src/class/cdc/cdc_device.c.obj
                0x0000000010006924                cdcd_init
 .text.cdcd_reset
                0x00000000100069e0       0x44 CMakeFiles/JukeBoxSD.dir/mnt/c/Users/champ/Documents/Programming/pico-sdk/lib/tinyusb/src/class/cdc/cdc_device.c.obj
                0x00000000100069e0                cdcd_reset
 .text.cdcd_open
                0x0000000010006a24       0xf8 CMakeFiles/JukeBoxSD.dir/mnt/c/Users/champ/Documents/Programming/pico-sdk/lib/tinyusb/src/class/cdc/cdc_device.c.obj
                0x0000000010006a24                cdcd_open
 .text.cdcd_control_xfer_cb
                0x0000000010006b1c      0x134 CMakeFiles/JukeBoxSD.dir/mnt/c/Users/champ/Documents/Programming/pico-sdk/lib/tinyusb/src/class/cdc/cdc_device.c.obj
                0x0000000010006b1c                cdcd_control_xfer_cb
 .text.cdcd_xfer_cb
                0x0000000010006c50      0x144 CMakeFiles/JukeBoxSD.dir/mnt/c/Users/champ/Documents/Programming/pico-sdk/lib/tinyusb/src/class/cdc/cdc_device.c.obj
                0x0000000010006c50                cdcd_xfer_cb
 .text.tusb_init
                0x0000000010006d94       0x24 CMakeFiles/JukeBoxSD.dir/mnt/c/Users/champ/Documents/Programming/pico-sdk/lib/tinyusb/src/tusb.c.obj
                0x0000000010006d94                tusb_init
 .text.tusb_inited
                0x0000000010006db8        0xe CMakeFiles/JukeBoxSD.dir/mnt/c/Users/champ/Documents/Programming/pico-sdk/lib/tinyusb/src/tusb.c.obj
                0x0000000010006db8                tusb_inited
 *fill*         0x0000000010006dc6        0x2 
 .text.tu_edpt_validate
                0x0000000010006dc8       0xa8 CMakeFiles/JukeBoxSD.dir/mnt/c/Users/champ/Documents/Programming/pico-sdk/lib/tinyusb/src/tusb.c.obj
                0x0000000010006dc8                tu_edpt_validate
 .text.tu_edpt_bind_driver
                0x0000000010006e70       0x2a CMakeFiles/JukeBoxSD.dir/mnt/c/Users/champ/Documents/Programming/pico-sdk/lib/tinyusb/src/tusb.c.obj
                0x0000000010006e70                tu_edpt_bind_driver
 .text.advance_pointer
                0x0000000010006e9a       0x18 CMakeFiles/JukeBoxSD.dir/mnt/c/Users/champ/Documents/Programming/pico-sdk/lib/tinyusb/src/common/tusb_fifo.c.obj
 .text.backward_pointer
                0x0000000010006eb2       0x1e CMakeFiles/JukeBoxSD.dir/mnt/c/Users/champ/Documents/Programming/pico-sdk/lib/tinyusb/src/common/tusb_fifo.c.obj
 .text.get_relative_pointer
                0x0000000010006ed0       0x10 CMakeFiles/JukeBoxSD.dir/mnt/c/Users/champ/Documents/Programming/pico-sdk/lib/tinyusb/src/common/tusb_fifo.c.obj
 .text._tu_fifo_peek
                0x0000000010006ee0       0x50 CMakeFiles/JukeBoxSD.dir/mnt/c/Users/champ/Documents/Programming/pico-sdk/lib/tinyusb/src/common/tusb_fifo.c.obj
 .text._ff_pull_const_addr
                0x0000000010006f30       0x4c CMakeFiles/JukeBoxSD.dir/mnt/c/Users/champ/Documents/Programming/pico-sdk/lib/tinyusb/src/common/tusb_fifo.c.obj
 .text._ff_pull_n
                0x0000000010006f7c      0x10c CMakeFiles/JukeBoxSD.dir/mnt/c/Users/champ/Documents/Programming/pico-sdk/lib/tinyusb/src/common/tusb_fifo.c.obj
 .text._tu_fifo_peek_n
                0x0000000010007088       0x5e CMakeFiles/JukeBoxSD.dir/mnt/c/Users/champ/Documents/Programming/pico-sdk/lib/tinyusb/src/common/tusb_fifo.c.obj
 .text._tu_fifo_read_n
                0x00000000100070e6       0x4e CMakeFiles/JukeBoxSD.dir/mnt/c/Users/champ/Documents/Programming/pico-sdk/lib/tinyusb/src/common/tusb_fifo.c.obj
 .text._ff_push_const_addr
                0x0000000010007134       0x40 CMakeFiles/JukeBoxSD.dir/mnt/c/Users/champ/Documents/Programming/pico-sdk/lib/tinyusb/src/common/tusb_fifo.c.obj
 .text._ff_push_n
                0x0000000010007174      0x106 CMakeFiles/JukeBoxSD.dir/mnt/c/Users/champ/Documents/Programming/pico-sdk/lib/tinyusb/src/common/tusb_fifo.c.obj
 .text._tu_fifo_write_n
                0x000000001000727a       0x9e CMakeFiles/JukeBoxSD.dir/mnt/c/Users/champ/Documents/Programming/pico-sdk/lib/tinyusb/src/common/tusb_fifo.c.obj
 .text.tu_fifo_config
                0x0000000010007318       0x72 CMakeFiles/JukeBoxSD.dir/mnt/c/Users/champ/Documents/Programming/pico-sdk/lib/tinyusb/src/common/tusb_fifo.c.obj
                0x0000000010007318                tu_fifo_config
 .text.tu_fifo_count
                0x000000001000738a       0x26 CMakeFiles/JukeBoxSD.dir/mnt/c/Users/champ/Documents/Programming/pico-sdk/lib/tinyusb/src/common/tusb_fifo.c.obj
                0x000000001000738a                tu_fifo_count
 .text.tu_fifo_empty
                0x00000000100073b0        0xe CMakeFiles/JukeBoxSD.dir/mnt/c/Users/champ/Documents/Programming/pico-sdk/lib/tinyusb/src/common/tusb_fifo.c.obj
                0x00000000100073b0                tu_fifo_empty
 .text.tu_fifo_remaining
                0x00000000100073be       0x20 CMakeFiles/JukeBoxSD.dir/mnt/c/Users/champ/Documents/Programming/pico-sdk/lib/tinyusb/src/common/tusb_fifo.c.obj
                0x00000000100073be                tu_fifo_remaining
 .text.tu_fifo_read
                0x00000000100073de       0x42 CMakeFiles/JukeBoxSD.dir/mnt/c/Users/champ/Documents/Programming/pico-sdk/lib/tinyusb/src/common/tusb_fifo.c.obj
                0x00000000100073de                tu_fifo_read
 .text.tu_fifo_read_n
                0x0000000010007420        0xa CMakeFiles/JukeBoxSD.dir/mnt/c/Users/champ/Documents/Programming/pico-sdk/lib/tinyusb/src/common/tusb_fifo.c.obj
                0x0000000010007420                tu_fifo_read_n
 .text.tu_fifo_write
                0x000000001000742a       0x6c CMakeFiles/JukeBoxSD.dir/mnt/c/Users/champ/Documents/Programming/pico-sdk/lib/tinyusb/src/common/tusb_fifo.c.obj
                0x000000001000742a                tu_fifo_write
 .text.tu_fifo_write_n
                0x0000000010007496        0xa CMakeFiles/JukeBoxSD.dir/mnt/c/Users/champ/Documents/Programming/pico-sdk/lib/tinyusb/src/common/tusb_fifo.c.obj
                0x0000000010007496                tu_fifo_write_n
 .text.tu_fifo_clear
                0x00000000100074a0       0x4c CMakeFiles/JukeBoxSD.dir/mnt/c/Users/champ/Documents/Programming/pico-sdk/lib/tinyusb/src/common/tusb_fifo.c.obj
                0x00000000100074a0                tu_fifo_clear
 .text.tu_fifo_set_overwritable
                0x00000000100074ec       0x3c CMakeFiles/JukeBoxSD.dir/mnt/c/Users/champ/Documents/Programming/pico-sdk/lib/tinyusb/src/common/tusb_fifo.c.obj
                0x00000000100074ec                tu_fifo_set_overwritable
 .text._retrieve_unique_id_on_boot
                0x0000000010007528       0x10 CMakeFiles/JukeBoxSD.dir/mnt/c/Users/champ/Documents/Programming/pico-sdk/src/rp2_common/pico_unique_id/unique_id.c.obj
 .text.pico_get_unique_board_id_string
                0x0000000010007538       0x60 CMakeFiles/JukeBoxSD.dir/mnt/c/Users/champ/Documents/Programming/pico-sdk/src/rp2_common/pico_unique_id/unique_id.c.obj
                0x0000000010007538                pico_get_unique_board_id_string
 .text.flash_get_unique_id
                0x0000000010007598       0x46 CMakeFiles/JukeBoxSD.dir/mnt/c/Users/champ/Documents/Programming/pico-sdk/src/rp2_common/hardware_flash/flash.c.obj
                0x0000000010007598                flash_get_unique_id
 .text.ff_memalloc
                0x00000000100075de        0x8 CMakeFiles/JukeBoxSD.dir/no-OS-FatFS-SD-SPI-RPi-Pico/FatFs_SPI/ff14a/source/ffsystem.c.obj
                0x00000000100075de                ff_memalloc
 .text.ff_memfree
                0x00000000100075e6        0x8 CMakeFiles/JukeBoxSD.dir/no-OS-FatFS-SD-SPI-RPi-Pico/FatFs_SPI/ff14a/source/ffsystem.c.obj
                0x00000000100075e6                ff_memfree
 *fill*         0x00000000100075ee        0x2 
 .text.ff_uni2oem
                0x00000000100075f0       0x44 CMakeFiles/JukeBoxSD.dir/no-OS-FatFS-SD-SPI-RPi-Pico/FatFs_SPI/ff14a/source/ffunicode.c.obj
                0x00000000100075f0                ff_uni2oem
 .text.ff_wtoupper
                0x0000000010007634       0xb0 CMakeFiles/JukeBoxSD.dir/no-OS-FatFS-SD-SPI-RPi-Pico/FatFs_SPI/ff14a/source/ffunicode.c.obj
                0x0000000010007634                ff_wtoupper
 .text.ld_word  0x00000000100076e4        0xa CMakeFiles/JukeBoxSD.dir/no-OS-FatFS-SD-SPI-RPi-Pico/FatFs_SPI/ff14a/source/ff.c.obj
 .text.ld_dword
                0x00000000100076ee       0x18 CMakeFiles/JukeBoxSD.dir/no-OS-FatFS-SD-SPI-RPi-Pico/FatFs_SPI/ff14a/source/ff.c.obj
 .text.ld_qword
                0x0000000010007706       0x42 CMakeFiles/JukeBoxSD.dir/no-OS-FatFS-SD-SPI-RPi-Pico/FatFs_SPI/ff14a/source/ff.c.obj
 .text.st_word  0x0000000010007748        0x8 CMakeFiles/JukeBoxSD.dir/no-OS-FatFS-SD-SPI-RPi-Pico/FatFs_SPI/ff14a/source/ff.c.obj
 .text.st_dword
                0x0000000010007750       0x10 CMakeFiles/JukeBoxSD.dir/no-OS-FatFS-SD-SPI-RPi-Pico/FatFs_SPI/ff14a/source/ff.c.obj
 .text.st_qword
                0x0000000010007760       0x1e CMakeFiles/JukeBoxSD.dir/no-OS-FatFS-SD-SPI-RPi-Pico/FatFs_SPI/ff14a/source/ff.c.obj
 .text.mem_cpy  0x000000001000777e       0x16 CMakeFiles/JukeBoxSD.dir/no-OS-FatFS-SD-SPI-RPi-Pico/FatFs_SPI/ff14a/source/ff.c.obj
 .text.mem_set  0x0000000010007794        0xc CMakeFiles/JukeBoxSD.dir/no-OS-FatFS-SD-SPI-RPi-Pico/FatFs_SPI/ff14a/source/ff.c.obj
 .text.mem_cmp  0x00000000100077a0       0x1a CMakeFiles/JukeBoxSD.dir/no-OS-FatFS-SD-SPI-RPi-Pico/FatFs_SPI/ff14a/source/ff.c.obj
 .text.chk_chr  0x00000000100077ba       0x12 CMakeFiles/JukeBoxSD.dir/no-OS-FatFS-SD-SPI-RPi-Pico/FatFs_SPI/ff14a/source/ff.c.obj
 .text.dbc_1st  0x00000000100077cc        0x4 CMakeFiles/JukeBoxSD.dir/no-OS-FatFS-SD-SPI-RPi-Pico/FatFs_SPI/ff14a/source/ff.c.obj
 .text.tchar2uni
                0x00000000100077d0       0xcc CMakeFiles/JukeBoxSD.dir/no-OS-FatFS-SD-SPI-RPi-Pico/FatFs_SPI/ff14a/source/ff.c.obj
 .text.chk_lock
                0x000000001000789c       0x78 CMakeFiles/JukeBoxSD.dir/no-OS-FatFS-SD-SPI-RPi-Pico/FatFs_SPI/ff14a/source/ff.c.obj
 .text.enq_lock
                0x0000000010007914       0x20 CMakeFiles/JukeBoxSD.dir/no-OS-FatFS-SD-SPI-RPi-Pico/FatFs_SPI/ff14a/source/ff.c.obj
 .text.inc_lock
                0x0000000010007934       0xa8 CMakeFiles/JukeBoxSD.dir/no-OS-FatFS-SD-SPI-RPi-Pico/FatFs_SPI/ff14a/source/ff.c.obj
 .text.dec_lock
                0x00000000100079dc       0x44 CMakeFiles/JukeBoxSD.dir/no-OS-FatFS-SD-SPI-RPi-Pico/FatFs_SPI/ff14a/source/ff.c.obj
 .text.clear_lock
                0x0000000010007a20       0x24 CMakeFiles/JukeBoxSD.dir/no-OS-FatFS-SD-SPI-RPi-Pico/FatFs_SPI/ff14a/source/ff.c.obj
 .text.clst2sect
                0x0000000010007a44       0x28 CMakeFiles/JukeBoxSD.dir/no-OS-FatFS-SD-SPI-RPi-Pico/FatFs_SPI/ff14a/source/ff.c.obj
 .text.clmt_clust
                0x0000000010007a6c       0x30 CMakeFiles/JukeBoxSD.dir/no-OS-FatFS-SD-SPI-RPi-Pico/FatFs_SPI/ff14a/source/ff.c.obj
 .text.ld_clust
                0x0000000010007a9c       0x26 CMakeFiles/JukeBoxSD.dir/no-OS-FatFS-SD-SPI-RPi-Pico/FatFs_SPI/ff14a/source/ff.c.obj
 .text.st_clust
                0x0000000010007ac2       0x26 CMakeFiles/JukeBoxSD.dir/no-OS-FatFS-SD-SPI-RPi-Pico/FatFs_SPI/ff14a/source/ff.c.obj
 .text.pick_lfn
                0x0000000010007ae8       0x94 CMakeFiles/JukeBoxSD.dir/no-OS-FatFS-SD-SPI-RPi-Pico/FatFs_SPI/ff14a/source/ff.c.obj
 .text.put_lfn  0x0000000010007b7c       0x8c CMakeFiles/JukeBoxSD.dir/no-OS-FatFS-SD-SPI-RPi-Pico/FatFs_SPI/ff14a/source/ff.c.obj
 .text.gen_numname
                0x0000000010007c08       0xa8 CMakeFiles/JukeBoxSD.dir/no-OS-FatFS-SD-SPI-RPi-Pico/FatFs_SPI/ff14a/source/ff.c.obj
 .text.sum_sfn  0x0000000010007cb0       0x20 CMakeFiles/JukeBoxSD.dir/no-OS-FatFS-SD-SPI-RPi-Pico/FatFs_SPI/ff14a/source/ff.c.obj
 .text.xdir_sum
                0x0000000010007cd0       0x2e CMakeFiles/JukeBoxSD.dir/no-OS-FatFS-SD-SPI-RPi-Pico/FatFs_SPI/ff14a/source/ff.c.obj
 .text.init_alloc_info
                0x0000000010007cfe       0x2e CMakeFiles/JukeBoxSD.dir/no-OS-FatFS-SD-SPI-RPi-Pico/FatFs_SPI/ff14a/source/ff.c.obj
 .text.get_ldnumber
                0x0000000010007d2c       0x5c CMakeFiles/JukeBoxSD.dir/no-OS-FatFS-SD-SPI-RPi-Pico/FatFs_SPI/ff14a/source/ff.c.obj
 .text.crc32    0x0000000010007d88       0x2c CMakeFiles/JukeBoxSD.dir/no-OS-FatFS-SD-SPI-RPi-Pico/FatFs_SPI/ff14a/source/ff.c.obj
 .text.test_gpt_header
                0x0000000010007db4       0x64 CMakeFiles/JukeBoxSD.dir/no-OS-FatFS-SD-SPI-RPi-Pico/FatFs_SPI/ff14a/source/ff.c.obj
 .text.validate
                0x0000000010007e18       0x52 CMakeFiles/JukeBoxSD.dir/no-OS-FatFS-SD-SPI-RPi-Pico/FatFs_SPI/ff14a/source/ff.c.obj
 .text.sync_window
                0x0000000010007e6a       0x70 CMakeFiles/JukeBoxSD.dir/no-OS-FatFS-SD-SPI-RPi-Pico/FatFs_SPI/ff14a/source/ff.c.obj
 .text.move_window
                0x0000000010007eda       0x4c CMakeFiles/JukeBoxSD.dir/no-OS-FatFS-SD-SPI-RPi-Pico/FatFs_SPI/ff14a/source/ff.c.obj
 *fill*         0x0000000010007f26        0x2 
 .text.check_fs
                0x0000000010007f28       0xdc CMakeFiles/JukeBoxSD.dir/no-OS-FatFS-SD-SPI-RPi-Pico/FatFs_SPI/ff14a/source/ff.c.obj
 .text.find_volume
                0x0000000010008004      0x14c CMakeFiles/JukeBoxSD.dir/no-OS-FatFS-SD-SPI-RPi-Pico/FatFs_SPI/ff14a/source/ff.c.obj
 .text.mount_volume
                0x0000000010008150      0x544 CMakeFiles/JukeBoxSD.dir/no-OS-FatFS-SD-SPI-RPi-Pico/FatFs_SPI/ff14a/source/ff.c.obj
 .text.find_bitmap
                0x0000000010008694       0xa6 CMakeFiles/JukeBoxSD.dir/no-OS-FatFS-SD-SPI-RPi-Pico/FatFs_SPI/ff14a/source/ff.c.obj
 .text.change_bitmap
                0x000000001000873a       0x96 CMakeFiles/JukeBoxSD.dir/no-OS-FatFS-SD-SPI-RPi-Pico/FatFs_SPI/ff14a/source/ff.c.obj
 .text.put_fat  0x00000000100087d0      0x176 CMakeFiles/JukeBoxSD.dir/no-OS-FatFS-SD-SPI-RPi-Pico/FatFs_SPI/ff14a/source/ff.c.obj
 .text.fill_last_frag
                0x0000000010008946       0x32 CMakeFiles/JukeBoxSD.dir/no-OS-FatFS-SD-SPI-RPi-Pico/FatFs_SPI/ff14a/source/ff.c.obj
 .text.fill_first_frag
                0x0000000010008978       0x32 CMakeFiles/JukeBoxSD.dir/no-OS-FatFS-SD-SPI-RPi-Pico/FatFs_SPI/ff14a/source/ff.c.obj
 *fill*         0x00000000100089aa        0x2 
 .text.get_fat  0x00000000100089ac      0x1a8 CMakeFiles/JukeBoxSD.dir/no-OS-FatFS-SD-SPI-RPi-Pico/FatFs_SPI/ff14a/source/ff.c.obj
 .text.create_chain
                0x0000000010008b54      0x1c6 CMakeFiles/JukeBoxSD.dir/no-OS-FatFS-SD-SPI-RPi-Pico/FatFs_SPI/ff14a/source/ff.c.obj
 .text.dir_sdi  0x0000000010008d1a       0xd4 CMakeFiles/JukeBoxSD.dir/no-OS-FatFS-SD-SPI-RPi-Pico/FatFs_SPI/ff14a/source/ff.c.obj
 .text.remove_chain
                0x0000000010008dee      0x14c CMakeFiles/JukeBoxSD.dir/no-OS-FatFS-SD-SPI-RPi-Pico/FatFs_SPI/ff14a/source/ff.c.obj
 .text.dir_clear
                0x0000000010008f3a       0xf0 CMakeFiles/JukeBoxSD.dir/no-OS-FatFS-SD-SPI-RPi-Pico/FatFs_SPI/ff14a/source/ff.c.obj
 .text.dir_next
                0x000000001000902a      0x104 CMakeFiles/JukeBoxSD.dir/no-OS-FatFS-SD-SPI-RPi-Pico/FatFs_SPI/ff14a/source/ff.c.obj
 .text.load_xdir
                0x000000001000912e      0x10c CMakeFiles/JukeBoxSD.dir/no-OS-FatFS-SD-SPI-RPi-Pico/FatFs_SPI/ff14a/source/ff.c.obj
 .text.load_obj_xdir
                0x000000001000923a       0x36 CMakeFiles/JukeBoxSD.dir/no-OS-FatFS-SD-SPI-RPi-Pico/FatFs_SPI/ff14a/source/ff.c.obj
 .text.dir_read
                0x0000000010009270      0x114 CMakeFiles/JukeBoxSD.dir/no-OS-FatFS-SD-SPI-RPi-Pico/FatFs_SPI/ff14a/source/ff.c.obj
 .text.dir_alloc
                0x0000000010009384       0x70 CMakeFiles/JukeBoxSD.dir/no-OS-FatFS-SD-SPI-RPi-Pico/FatFs_SPI/ff14a/source/ff.c.obj
 .text.store_xdir
                0x00000000100093f4       0x66 CMakeFiles/JukeBoxSD.dir/no-OS-FatFS-SD-SPI-RPi-Pico/FatFs_SPI/ff14a/source/ff.c.obj
 *fill*         0x000000001000945a        0x2 
 .text.create_name
                0x000000001000945c      0x320 CMakeFiles/JukeBoxSD.dir/no-OS-FatFS-SD-SPI-RPi-Pico/FatFs_SPI/ff14a/source/ff.c.obj
 .text.xname_sum
                0x000000001000977c       0x38 CMakeFiles/JukeBoxSD.dir/no-OS-FatFS-SD-SPI-RPi-Pico/FatFs_SPI/ff14a/source/ff.c.obj
 .text.create_xdir
                0x00000000100097b4       0x90 CMakeFiles/JukeBoxSD.dir/no-OS-FatFS-SD-SPI-RPi-Pico/FatFs_SPI/ff14a/source/ff.c.obj
 .text.cmp_lfn  0x0000000010009844       0xb0 CMakeFiles/JukeBoxSD.dir/no-OS-FatFS-SD-SPI-RPi-Pico/FatFs_SPI/ff14a/source/ff.c.obj
 .text.dir_find
                0x00000000100098f4      0x18e CMakeFiles/JukeBoxSD.dir/no-OS-FatFS-SD-SPI-RPi-Pico/FatFs_SPI/ff14a/source/ff.c.obj
 .text.follow_path
                0x0000000010009a82      0x11a CMakeFiles/JukeBoxSD.dir/no-OS-FatFS-SD-SPI-RPi-Pico/FatFs_SPI/ff14a/source/ff.c.obj
 .text.dir_register
                0x0000000010009b9c      0x214 CMakeFiles/JukeBoxSD.dir/no-OS-FatFS-SD-SPI-RPi-Pico/FatFs_SPI/ff14a/source/ff.c.obj
 .text.sync_fs  0x0000000010009db0       0xa8 CMakeFiles/JukeBoxSD.dir/no-OS-FatFS-SD-SPI-RPi-Pico/FatFs_SPI/ff14a/source/ff.c.obj
 .text.f_mount  0x0000000010009e58       0x5c CMakeFiles/JukeBoxSD.dir/no-OS-FatFS-SD-SPI-RPi-Pico/FatFs_SPI/ff14a/source/ff.c.obj
                0x0000000010009e58                f_mount
 .text.f_open   0x0000000010009eb4      0x35c CMakeFiles/JukeBoxSD.dir/no-OS-FatFS-SD-SPI-RPi-Pico/FatFs_SPI/ff14a/source/ff.c.obj
                0x0000000010009eb4                f_open
 .text.f_read   0x000000001000a210      0x252 CMakeFiles/JukeBoxSD.dir/no-OS-FatFS-SD-SPI-RPi-Pico/FatFs_SPI/ff14a/source/ff.c.obj
                0x000000001000a210                f_read
 .text.f_sync   0x000000001000a462      0x17e CMakeFiles/JukeBoxSD.dir/no-OS-FatFS-SD-SPI-RPi-Pico/FatFs_SPI/ff14a/source/ff.c.obj
                0x000000001000a462                f_sync
 .text.f_close  0x000000001000a5e0       0x2e CMakeFiles/JukeBoxSD.dir/no-OS-FatFS-SD-SPI-RPi-Pico/FatFs_SPI/ff14a/source/ff.c.obj
                0x000000001000a5e0                f_close
 .text.sd_spi_deselect
                0x000000001000a60e       0x2c CMakeFiles/JukeBoxSD.dir/no-OS-FatFS-SD-SPI-RPi-Pico/FatFs_SPI/sd_driver/sd_spi.c.obj
 .text.sd_spi_select
                0x000000001000a63a       0x2c CMakeFiles/JukeBoxSD.dir/no-OS-FatFS-SD-SPI-RPi-Pico/FatFs_SPI/sd_driver/sd_spi.c.obj
 .text.sd_spi_lock
                0x000000001000a666        0xa CMakeFiles/JukeBoxSD.dir/no-OS-FatFS-SD-SPI-RPi-Pico/FatFs_SPI/sd_driver/sd_spi.c.obj
 .text.sd_spi_unlock
                0x000000001000a670        0xa CMakeFiles/JukeBoxSD.dir/no-OS-FatFS-SD-SPI-RPi-Pico/FatFs_SPI/sd_driver/sd_spi.c.obj
 *fill*         0x000000001000a67a        0x2 
 .text.sd_spi_go_high_frequency
                0x000000001000a67c       0x20 CMakeFiles/JukeBoxSD.dir/no-OS-FatFS-SD-SPI-RPi-Pico/FatFs_SPI/sd_driver/sd_spi.c.obj
                0x000000001000a67c                sd_spi_go_high_frequency
 .text.sd_spi_go_low_frequency
                0x000000001000a69c       0x24 CMakeFiles/JukeBoxSD.dir/no-OS-FatFS-SD-SPI-RPi-Pico/FatFs_SPI/sd_driver/sd_spi.c.obj
                0x000000001000a69c                sd_spi_go_low_frequency
 .text.sd_spi_deselect_pulse
                0x000000001000a6c0       0x10 CMakeFiles/JukeBoxSD.dir/no-OS-FatFS-SD-SPI-RPi-Pico/FatFs_SPI/sd_driver/sd_spi.c.obj
                0x000000001000a6c0                sd_spi_deselect_pulse
 .text.sd_spi_acquire
                0x000000001000a6d0       0x10 CMakeFiles/JukeBoxSD.dir/no-OS-FatFS-SD-SPI-RPi-Pico/FatFs_SPI/sd_driver/sd_spi.c.obj
                0x000000001000a6d0                sd_spi_acquire
 .text.sd_spi_release
                0x000000001000a6e0       0x10 CMakeFiles/JukeBoxSD.dir/no-OS-FatFS-SD-SPI-RPi-Pico/FatFs_SPI/sd_driver/sd_spi.c.obj
                0x000000001000a6e0                sd_spi_release
 .text.sd_spi_transfer
                0x000000001000a6f0        0xa CMakeFiles/JukeBoxSD.dir/no-OS-FatFS-SD-SPI-RPi-Pico/FatFs_SPI/sd_driver/sd_spi.c.obj
                0x000000001000a6f0                sd_spi_transfer
 *fill*         0x000000001000a6fa        0x2 
 .text.sd_spi_write
                0x000000001000a6fc       0x44 CMakeFiles/JukeBoxSD.dir/no-OS-FatFS-SD-SPI-RPi-Pico/FatFs_SPI/sd_driver/sd_spi.c.obj
                0x000000001000a6fc                sd_spi_write
 .text.sd_spi_send_initializing_sequence
                0x000000001000a740       0xc0 CMakeFiles/JukeBoxSD.dir/no-OS-FatFS-SD-SPI-RPi-Pico/FatFs_SPI/sd_driver/sd_spi.c.obj
                0x000000001000a740                sd_spi_send_initializing_sequence
 .text.spi_lock
                0x000000001000a800       0x30 CMakeFiles/JukeBoxSD.dir/no-OS-FatFS-SD-SPI-RPi-Pico/FatFs_SPI/sd_driver/spi.c.obj
                0x000000001000a800                spi_lock
 .text.spi_unlock
                0x000000001000a830       0x30 CMakeFiles/JukeBoxSD.dir/no-OS-FatFS-SD-SPI-RPi-Pico/FatFs_SPI/sd_driver/spi.c.obj
                0x000000001000a830                spi_unlock
 .text.my_spi_init
                0x000000001000a860      0x240 CMakeFiles/JukeBoxSD.dir/no-OS-FatFS-SD-SPI-RPi-Pico/FatFs_SPI/sd_driver/spi.c.obj
                0x000000001000a860                my_spi_init
 .text.ext_bits
                0x000000001000aaa0       0x30 CMakeFiles/JukeBoxSD.dir/no-OS-FatFS-SD-SPI-RPi-Pico/FatFs_SPI/sd_driver/sd_card.c.obj
 .text.sd_lock  0x000000001000aad0       0x30 CMakeFiles/JukeBoxSD.dir/no-OS-FatFS-SD-SPI-RPi-Pico/FatFs_SPI/sd_driver/sd_card.c.obj
 .text.sd_acquire
                0x000000001000ab00       0x10 CMakeFiles/JukeBoxSD.dir/no-OS-FatFS-SD-SPI-RPi-Pico/FatFs_SPI/sd_driver/sd_card.c.obj
 .text.sd_cmd_spi
                0x000000001000ab10       0x74 CMakeFiles/JukeBoxSD.dir/no-OS-FatFS-SD-SPI-RPi-Pico/FatFs_SPI/sd_driver/sd_card.c.obj
 .text.sd_unlock
                0x000000001000ab84       0x30 CMakeFiles/JukeBoxSD.dir/no-OS-FatFS-SD-SPI-RPi-Pico/FatFs_SPI/sd_driver/sd_card.c.obj
 .text.sd_release
                0x000000001000abb4       0x10 CMakeFiles/JukeBoxSD.dir/no-OS-FatFS-SD-SPI-RPi-Pico/FatFs_SPI/sd_driver/sd_card.c.obj
 .text.sd_wait_token
                0x000000001000abc4       0x9c CMakeFiles/JukeBoxSD.dir/no-OS-FatFS-SD-SPI-RPi-Pico/FatFs_SPI/sd_driver/sd_card.c.obj
 .text.sd_read_bytes
                0x000000001000ac60       0x90 CMakeFiles/JukeBoxSD.dir/no-OS-FatFS-SD-SPI-RPi-Pico/FatFs_SPI/sd_driver/sd_card.c.obj
 .text.sd_read_block
                0x000000001000acf0       0x8c CMakeFiles/JukeBoxSD.dir/no-OS-FatFS-SD-SPI-RPi-Pico/FatFs_SPI/sd_driver/sd_card.c.obj
 .text.sd_wait_ready
                0x000000001000ad7c       0xc0 CMakeFiles/JukeBoxSD.dir/no-OS-FatFS-SD-SPI-RPi-Pico/FatFs_SPI/sd_driver/sd_card.c.obj
 .text.sd_cmd   0x000000001000ae3c      0x2f0 CMakeFiles/JukeBoxSD.dir/no-OS-FatFS-SD-SPI-RPi-Pico/FatFs_SPI/sd_driver/sd_card.c.obj
 .text.sd_cmd8  0x000000001000b12c       0x50 CMakeFiles/JukeBoxSD.dir/no-OS-FatFS-SD-SPI-RPi-Pico/FatFs_SPI/sd_driver/sd_card.c.obj
 .text.sd_sectors_nolock
                0x000000001000b17c      0x144 CMakeFiles/JukeBoxSD.dir/no-OS-FatFS-SD-SPI-RPi-Pico/FatFs_SPI/sd_driver/sd_card.c.obj
 .text.in_sd_read_blocks
                0x000000001000b2c0       0xbc CMakeFiles/JukeBoxSD.dir/no-OS-FatFS-SD-SPI-RPi-Pico/FatFs_SPI/sd_driver/sd_card.c.obj
 .text.sd_go_idle_state
                0x000000001000b37c       0x44 CMakeFiles/JukeBoxSD.dir/no-OS-FatFS-SD-SPI-RPi-Pico/FatFs_SPI/sd_driver/sd_card.c.obj
 .text.sd_init_card2
                0x000000001000b3c0      0x188 CMakeFiles/JukeBoxSD.dir/no-OS-FatFS-SD-SPI-RPi-Pico/FatFs_SPI/sd_driver/sd_card.c.obj
 .text.sd_write_block
                0x000000001000b548       0x8c CMakeFiles/JukeBoxSD.dir/no-OS-FatFS-SD-SPI-RPi-Pico/FatFs_SPI/sd_driver/sd_card.c.obj
 .text.in_sd_write_blocks
                0x000000001000b5d4       0xf8 CMakeFiles/JukeBoxSD.dir/no-OS-FatFS-SD-SPI-RPi-Pico/FatFs_SPI/sd_driver/sd_card.c.obj
 .text.sd_card_detect
                0x000000001000b6cc       0x50 CMakeFiles/JukeBoxSD.dir/no-OS-FatFS-SD-SPI-RPi-Pico/FatFs_SPI/sd_driver/sd_card.c.obj
                0x000000001000b6cc                sd_card_detect
 .text.sd_sectors
                0x000000001000b71c       0x1e CMakeFiles/JukeBoxSD.dir/no-OS-FatFS-SD-SPI-RPi-Pico/FatFs_SPI/sd_driver/sd_card.c.obj
                0x000000001000b71c                sd_sectors
 .text.sd_read_blocks
                0x000000001000b73a       0x2e CMakeFiles/JukeBoxSD.dir/no-OS-FatFS-SD-SPI-RPi-Pico/FatFs_SPI/sd_driver/sd_card.c.obj
                0x000000001000b73a                sd_read_blocks
 .text.sd_write_blocks
                0x000000001000b768       0x2e CMakeFiles/JukeBoxSD.dir/no-OS-FatFS-SD-SPI-RPi-Pico/FatFs_SPI/sd_driver/sd_card.c.obj
                0x000000001000b768                sd_write_blocks
 *fill*         0x000000001000b796        0x2 
 .text.sd_init_driver
                0x000000001000b798       0xbc CMakeFiles/JukeBoxSD.dir/no-OS-FatFS-SD-SPI-RPi-Pico/FatFs_SPI/sd_driver/sd_card.c.obj
                0x000000001000b798                sd_init_driver
 .text.sd_init_card
                0x000000001000b854       0xfc CMakeFiles/JukeBoxSD.dir/no-OS-FatFS-SD-SPI-RPi-Pico/FatFs_SPI/sd_driver/sd_card.c.obj
                0x000000001000b854                sd_init_card
 .text.crc7     0x000000001000b950       0x20 CMakeFiles/JukeBoxSD.dir/no-OS-FatFS-SD-SPI-RPi-Pico/FatFs_SPI/sd_driver/crc.c.obj
                0x000000001000b950                crc7
 .text.crc16    0x000000001000b970       0x2c CMakeFiles/JukeBoxSD.dir/no-OS-FatFS-SD-SPI-RPi-Pico/FatFs_SPI/sd_driver/crc.c.obj
                0x000000001000b970                crc16
 .text.sdrc2dresult
                0x000000001000b99c       0x60 CMakeFiles/JukeBoxSD.dir/no-OS-FatFS-SD-SPI-RPi-Pico/FatFs_SPI/src/glue.c.obj
 .text.disk_status
                0x000000001000b9fc       0x16 CMakeFiles/JukeBoxSD.dir/no-OS-FatFS-SD-SPI-RPi-Pico/FatFs_SPI/src/glue.c.obj
                0x000000001000b9fc                disk_status
 .text.disk_initialize
                0x000000001000ba12       0x16 CMakeFiles/JukeBoxSD.dir/no-OS-FatFS-SD-SPI-RPi-Pico/FatFs_SPI/src/glue.c.obj
                0x000000001000ba12                disk_initialize
 .text.disk_read
                0x000000001000ba28       0x2e CMakeFiles/JukeBoxSD.dir/no-OS-FatFS-SD-SPI-RPi-Pico/FatFs_SPI/src/glue.c.obj
                0x000000001000ba28                disk_read
 .text.disk_write
                0x000000001000ba56       0x2e CMakeFiles/JukeBoxSD.dir/no-OS-FatFS-SD-SPI-RPi-Pico/FatFs_SPI/src/glue.c.obj
                0x000000001000ba56                disk_write
 .text.disk_ioctl
                0x000000001000ba84       0x42 CMakeFiles/JukeBoxSD.dir/no-OS-FatFS-SD-SPI-RPi-Pico/FatFs_SPI/src/glue.c.obj
                0x000000001000ba84                disk_ioctl
 *fill*         0x000000001000bac6        0x2 
 .text.FRESULT_str
                0x000000001000bac8       0xb8 CMakeFiles/JukeBoxSD.dir/no-OS-FatFS-SD-SPI-RPi-Pico/FatFs_SPI/src/f_util.c.obj
                0x000000001000bac8                FRESULT_str
 .text.my_printf
                0x000000001000bb80       0x4c CMakeFiles/JukeBoxSD.dir/no-OS-FatFS-SD-SPI-RPi-Pico/FatFs_SPI/src/my_debug.c.obj
                0x000000001000bb80                my_printf
 .text.my_assert_func
                0x000000001000bbcc       0x2c CMakeFiles/JukeBoxSD.dir/no-OS-FatFS-SD-SPI-RPi-Pico/FatFs_SPI/src/my_debug.c.obj
                0x000000001000bbcc                my_assert_func
 .text.get_fattime
                0x000000001000bbf8       0x6c CMakeFiles/JukeBoxSD.dir/no-OS-FatFS-SD-SPI-RPi-Pico/FatFs_SPI/src/rtc.c.obj
                0x000000001000bbf8                get_fattime
 .text.spi_set_baudrate
                0x000000001000bc64       0x94 CMakeFiles/JukeBoxSD.dir/mnt/c/Users/champ/Documents/Programming/pico-sdk/src/rp2_common/hardware_spi/spi.c.obj
                0x000000001000bc64                spi_set_baudrate
 .text.spi_init
                0x000000001000bcf8       0x68 CMakeFiles/JukeBoxSD.dir/mnt/c/Users/champ/Documents/Programming/pico-sdk/src/rp2_common/hardware_spi/spi.c.obj
                0x000000001000bcf8                spi_init
 .text.dma_claim_unused_channel
                0x000000001000bd60       0x20 CMakeFiles/JukeBoxSD.dir/mnt/c/Users/champ/Documents/Programming/pico-sdk/src/rp2_common/hardware_dma/dma.c.obj
                0x000000001000bd60                dma_claim_unused_channel
 .text.rtc_running
                0x000000001000bd80       0x10 CMakeFiles/JukeBoxSD.dir/mnt/c/Users/champ/Documents/Programming/pico-sdk/src/rp2_common/hardware_rtc/rtc.c.obj
                0x000000001000bd80                rtc_running
 .text.rtc_get_datetime
                0x000000001000bd90       0x48 CMakeFiles/JukeBoxSD.dir/mnt/c/Users/champ/Documents/Programming/pico-sdk/src/rp2_common/hardware_rtc/rtc.c.obj
                0x000000001000bd90                rtc_get_datetime
 .text          0x000000001000bdd8      0x1b4 /usr/lib/gcc/arm-none-eabi/9.2.1/../../../arm-none-eabi/lib/thumb/v6-m/nofp/libg.a(lib_a-fflush.o)
                0x000000001000bdd8                __sflush_r
                0x000000001000bf38                _fflush_r
                0x000000001000bf64                fflush
 .text          0x000000001000bf8c      0x220 /usr/lib/gcc/arm-none-eabi/9.2.1/../../../arm-none-eabi/lib/thumb/v6-m/nofp/libg.a(lib_a-findfp.o)
                0x000000001000bf90                _cleanup_r
                0x000000001000c08c                __sfmoreglue
                0x000000001000c0bc                __sfp
                0x000000001000c144                _cleanup
                0x000000001000c15c                __sinit
                0x000000001000c16c                __sfp_lock_acquire
                0x000000001000c170                __sfp_lock_release
                0x000000001000c174                __sinit_lock_acquire
                0x000000001000c178                __sinit_lock_release
                0x000000001000c17c                __fp_lock_all
                0x000000001000c194                __fp_unlock_all
 .text          0x000000001000c1ac      0x27c /usr/lib/gcc/arm-none-eabi/9.2.1/../../../arm-none-eabi/lib/thumb/v6-m/nofp/libg.a(lib_a-freer.o)
                0x000000001000c1ac                _malloc_trim_r
                0x000000001000c24c                _free_r
 .text          0x000000001000c428       0x90 /usr/lib/gcc/arm-none-eabi/9.2.1/../../../arm-none-eabi/lib/thumb/v6-m/nofp/libg.a(lib_a-fwalk.o)
                0x000000001000c428                _fwalk
                0x000000001000c46c                _fwalk_reent
 .text          0x000000001000c4b8       0x28 /usr/lib/gcc/arm-none-eabi/9.2.1/../../../arm-none-eabi/lib/thumb/v6-m/nofp/libg.a(lib_a-malloc.o)
                0x000000001000c4b8                malloc
                0x000000001000c4cc                free
 .text          0x000000001000c4e0      0x58c /usr/lib/gcc/arm-none-eabi/9.2.1/../../../arm-none-eabi/lib/thumb/v6-m/nofp/libg.a(lib_a-mallocr.o)
                0x000000001000c4e0                _malloc_r
 .text          0x000000001000ca6c        0x8 /usr/lib/gcc/arm-none-eabi/9.2.1/../../../arm-none-eabi/lib/thumb/v6-m/nofp/libg.a(lib_a-mlock.o)
                0x000000001000ca6c                __malloc_lock
                0x000000001000ca70                __malloc_unlock
 .text          0x000000001000ca74       0x24 /usr/lib/gcc/arm-none-eabi/9.2.1/../../../arm-none-eabi/lib/thumb/v6-m/nofp/libg.a(lib_a-sbrkr.o)
                0x000000001000ca74                _sbrk_r
 .text          0x000000001000ca98       0xa4 /usr/lib/gcc/arm-none-eabi/9.2.1/../../../arm-none-eabi/lib/thumb/v6-m/nofp/libg.a(lib_a-stdio.o)
                0x000000001000ca98                __sread
                0x000000001000cac0                __seofread
                0x000000001000cac4                __swrite
                0x000000001000cb04                __sseek
                0x000000001000cb30                __sclose
 .text          0x000000001000cb3c       0x68 /usr/lib/gcc/arm-none-eabi/9.2.1/../../../arm-none-eabi/lib/thumb/v6-m/nofp/libg.a(lib_a-strlen-stub.o)
                0x000000001000cb3c                strlen
 .text          0x000000001000cba4       0x28 /usr/lib/gcc/arm-none-eabi/9.2.1/../../../arm-none-eabi/lib/thumb/v6-m/nofp/libg.a(lib_a-writer.o)
                0x000000001000cba4                _write_r
 .text          0x000000001000cbcc       0x24 /usr/lib/gcc/arm-none-eabi/9.2.1/../../../arm-none-eabi/lib/thumb/v6-m/nofp/libg.a(lib_a-closer.o)
                0x000000001000cbcc                _close_r
 .text          0x000000001000cbf0       0xac /usr/lib/gcc/arm-none-eabi/9.2.1/../../../arm-none-eabi/lib/thumb/v6-m/nofp/libg.a(lib_a-fclose.o)
                0x000000001000cbf0                _fclose_r
                0x000000001000cc88                fclose
 .text          0x000000001000cc9c       0x28 /usr/lib/gcc/arm-none-eabi/9.2.1/../../../arm-none-eabi/lib/thumb/v6-m/nofp/libg.a(lib_a-lseekr.o)
                0x000000001000cc9c                _lseek_r
 .text          0x000000001000ccc4       0x28 /usr/lib/gcc/arm-none-eabi/9.2.1/../../../arm-none-eabi/lib/thumb/v6-m/nofp/libg.a(lib_a-readr.o)
                0x000000001000ccc4                _read_r